Archive member included to satisfy reference by file (symbol)

C:/Users/yoshi/.pico-sdk/toolchain/13_2_Rel1/bin/../lib/gcc/arm-none-eabi/13.2.1/thumb/v6-m/nofp\libgcc.a(_dvmd_tls.o)
                              CMakeFiles/Hall_Sensor_Adc.dir/C_/Users/yoshi/.pico-sdk/sdk/2.0.0/src/rp2_common/pico_divider/divider_hardware.S.obj (__aeabi_idiv0)
C:/Users/yoshi/.pico-sdk/toolchain/13_2_Rel1/bin/../lib/gcc/arm-none-eabi/13.2.1/thumb/v6-m/nofp\libg.a(libc_a-calloc.o)
                              CMakeFiles/Hall_Sensor_Adc.dir/C_/Users/yoshi/.pico-sdk/sdk/2.0.0/src/rp2_common/pico_malloc/malloc.c.obj (calloc)
C:/Users/yoshi/.pico-sdk/toolchain/13_2_Rel1/bin/../lib/gcc/arm-none-eabi/13.2.1/thumb/v6-m/nofp\libg.a(libc_a-callocr.o)
                              C:/Users/yoshi/.pico-sdk/toolchain/13_2_Rel1/bin/../lib/gcc/arm-none-eabi/13.2.1/thumb/v6-m/nofp\libg.a(libc_a-calloc.o) (_calloc_r)
C:/Users/yoshi/.pico-sdk/toolchain/13_2_Rel1/bin/../lib/gcc/arm-none-eabi/13.2.1/thumb/v6-m/nofp\libg.a(libc_a-malloc.o)
                              CMakeFiles/Hall_Sensor_Adc.dir/C_/Users/yoshi/.pico-sdk/sdk/2.0.0/src/rp2_common/pico_malloc/malloc.c.obj (malloc)
C:/Users/yoshi/.pico-sdk/toolchain/13_2_Rel1/bin/../lib/gcc/arm-none-eabi/13.2.1/thumb/v6-m/nofp\libg.a(libc_a-mallocr.o)
                              C:/Users/yoshi/.pico-sdk/toolchain/13_2_Rel1/bin/../lib/gcc/arm-none-eabi/13.2.1/thumb/v6-m/nofp\libg.a(libc_a-callocr.o) (_malloc_r)
C:/Users/yoshi/.pico-sdk/toolchain/13_2_Rel1/bin/../lib/gcc/arm-none-eabi/13.2.1/thumb/v6-m/nofp\libg.a(libc_a-mlock.o)
                              C:/Users/yoshi/.pico-sdk/toolchain/13_2_Rel1/bin/../lib/gcc/arm-none-eabi/13.2.1/thumb/v6-m/nofp\libg.a(libc_a-mallocr.o) (__malloc_lock)
C:/Users/yoshi/.pico-sdk/toolchain/13_2_Rel1/bin/../lib/gcc/arm-none-eabi/13.2.1/thumb/v6-m/nofp\libg.a(libc_a-realloc.o)
                              CMakeFiles/Hall_Sensor_Adc.dir/C_/Users/yoshi/.pico-sdk/sdk/2.0.0/src/rp2_common/pico_malloc/malloc.c.obj (realloc)
C:/Users/yoshi/.pico-sdk/toolchain/13_2_Rel1/bin/../lib/gcc/arm-none-eabi/13.2.1/thumb/v6-m/nofp\libg.a(libc_a-reallocr.o)
                              C:/Users/yoshi/.pico-sdk/toolchain/13_2_Rel1/bin/../lib/gcc/arm-none-eabi/13.2.1/thumb/v6-m/nofp\libg.a(libc_a-realloc.o) (_realloc_r)
C:/Users/yoshi/.pico-sdk/toolchain/13_2_Rel1/bin/../lib/gcc/arm-none-eabi/13.2.1/thumb/v6-m/nofp\libg.a(libc_a-ctype_.o)
                              CMakeFiles/Hall_Sensor_Adc.dir/C_/Users/yoshi/.pico-sdk/sdk/2.0.0/lib/tinyusb/src/tusb.c.obj (_ctype_)
C:/Users/yoshi/.pico-sdk/toolchain/13_2_Rel1/bin/../lib/gcc/arm-none-eabi/13.2.1/thumb/v6-m/nofp\libg.a(libc_a-memcmp.o)
                              CMakeFiles/Hall_Sensor_Adc.dir/C_/Users/yoshi/.pico-sdk/sdk/2.0.0/src/rp2_common/pico_atomic/atomic.c.obj (memcmp)
C:/Users/yoshi/.pico-sdk/toolchain/13_2_Rel1/bin/../lib/gcc/arm-none-eabi/13.2.1/thumb/v6-m/nofp\libg.a(libc_a-memmove.o)
                              C:/Users/yoshi/.pico-sdk/toolchain/13_2_Rel1/bin/../lib/gcc/arm-none-eabi/13.2.1/thumb/v6-m/nofp\libg.a(libc_a-reallocr.o) (memmove)
C:/Users/yoshi/.pico-sdk/toolchain/13_2_Rel1/bin/../lib/gcc/arm-none-eabi/13.2.1/thumb/v6-m/nofp\libg.a(libc_a-lcltime_r.o)
                              CMakeFiles/Hall_Sensor_Adc.dir/C_/Users/yoshi/.pico-sdk/sdk/2.0.0/src/common/pico_util/datetime.c.obj (localtime_r)
C:/Users/yoshi/.pico-sdk/toolchain/13_2_Rel1/bin/../lib/gcc/arm-none-eabi/13.2.1/thumb/v6-m/nofp\libg.a(libc_a-mktime.o)
                              CMakeFiles/Hall_Sensor_Adc.dir/C_/Users/yoshi/.pico-sdk/sdk/2.0.0/src/common/pico_util/datetime.c.obj (mktime)
C:/Users/yoshi/.pico-sdk/toolchain/13_2_Rel1/bin/../lib/gcc/arm-none-eabi/13.2.1/thumb/v6-m/nofp\libg.a(libc_a-month_lengths.o)
                              C:/Users/yoshi/.pico-sdk/toolchain/13_2_Rel1/bin/../lib/gcc/arm-none-eabi/13.2.1/thumb/v6-m/nofp\libg.a(libc_a-lcltime_r.o) (__month_lengths)
C:/Users/yoshi/.pico-sdk/toolchain/13_2_Rel1/bin/../lib/gcc/arm-none-eabi/13.2.1/thumb/v6-m/nofp\libg.a(libc_a-tzcalc_limits.o)
                              C:/Users/yoshi/.pico-sdk/toolchain/13_2_Rel1/bin/../lib/gcc/arm-none-eabi/13.2.1/thumb/v6-m/nofp\libg.a(libc_a-lcltime_r.o) (__tzcalc_limits)
C:/Users/yoshi/.pico-sdk/toolchain/13_2_Rel1/bin/../lib/gcc/arm-none-eabi/13.2.1/thumb/v6-m/nofp\libg.a(libc_a-tzlock.o)
                              C:/Users/yoshi/.pico-sdk/toolchain/13_2_Rel1/bin/../lib/gcc/arm-none-eabi/13.2.1/thumb/v6-m/nofp\libg.a(libc_a-lcltime_r.o) (__tz_lock)
C:/Users/yoshi/.pico-sdk/toolchain/13_2_Rel1/bin/../lib/gcc/arm-none-eabi/13.2.1/thumb/v6-m/nofp\libg.a(libc_a-tzset.o)
                              C:/Users/yoshi/.pico-sdk/toolchain/13_2_Rel1/bin/../lib/gcc/arm-none-eabi/13.2.1/thumb/v6-m/nofp\libg.a(libc_a-lcltime_r.o) (_tzset_unlocked)
C:/Users/yoshi/.pico-sdk/toolchain/13_2_Rel1/bin/../lib/gcc/arm-none-eabi/13.2.1/thumb/v6-m/nofp\libg.a(libc_a-tzset_r.o)
[...]
Memory Configuration

Name             Origin             Length             Attributes
FLASH            0x10000000         0x00200000         xr
RAM              0x20000000         0x00040000         xrw
SCRATCH_X        0x20040000         0x00001000         xrw
SCRATCH_Y        0x20041000         0x00001000         xrw
*default*        0x00000000         0xffffffff

Linker script and memory map

LOAD C:/Users/yoshi/.pico-sdk/toolchain/13_2_Rel1/bin/../lib/gcc/arm-none-eabi/13.2.1/thumb/v6-m/nofp/crti.o
LOAD C:/Users/yoshi/.pico-sdk/toolchain/13_2_Rel1/bin/../lib/gcc/arm-none-eabi/13.2.1/thumb/v6-m/nofp/crtbegin.o
LOAD C:/Users/yoshi/.pico-sdk/toolchain/13_2_Rel1/bin/../lib/gcc/arm-none-eabi/13.2.1/thumb/v6-m/nofp/crt0.o

.flash_begin    0x10000000        0x0
                0x10000000                        __flash_binary_start = .

.boot2          0x10000000      0x100
                0x10000000                        __boot2_start__ = .
 *(.boot2)
 .boot2         0x10000000      0x100 C:\Users\yoshi\AppData\Local\Temp\cckicQTr.o
                0x10000100                        __boot2_end__ = .
                0x00000001                        ASSERT (((__boot2_end__ - __boot2_start__) == 0x100), ERROR: Pico second stage bootloader must be 256 bytes in size)

.text           0x10000100     0x6644
                0x10000100                        __logical_binary_start = .
 *(.vectors)
 .vectors       0x10000100       0xd4 CMakeFiles/Hall_Sensor_Adc.dir/C_/Users/yoshi/.pico-sdk/sdk/2.0.0/src/rp2_common/pico_crt0/crt0.S.obj
                0x10000100                __VECTOR_TABLE
                0x10000100                __vectors
                0x100001c0                isr_invalid
                0x100001c0                __default_isrs_start
                0x100001c2                isr_nmi
                0x100001c4                isr_hardfault
                0x100001c6                isr_svcall
                0x100001c8                isr_pendsv
                0x100001ca                isr_systick
                0x100001cc                isr_irq23
                0x100001cc                isr_irq18
                0x100001cc                isr_irq11
                0x100001cc                isr_irq28
                0x100001cc                isr_irq19
                0x100001cc                isr_irq0
                0x100001cc                isr_irq6
                0x100001cc                isr_irq5
                0x100001cc                isr_irq12
                0x100001cc                isr_irq22
                0x100001cc                isr_irq31
                0x100001cc                isr_irq17
                0x100001cc                isr_irq27
                0x100001cc                isr_irq30
                0x100001cc                isr_irq2
                0x100001cc                isr_irq10
                0x100001cc                isr_irq8
                0x100001cc                isr_irq24
                0x100001cc                isr_irq1
                0x100001cc                isr_irq7
                0x100001cc                isr_irq21
                0x100001cc                isr_irq20
                0x100001cc                isr_irq15
                0x100001cc                isr_irq25
                0x100001cc                isr_irq13
                0x100001cc                __unhandled_user_irq
                0x100001cc                isr_irq4
                0x100001cc                isr_irq16
                0x100001cc                isr_irq29
                0x100001cc                isr_irq26
                0x100001cc                __default_isrs_end
                0x100001cc                isr_irq3
                0x100001cc                isr_irq14
                0x100001cc                isr_irq9
                0x100001d2                unhandled_user_irq_num_in_r0
 *(.binary_info_header)
 .binary_info_header
                0x100001d4       0x14 CMakeFiles/Hall_Sensor_Adc.dir/C_/Users/yoshi/.pico-sdk/sdk/2.0.0/src/rp2_common/pico_crt0/crt0.S.obj
                0x100001e8                        __binary_info_header_end = .
 *(.embedded_block)
                0x100001e8                        __embedded_block_end = .
 *(.reset)
 .reset         0x100001e8       0x9c CMakeFiles/Hall_Sensor_Adc.dir/C_/Users/yoshi/.pico-sdk/sdk/2.0.0/src/rp2_common/pico_crt0/crt0.S.obj
                0x100001e8                _entry_point
 *(.init)
 .init          0x10000284        0x4 C:/Users/yoshi/.pico-sdk/toolchain/13_2_Rel1/bin/../lib/gcc/arm-none-eabi/13.2.1/thumb/v6-m/nofp/crti.o
                0x10000284                _init
 *(EXCLUDE_FILE(*libm.a: *libc.a:*lib_a-mem*.o *libgcc.a:) .text*)
 .text.register_tm_clones
                0x10000288       0x28 C:/Users/yoshi/.pico-sdk/toolchain/13_2_Rel1/bin/../lib/gcc/arm-none-eabi/13.2.1/thumb/v6-m/nofp/crtbegin.o
 .text.frame_dummy
                0x100002b0       0x24 C:/Users/yoshi/.pico-sdk/toolchain/13_2_Rel1/bin/../lib/gcc/arm-none-eabi/13.2.1/thumb/v6-m/nofp/crtbegin.o
 .text._Z10switch_isrjm
                0x100002d4       0x7c CMakeFiles/Hall_Sensor_Adc.dir/Hall_Sensor_Adc.cpp.obj
                0x100002d4                switch_isr(unsigned int, unsigned long)
 .text.adc_gpio_init
                0x10000350       0x1e CMakeFiles/Hall_Sensor_Adc.dir/Hall_Sensor_Adc.cpp.obj
 *fill*         0x1000036e        0x2 
 .text._Z12print_outputv
                0x10000370      0x118 CMakeFiles/Hall_Sensor_Adc.dir/Hall_Sensor_Adc.cpp.obj
                0x10000370                print_output()
 .text.main     0x10000488      0x11c CMakeFiles/Hall_Sensor_Adc.dir/Hall_Sensor_Adc.cpp.obj
                0x10000488                main
 .text.gpio_set_function
                0x100005a4       0x34 CMakeFiles/Hall_Sensor_Adc.dir/C_/Users/yoshi/.pico-sdk/sdk/2.0.0/src/rp2_common/hardware_gpio/gpio.c.obj
                0x100005a4                gpio_set_function
 .text.gpio_set_pulls
                0x100005d8       0x38 CMakeFiles/Hall_Sensor_Adc.dir/C_/Users/yoshi/.pico-sdk/sdk/2.0.0/src/rp2_common/hardware_gpio/gpio.c.obj
                0x100005d8                gpio_set_pulls
 .text.gpio_set_irq_callback
                0x10000610       0x48 CMakeFiles/Hall_Sensor_Adc.dir/C_/Users/yoshi/.pico-sdk/sdk/2.0.0/src/rp2_common/hardware_gpio/gpio.c.obj
                0x10000610                gpio_set_irq_callback
 .text.gpio_acknowledge_irq
                0x10000658       0x18 CMakeFiles/Hall_Sensor_Adc.dir/C_/Users/yoshi/.pico-sdk/sdk/2.0.0/src/rp2_common/hardware_gpio/gpio.c.obj
                0x10000658                gpio_acknowledge_irq
 .text._gpio_set_irq_enabled
                0x10000670       0x38 CMakeFiles/Hall_Sensor_Adc.dir/C_/Users/yoshi/.pico-sdk/sdk/2.0.0/src/rp2_common/hardware_gpio/gpio.c.obj
 .text.gpio_set_irq_enabled
                0x100006a8       0x64 CMakeFiles/Hall_Sensor_Adc.dir/C_/Users/yoshi/.pico-sdk/sdk/2.0.0/src/rp2_common/hardware_gpio/gpio.c.obj
                0x100006a8                gpio_set_irq_enabled
 .text.gpio_set_irq_enabled_with_callback
                0x1000070c       0x28 CMakeFiles/Hall_Sensor_Adc.dir/C_/Users/yoshi/.pico-sdk/sdk/2.0.0/src/rp2_common/hardware_gpio/gpio.c.obj
                0x1000070c                gpio_set_irq_enabled_with_callback
 .text.gpio_default_irq_handler
                0x10000734       0xa0 CMakeFiles/Hall_Sensor_Adc.dir/C_/Users/yoshi/.pico-sdk/sdk/2.0.0/src/rp2_common/hardware_gpio/gpio.c.obj
 .text.gpio_set_input_enabled
                0x100007d4       0x28 CMakeFiles/Hall_Sensor_Adc.dir/C_/Users/yoshi/.pico-sdk/sdk/2.0.0/src/rp2_common/hardware_gpio/gpio.c.obj
                0x100007d4                gpio_set_input_enabled
 .text.gpio_init
                0x100007fc       0x16 CMakeFiles/Hall_Sensor_Adc.dir/C_/Users/yoshi/.pico-sdk/sdk/2.0.0/src/rp2_common/hardware_gpio/gpio.c.obj
                0x100007fc                gpio_init
 *fill*         0x10000812        0x2 
 .text.rp2040_chip_version
                0x10000814       0x54 CMakeFiles/Hall_Sensor_Adc.dir/C_/Users/yoshi/.pico-sdk/sdk/2.0.0/src/rp2040/pico_platform/platform.c.obj
                0x10000814                rp2040_chip_version
 .text.panic    0x10000868       0x30 CMakeFiles/Hall_Sensor_Adc.dir/C_/Users/yoshi/.pico-sdk/sdk/2.0.0/src/rp2_common/pico_platform_panic/panic.c.obj
                0x10000868                panic
 .text.hw_claim_lock
                0x10000898       0x18 CMakeFiles/Hall_Sensor_Adc.dir/C_/Users/yoshi/.pico-sdk/sdk/2.0.0/src/common/hardware_claim/claim.c.obj
                0x10000898                hw_claim_lock
 .text.hw_claim_unlock
                0x100008b0       0x14 CMakeFiles/Hall_Sensor_Adc.dir/C_/Users/yoshi/.pico-sdk/sdk/2.0.0/src/common/hardware_claim/claim.c.obj
                0x100008b0                hw_claim_unlock
 .text.hw_claim_or_assert
                0x100008c4       0x32 CMakeFiles/Hall_Sensor_Adc.dir/C_/Users/yoshi/.pico-sdk/sdk/2.0.0/src/common/hardware_claim/claim.c.obj
                0x100008c4                hw_claim_or_assert
 .text.hw_claim_unused_from_range
                0x100008f6       0x50 CMakeFiles/Hall_Sensor_Adc.dir/C_/Users/yoshi/.pico-sdk/sdk/2.0.0/src/common/hardware_claim/claim.c.obj
                0x100008f6                hw_claim_unused_from_range
 *fill*         0x10000946        0x2 
 .text.next_striped_spin_lock_num
                0x10000948       0x1c CMakeFiles/Hall_Sensor_Adc.dir/C_/Users/yoshi/.pico-sdk/sdk/2.0.0/src/rp2_common/hardware_sync/sync.c.obj
                0x10000948                next_striped_spin_lock_num
 .text.spin_lock_claim_unused
                0x10000964       0x24 CMakeFiles/Hall_Sensor_Adc.dir/C_/Users/yoshi/.pico-sdk/sdk/2.0.0/src/rp2_common/hardware_sync/sync.c.obj
                0x10000964                spin_lock_claim_unused
 .text.spin_locks_reset
                0x10000988       0x20 CMakeFiles/Hall_Sensor_Adc.dir/C_/Users/yoshi/.pico-sdk/sdk/2.0.0/src/rp2_common/hardware_sync_spin_lock/sync_spin_lock.c.obj
                0x10000988                spin_locks_reset
 .text.set_raw_irq_handler_and_unlock
                0x100009a8       0x28 CMakeFiles/Hall_Sensor_Adc.dir/C_/Users/yoshi/.pico-sdk/sdk/2.0.0/src/rp2_common/hardware_irq/irq.c.obj
 .text.nvic_ipr0
                0x100009d0        0x8 CMakeFiles/Hall_Sensor_Adc.dir/C_/Users/yoshi/.pico-sdk/sdk/2.0.0/src/rp2_common/hardware_irq/irq.c.obj
 .text.runtime_init_per_core_irq_priorities
                0x100009d8       0x1c CMakeFiles/Hall_Sensor_Adc.dir/C_/Users/yoshi/.pico-sdk/sdk/2.0.0/src/rp2_common/hardware_irq/irq.c.obj
                0x100009d8                runtime_init_per_core_irq_priorities
 .text.resolve_j_16
                0x100009f4       0x30 CMakeFiles/Hall_Sensor_Adc.dir/C_/Users/yoshi/.pico-sdk/sdk/2.0.0/src/rp2_common/hardware_irq/irq.c.obj
 .text.make_j_16
                0x10000a24       0x48 CMakeFiles/Hall_Sensor_Adc.dir/C_/Users/yoshi/.pico-sdk/sdk/2.0.0/src/rp2_common/hardware_irq/irq.c.obj
 .text.insert_bl_32
                0x10000a6c       0x40 CMakeFiles/Hall_Sensor_Adc.dir/C_/Users/yoshi/.pico-sdk/sdk/2.0.0/src/rp2_common/hardware_irq/irq.c.obj
 .text.irq_is_enabled
                0x10000aac       0x18 CMakeFiles/Hall_Sensor_Adc.dir/C_/Users/yoshi/.pico-sdk/sdk/2.0.0/src/rp2_common/hardware_irq/irq.c.obj
                0x10000aac                irq_is_enabled
 .text.irq_set_mask_n_enabled
                0x10000ac4       0x1c CMakeFiles/Hall_Sensor_Adc.dir/C_/Users/yoshi/.pico-sdk/sdk/2.0.0/src/rp2_common/hardware_irq/irq.c.obj
                0x10000ac4                irq_set_mask_n_enabled
 .text.irq_set_enabled
                0x10000ae0       0x14 CMakeFiles/Hall_Sensor_Adc.dir/C_/Users/yoshi/.pico-sdk/sdk/2.0.0/src/rp2_common/hardware_irq/irq.c.obj
                0x10000ae0                irq_set_enabled
 .text.irq_set_pending
                0x10000af4       0x10 CMakeFiles/Hall_Sensor_Adc.dir/C_/Users/yoshi/.pico-sdk/sdk/2.0.0/src/rp2_common/hardware_irq/irq.c.obj
                0x10000af4                irq_set_pending
 .text.irq_get_vtable_handler
                0x10000b04       0x10 CMakeFiles/Hall_Sensor_Adc.dir/C_/Users/yoshi/.pico-sdk/sdk/2.0.0/src/rp2_common/hardware_irq/irq.c.obj
                0x10000b04                irq_get_vtable_handler
 .text.irq_has_shared_handler
                0x10000b14       0x24 CMakeFiles/Hall_Sensor_Adc.dir/C_/Users/yoshi/.pico-sdk/sdk/2.0.0/src/rp2_common/hardware_irq/irq.c.obj
                0x10000b14                irq_has_shared_handler
 .text.irq_set_exclusive_handler
                0x10000b38       0x54 CMakeFiles/Hall_Sensor_Adc.dir/C_/Users/yoshi/.pico-sdk/sdk/2.0.0/src/rp2_common/hardware_irq/irq.c.obj
                0x10000b38                irq_set_exclusive_handler
 .text.irq_add_shared_handler
                0x10000b8c      0x218 CMakeFiles/Hall_Sensor_Adc.dir/C_/Users/yoshi/.pico-sdk/sdk/2.0.0/src/rp2_common/hardware_irq/irq.c.obj
                0x10000b8c                irq_add_shared_handler
 .text.irq_remove_handler
                0x10000da4      0x18c CMakeFiles/Hall_Sensor_Adc.dir/C_/Users/yoshi/.pico-sdk/sdk/2.0.0/src/rp2_common/hardware_irq/irq.c.obj
                0x10000da4                irq_remove_handler
 .text.irq_add_tail_to_free_list
                0x10000f30       0xf4 CMakeFiles/Hall_Sensor_Adc.dir/C_/Users/yoshi/.pico-sdk/sdk/2.0.0/src/rp2_common/hardware_irq/irq.c.obj
                0x10000f30                irq_add_tail_to_free_list
 .text.user_irq_claim_unused
                0x10001024       0x2c CMakeFiles/Hall_Sensor_Adc.dir/C_/Users/yoshi/.pico-sdk/sdk/2.0.0/src/rp2_common/hardware_irq/irq.c.obj
                0x10001024                user_irq_claim_unused
 .text.lock_init
                0x10001050       0x10 CMakeFiles/Hall_Sensor_Adc.dir/C_/Users/yoshi/.pico-sdk/sdk/2.0.0/src/common/pico_sync/lock_core.c.obj
                0x10001050                lock_init
 .text.mutex_init
                0x10001060       0x1a CMakeFiles/Hall_Sensor_Adc.dir/C_/Users/yoshi/.pico-sdk/sdk/2.0.0/src/common/pico_sync/mutex.c.obj
                0x10001060                mutex_init
 .text.recursive_mutex_init
                0x1000107a       0x1e CMakeFiles/Hall_Sensor_Adc.dir/C_/Users/yoshi/.pico-sdk/sdk/2.0.0/src/common/pico_sync/mutex.c.obj
                0x1000107a                recursive_mutex_init
 .text.runtime_init_mutex
                0x10001098       0x4c CMakeFiles/Hall_Sensor_Adc.dir/C_/Users/yoshi/.pico-sdk/sdk/2.0.0/src/common/pico_sync/mutex.c.obj
                0x10001098                runtime_init_mutex
 .text.critical_section_init_with_lock_num
                0x100010e4       0x14 CMakeFiles/Hall_Sensor_Adc.dir/C_/Users/yoshi/.pico-sdk/sdk/2.0.0/src/common/pico_sync/critical_section.c.obj
                0x100010e4                critical_section_init_with_lock_num
 .text.critical_section_init
                0x100010f8       0x14 CMakeFiles/Hall_Sensor_Adc.dir/C_/Users/yoshi/.pico-sdk/sdk/2.0.0/src/common/pico_sync/critical_section.c.obj
                0x100010f8                critical_section_init
 .text.make_alarm_id
                0x1000110c        0x6 CMakeFiles/Hall_Sensor_Adc.dir/C_/Users/yoshi/.pico-sdk/sdk/2.0.0/src/common/pico_time/time.c.obj
 *fill*         0x10001112        0x2 
 .text.sleep_until_callback
                0x10001114       0x30 CMakeFiles/Hall_Sensor_Adc.dir/C_/Users/yoshi/.pico-sdk/sdk/2.0.0/src/common/pico_time/time.c.obj
 .text.alarm_pool_irq_handler
                0x10001144      0x2e0 CMakeFiles/Hall_Sensor_Adc.dir/C_/Users/yoshi/.pico-sdk/sdk/2.0.0/src/common/pico_time/time.c.obj
 .text.ta_enable_irq_handler
                0x10001424       0x2c CMakeFiles/Hall_Sensor_Adc.dir/C_/Users/yoshi/.pico-sdk/sdk/2.0.0/src/common/pico_time/time.c.obj
 .text.alarm_pool_post_alloc_init
                0x10001450       0x78 CMakeFiles/Hall_Sensor_Adc.dir/C_/Users/yoshi/.pico-sdk/sdk/2.0.0/src/common/pico_time/time.c.obj
 .text.alarm_pool_get_default
                0x100014c8       0x2c CMakeFiles/Hall_Sensor_Adc.dir/C_/Users/yoshi/.pico-sdk/sdk/2.0.0/src/common/pico_time/time.c.obj
                0x100014c8                alarm_pool_get_default
 .text.alarm_pool_add_alarm_at_force_in_context
                0x100014f4       0xa4 CMakeFiles/Hall_Sensor_Adc.dir/C_/Users/yoshi/.pico-sdk/sdk/2.0.0/src/common/pico_time/time.c.obj
                0x100014f4                alarm_pool_add_alarm_at_force_in_context
 .text.alarm_pool_add_alarm_at
                0x10001598       0x3c CMakeFiles/Hall_Sensor_Adc.dir/C_/Users/yoshi/.pico-sdk/sdk/2.0.0/src/common/pico_time/time.c.obj
                0x10001598                alarm_pool_add_alarm_at
 .text.add_alarm_at
                0x100015d4       0x2e CMakeFiles/Hall_Sensor_Adc.dir/C_/Users/yoshi/.pico-sdk/sdk/2.0.0/src/common/pico_time/time.c.obj
 *fill*         0x10001602        0x2 
 .text.alarm_pool_cancel_alarm
                0x10001604       0x78 CMakeFiles/Hall_Sensor_Adc.dir/C_/Users/yoshi/.pico-sdk/sdk/2.0.0/src/common/pico_time/time.c.obj
                0x10001604                alarm_pool_cancel_alarm
 .text.cancel_alarm
                0x1000167c       0x10 CMakeFiles/Hall_Sensor_Adc.dir/C_/Users/yoshi/.pico-sdk/sdk/2.0.0/src/common/pico_time/time.c.obj
 .text.alarm_pool_core_num
                0x1000168c        0x4 CMakeFiles/Hall_Sensor_Adc.dir/C_/Users/yoshi/.pico-sdk/sdk/2.0.0/src/common/pico_time/time.c.obj
                0x1000168c                alarm_pool_core_num
 .text.best_effort_wfe_or_timeout
                0x10001690       0xc4 CMakeFiles/Hall_Sensor_Adc.dir/C_/Users/yoshi/.pico-sdk/sdk/2.0.0/src/common/pico_time/time.c.obj
                0x10001690                best_effort_wfe_or_timeout
 .text.alarm_pool_get_default_timer
                0x10001754        0x8 CMakeFiles/Hall_Sensor_Adc.dir/C_/Users/yoshi/.pico-sdk/sdk/2.0.0/src/common/pico_time/time.c.obj
                0x10001754                alarm_pool_get_default_timer
 .text.runtime_init_default_alarm_pool
                0x1000175c       0x38 CMakeFiles/Hall_Sensor_Adc.dir/C_/Users/yoshi/.pico-sdk/sdk/2.0.0/src/common/pico_time/time.c.obj
                0x1000175c                runtime_init_default_alarm_pool
 .text.timer_hardware_alarm_claim
                0x10001794       0x14 CMakeFiles/Hall_Sensor_Adc.dir/C_/Users/yoshi/.pico-sdk/sdk/2.0.0/src/rp2_common/hardware_timer/timer.c.obj
                0x10001794                timer_hardware_alarm_claim
 .text.timer_time_us_64
                0x100017a8       0x10 CMakeFiles/Hall_Sensor_Adc.dir/C_/Users/yoshi/.pico-sdk/sdk/2.0.0/src/rp2_common/hardware_timer/timer.c.obj
                0x100017a8                timer_time_us_64
 .text.time_us_64
                0x100017b8       0x10 CMakeFiles/Hall_Sensor_Adc.dir/C_/Users/yoshi/.pico-sdk/sdk/2.0.0/src/rp2_common/hardware_timer/timer.c.obj
                0x100017b8                time_us_64
 .text.clock_configure_internal
                0x100017c8       0xc4 CMakeFiles/Hall_Sensor_Adc.dir/C_/Users/yoshi/.pico-sdk/sdk/2.0.0/src/rp2_common/hardware_clocks/clocks.c.obj
 .text.clock_configure_int_divider
                0x1000188c       0x28 CMakeFiles/Hall_Sensor_Adc.dir/C_/Users/yoshi/.pico-sdk/sdk/2.0.0/src/rp2_common/hardware_clocks/clocks.c.obj
                0x1000188c                clock_configure_int_divider
 .text.clock_configure_undivided
                0x100018b4       0x12 CMakeFiles/Hall_Sensor_Adc.dir/C_/Users/yoshi/.pico-sdk/sdk/2.0.0/src/rp2_common/hardware_clocks/clocks.c.obj
                0x100018b4                clock_configure_undivided
 *fill*         0x100018c6        0x2 
 .text.clock_get_hz
                0x100018c8        0xc CMakeFiles/Hall_Sensor_Adc.dir/C_/Users/yoshi/.pico-sdk/sdk/2.0.0/src/rp2_common/hardware_clocks/clocks.c.obj
                0x100018c8                clock_get_hz
 .text.pll_init
                0x100018d4      0x124 CMakeFiles/Hall_Sensor_Adc.dir/C_/Users/yoshi/.pico-sdk/sdk/2.0.0/src/rp2_common/hardware_pll/pll.c.obj
                0x100018d4                pll_init
 .text.watchdog_update
                0x100019f8       0x14 CMakeFiles/Hall_Sensor_Adc.dir/C_/Users/yoshi/.pico-sdk/sdk/2.0.0/src/rp2_common/hardware_watchdog/watchdog.c.obj
                0x100019f8                watchdog_update
 .text._watchdog_enable
                0x10001a0c       0x7c CMakeFiles/Hall_Sensor_Adc.dir/C_/Users/yoshi/.pico-sdk/sdk/2.0.0/src/rp2_common/hardware_watchdog/watchdog.c.obj
                0x10001a0c                _watchdog_enable
 .text.watchdog_reboot
                0x10001a88       0x48 CMakeFiles/Hall_Sensor_Adc.dir/C_/Users/yoshi/.pico-sdk/sdk/2.0.0/src/rp2_common/hardware_watchdog/watchdog.c.obj
                0x10001a88                watchdog_reboot
 .text.tick_start
                0x10001ad0       0x10 CMakeFiles/Hall_Sensor_Adc.dir/C_/Users/yoshi/.pico-sdk/sdk/2.0.0/src/rp2_common/hardware_ticks/ticks.c.obj
                0x10001ad0                tick_start
 .text.xosc_init
                0x10001ae0       0x28 CMakeFiles/Hall_Sensor_Adc.dir/C_/Users/yoshi/.pico-sdk/sdk/2.0.0/src/rp2_common/hardware_xosc/xosc.c.obj
                0x10001ae0                xosc_init
 .text.runtime_run_initializers_from
                0x10001b08       0x18 CMakeFiles/Hall_Sensor_Adc.dir/C_/Users/yoshi/.pico-sdk/sdk/2.0.0/src/rp2_common/pico_runtime/runtime.c.obj
 .text.first_per_core_initializer
                0x10001b20        0x2 CMakeFiles/Hall_Sensor_Adc.dir/C_/Users/yoshi/.pico-sdk/sdk/2.0.0/src/rp2_common/pico_runtime/runtime.c.obj
 *fill*         0x10001b22        0x2 
 .text.runtime_run_initializers
                0x10001b24       0x10 CMakeFiles/Hall_Sensor_Adc.dir/C_/Users/yoshi/.pico-sdk/sdk/2.0.0/src/rp2_common/pico_runtime/runtime.c.obj
                0x10001b24                runtime_run_initializers
 .text.runtime_init_early_resets
                0x10001b34       0x2c CMakeFiles/Hall_Sensor_Adc.dir/C_/Users/yoshi/.pico-sdk/sdk/2.0.0/src/rp2_common/pico_runtime_init/runtime_init.c.obj
                0x10001b34                runtime_init_early_resets
 .text.runtime_init_usb_power_down
                0x10001b60       0x1c CMakeFiles/Hall_Sensor_Adc.dir/C_/Users/yoshi/.pico-sdk/sdk/2.0.0/src/rp2_common/pico_runtime_init/runtime_init.c.obj
                0x10001b60                runtime_init_usb_power_down
 .text.runtime_init_post_clock_resets
                0x10001b7c       0x20 CMakeFiles/Hall_Sensor_Adc.dir/C_/Users/yoshi/.pico-sdk/sdk/2.0.0/src/rp2_common/pico_runtime_init/runtime_init.c.obj
                0x10001b7c                runtime_init_post_clock_resets
 .text.runtime_init_rp2040_gpio_ie_disable
                0x10001b9c       0x14 CMakeFiles/Hall_Sensor_Adc.dir/C_/Users/yoshi/.pico-sdk/sdk/2.0.0/src/rp2_common/pico_runtime_init/runtime_init.c.obj
                0x10001b9c                runtime_init_rp2040_gpio_ie_disable
 .text.runtime_init_spin_locks_reset
                0x10001bb0        0x8 CMakeFiles/Hall_Sensor_Adc.dir/C_/Users/yoshi/.pico-sdk/sdk/2.0.0/src/rp2_common/pico_runtime_init/runtime_init.c.obj
                0x10001bb0                runtime_init_spin_locks_reset
 .text.runtime_init_install_ram_vector_table
                0x10001bb8       0x1c CMakeFiles/Hall_Sensor_Adc.dir/C_/Users/yoshi/.pico-sdk/sdk/2.0.0/src/rp2_common/pico_runtime_init/runtime_init.c.obj
                0x10001bb8                runtime_init_install_ram_vector_table
 .text.start_all_ticks
                0x10001bd4       0x28 CMakeFiles/Hall_Sensor_Adc.dir/C_/Users/yoshi/.pico-sdk/sdk/2.0.0/src/rp2_common/pico_runtime_init/runtime_init_clocks.c.obj
 .text.runtime_init_clocks
                0x10001bfc       0xcc CMakeFiles/Hall_Sensor_Adc.dir/C_/Users/yoshi/.pico-sdk/sdk/2.0.0/src/rp2_common/pico_runtime_init/runtime_init_clocks.c.obj
                0x10001bfc                runtime_init_clocks
 .text          0x10001cc8       0x10 CMakeFiles/Hall_Sensor_Adc.dir/C_/Users/yoshi/.pico-sdk/sdk/2.0.0/src/rp2_common/pico_bit_ops/bit_ops_aeabi.S.obj
 .text.rom_func_lookup
                0x10001cd8       0x10 CMakeFiles/Hall_Sensor_Adc.dir/C_/Users/yoshi/.pico-sdk/sdk/2.0.0/src/rp2_common/pico_bootrom/bootrom.c.obj
                0x10001cd8                rom_func_lookup
 .text.rom_data_lookup
                0x10001ce8       0x10 CMakeFiles/Hall_Sensor_Adc.dir/C_/Users/yoshi/.pico-sdk/sdk/2.0.0/src/rp2_common/pico_bootrom/bootrom.c.obj
                0x10001ce8                rom_data_lookup
 .text.rom_funcs_lookup
                0x10001cf8       0x36 CMakeFiles/Hall_Sensor_Adc.dir/C_/Users/yoshi/.pico-sdk/sdk/2.0.0/src/rp2_common/pico_bootrom/bootrom.c.obj
                0x10001cf8                rom_funcs_lookup
 *fill*         0x10001d2e        0x2 
 .text.rom_reset_usb_boot
                0x10001d30       0x18 CMakeFiles/Hall_Sensor_Adc.dir/C_/Users/yoshi/.pico-sdk/sdk/2.0.0/src/rp2_common/pico_bootrom/bootrom.c.obj
                0x10001d30                rom_reset_usb_boot
 .text.__wrap___aeabi_idiv
                0x10001d48       0x50 CMakeFiles/Hall_Sensor_Adc.dir/C_/Users/yoshi/.pico-sdk/sdk/2.0.0/src/rp2_common/pico_divider/divider_hardware.S.obj
                0x10001d48                __wrap___aeabi_idivmod
                0x10001d48                divmod_s32s32
                0x10001d48                div_s32s32
                0x10001d48                __wrap___aeabi_idiv
                0x10001d50                divmod_s32s32_unsafe
                0x10001d7c                divmod_s32s32_savestate
 .text.__wrap___aeabi_uidiv
                0x10001d98       0x4c CMakeFiles/Hall_Sensor_Adc.dir/C_/Users/yoshi/.pico-sdk/sdk/2.0.0/src/rp2_common/pico_divider/divider_hardware.S.obj
                0x10001d98                __wrap___aeabi_uidiv
                0x10001d98                __wrap___aeabi_uidivmod
                0x10001d98                div_u32u32
                0x10001d98                divmod_u32u32
                0x10001da0                divmod_u32u32_unsafe
                0x10001dc8                divmod_u32u32_savestate
 .text.__wrap___aeabi_ldiv
                0x10001de4      0x424 CMakeFiles/Hall_Sensor_Adc.dir/C_/Users/yoshi/.pico-sdk/sdk/2.0.0/src/rp2_common/pico_divider/divider_hardware.S.obj
                0x10001de4                div_s64s64
                0x10001de4                divmod_s64s64
                0x10001de4                __wrap___aeabi_ldivmod
                0x10001e14                divmod_u64u64
                0x10001e14                div_u64u64
                0x10001e14                __wrap___aeabi_uldivmod
                0x10001e24                divmod_u64u64_savestate
                0x10001e44                divmod_s64s64_unsafe
                0x10001ecc                divmod_u64u64_unsafe
 .text.__wrap___aeabi_darithmetic
                0x10002208       0x60 CMakeFiles/Hall_Sensor_Adc.dir/C_/Users/yoshi/.pico-sdk/sdk/2.0.0/src/rp2_common/pico_double/double_aeabi_rp2040.S.obj
                0x10002208                __wrap___aeabi_drsub
                0x1000220e                __wrap___aeabi_dsub
                0x10002218                __wrap___aeabi_dadd
                0x10002222                __wrap___aeabi_ddiv
                0x10002256                __wrap___aeabi_dmul
 .text.__wrap___aeabi_cdcmple
                0x10002268       0x6c CMakeFiles/Hall_Sensor_Adc.dir/C_/Users/yoshi/.pico-sdk/sdk/2.0.0/src/rp2_common/pico_double/double_aeabi_rp2040.S.obj
                0x10002268                __wrap___aeabi_cdrcmple
                0x10002278                __wrap___aeabi_cdcmpeq
                0x10002278                __wrap___aeabi_cdcmple
 .text.__wrap___aeabi_dcmpeq
                0x100022d4       0x10 CMakeFiles/Hall_Sensor_Adc.dir/C_/Users/yoshi/.pico-sdk/sdk/2.0.0/src/rp2_common/pico_double/double_aeabi_rp2040.S.obj
                0x100022d4                __wrap___aeabi_dcmpeq
 .text.__wrap___aeabi_dcmplt
                0x100022e4        0xc CMakeFiles/Hall_Sensor_Adc.dir/C_/Users/yoshi/.pico-sdk/sdk/2.0.0/src/rp2_common/pico_double/double_aeabi_rp2040.S.obj
                0x100022e4                __wrap___aeabi_dcmplt
 .text.__wrap___aeabi_dcmple
                0x100022f0       0x10 CMakeFiles/Hall_Sensor_Adc.dir/C_/Users/yoshi/.pico-sdk/sdk/2.0.0/src/rp2_common/pico_double/double_aeabi_rp2040.S.obj
                0x100022f0                __wrap___aeabi_dcmple
 .text.__wrap___aeabi_dcmpge
                0x10002300       0x10 CMakeFiles/Hall_Sensor_Adc.dir/C_/Users/yoshi/.pico-sdk/sdk/2.0.0/src/rp2_common/pico_double/double_aeabi_rp2040.S.obj
                0x10002300                __wrap___aeabi_dcmpge
 .text.__wrap___aeabi_dcmpgt
                0x10002310        0xa CMakeFiles/Hall_Sensor_Adc.dir/C_/Users/yoshi/.pico-sdk/sdk/2.0.0/src/rp2_common/pico_double/double_aeabi_rp2040.S.obj
                0x10002310                __wrap___aeabi_dcmpgt
 .text.__wrap___aeabi_dcmpun
                0x1000231a       0x18 CMakeFiles/Hall_Sensor_Adc.dir/C_/Users/yoshi/.pico-sdk/sdk/2.0.0/src/rp2_common/pico_double/double_aeabi_rp2040.S.obj
                0x1000231a                __wrap___aeabi_dcmpun
 *fill*         0x10002332        0x2 
 .text.__wrap___aeabi_i2d
                0x10002334       0x38 CMakeFiles/Hall_Sensor_Adc.dir/C_/Users/yoshi/.pico-sdk/sdk/2.0.0/src/rp2_common/pico_double/double_aeabi_rp2040.S.obj
                0x10002334                __wrap___aeabi_ui2d
                0x1000233c                __wrap___aeabi_i2d
 .text.__wrap___aeabi_d2iz
                0x1000236c       0x48 CMakeFiles/Hall_Sensor_Adc.dir/C_/Users/yoshi/.pico-sdk/sdk/2.0.0/src/rp2_common/pico_double/double_aeabi_rp2040.S.obj
                0x1000236c                double2int_z
                0x1000236c                __wrap___aeabi_d2iz
 .text.__wrap___aeabi_d2uiz
                0x100023b4       0x10 CMakeFiles/Hall_Sensor_Adc.dir/C_/Users/yoshi/.pico-sdk/sdk/2.0.0/src/rp2_common/pico_double/double_aeabi_rp2040.S.obj
                0x100023b4                __wrap___aeabi_d2uiz
                0x100023b4                double2uint
 .text.__wrap___aeabi_ul2d
                0x100023c4       0x10 CMakeFiles/Hall_Sensor_Adc.dir/C_/Users/yoshi/.pico-sdk/sdk/2.0.0/src/rp2_common/pico_double/double_aeabi_rp2040.S.obj
                0x100023c4                __wrap___aeabi_ul2d
 .text.__wrap___aeabi_d2f
                0x100023d4       0x10 CMakeFiles/Hall_Sensor_Adc.dir/C_/Users/yoshi/.pico-sdk/sdk/2.0.0/src/rp2_common/pico_double/double_aeabi_rp2040.S.obj
                0x100023d4                __wrap___aeabi_d2f
 .text.missing_double_func_shim
                0x100023e4        0xc CMakeFiles/Hall_Sensor_Adc.dir/C_/Users/yoshi/.pico-sdk/sdk/2.0.0/src/rp2_common/pico_double/double_init_rom_rp2040.c.obj
 .text.__aeabi_double_init
                0x100023f0       0xd0 CMakeFiles/Hall_Sensor_Adc.dir/C_/Users/yoshi/.pico-sdk/sdk/2.0.0/src/rp2_common/pico_double/double_init_rom_rp2040.c.obj
                0x100023f0                __aeabi_double_init
 .text.double_table_shim_on_use_helper
                0x100024c0       0x34 CMakeFiles/Hall_Sensor_Adc.dir/C_/Users/yoshi/.pico-sdk/sdk/2.0.0/src/rp2_common/pico_double/double_v1_rom_shim_rp2040.S.obj
                0x100024c0                double_table_shim_on_use_helper
 .text.__aeabi_lmul
                0x100024f4       0x32 CMakeFiles/Hall_Sensor_Adc.dir/C_/Users/yoshi/.pico-sdk/sdk/2.0.0/src/rp2_common/pico_int64_ops/pico_int64_ops_aeabi.S.obj
                0x100024f4                __wrap___aeabi_lmul
 *fill*         0x10002526        0x2 
 .text.__wrap___aeabi_farithmetic
                0x10002528       0x48 CMakeFiles/Hall_Sensor_Adc.dir/C_/Users/yoshi/.pico-sdk/sdk/2.0.0/src/rp2_common/pico_float/float_aeabi_rp2040.S.obj
                0x10002528                __wrap___aeabi_frsub
                0x1000252e                __wrap___aeabi_fsub
                0x10002534                __wrap___aeabi_fadd
                0x1000253a                __wrap___aeabi_fdiv
                0x10002562                __wrap___aeabi_fmul
 .text.__wrap___aeabi_f2d
                0x10002570        0xc CMakeFiles/Hall_Sensor_Adc.dir/C_/Users/yoshi/.pico-sdk/sdk/2.0.0/src/rp2_common/pico_float/float_aeabi_rp2040.S.obj
                0x10002570                __wrap___aeabi_f2d
 .text.missing_float_func_shim
                0x1000257c        0xc CMakeFiles/Hall_Sensor_Adc.dir/C_/Users/yoshi/.pico-sdk/sdk/2.0.0/src/rp2_common/pico_float/float_init_rom_rp2040.c.obj
 .text.__aeabi_float_init
                0x10002588       0x88 CMakeFiles/Hall_Sensor_Adc.dir/C_/Users/yoshi/.pico-sdk/sdk/2.0.0/src/rp2_common/pico_float/float_init_rom_rp2040.c.obj
                0x10002588                __aeabi_float_init
 .text          0x10002610       0x10 CMakeFiles/Hall_Sensor_Adc.dir/C_/Users/yoshi/.pico-sdk/sdk/2.0.0/src/rp2_common/pico_mem_ops/mem_ops_aeabi.S.obj
                0x10002610                __aeabi_mem_init
 .text.memset   0x10002620        0xc CMakeFiles/Hall_Sensor_Adc.dir/C_/Users/yoshi/.pico-sdk/sdk/2.0.0/src/rp2_common/pico_mem_ops/mem_ops_aeabi.S.obj
                0x10002620                __wrap_memset
 .text.memcpy   0x1000262c        0xc CMakeFiles/Hall_Sensor_Adc.dir/C_/Users/yoshi/.pico-sdk/sdk/2.0.0/src/rp2_common/pico_mem_ops/mem_ops_aeabi.S.obj
                0x1000262c                __wrap_memcpy
                0x1000262c                __wrap___aeabi_memcpy
 .text._out_null
                0x10002638        0x2 CMakeFiles/Hall_Sensor_Adc.dir/C_/Users/yoshi/.pico-sdk/sdk/2.0.0/src/rp2_common/pico_printf/printf.c.obj
 .text._out_fct
                0x1000263a        0xe CMakeFiles/Hall_Sensor_Adc.dir/C_/Users/yoshi/.pico-sdk/sdk/2.0.0/src/rp2_common/pico_printf/printf.c.obj
 .text._atoi    0x10002648       0x24 CMakeFiles/Hall_Sensor_Adc.dir/C_/Users/yoshi/.pico-sdk/sdk/2.0.0/src/rp2_common/pico_printf/printf.c.obj
 .text._out_rev
                0x1000266c       0xae CMakeFiles/Hall_Sensor_Adc.dir/C_/Users/yoshi/.pico-sdk/sdk/2.0.0/src/rp2_common/pico_printf/printf.c.obj
 .text._ntoa_format
                0x1000271a      0x110 CMakeFiles/Hall_Sensor_Adc.dir/C_/Users/yoshi/.pico-sdk/sdk/2.0.0/src/rp2_common/pico_printf/printf.c.obj
 .text._ntoa_long
                0x1000282a       0xbc CMakeFiles/Hall_Sensor_Adc.dir/C_/Users/yoshi/.pico-sdk/sdk/2.0.0/src/rp2_common/pico_printf/printf.c.obj
 .text._ntoa_long_long
                0x100028e6      0x10e CMakeFiles/Hall_Sensor_Adc.dir/C_/Users/yoshi/.pico-sdk/sdk/2.0.0/src/rp2_common/pico_printf/printf.c.obj
 .text._etoa    0x100029f4      0x420 CMakeFiles/Hall_Sensor_Adc.dir/C_/Users/yoshi/.pico-sdk/sdk/2.0.0/src/rp2_common/pico_printf/printf.c.obj
 .text._ftoa    0x10002e14      0x354 CMakeFiles/Hall_Sensor_Adc.dir/C_/Users/yoshi/.pico-sdk/sdk/2.0.0/src/rp2_common/pico_printf/printf.c.obj
 .text._vsnprintf
                0x10003168      0x668 CMakeFiles/Hall_Sensor_Adc.dir/C_/Users/yoshi/.pico-sdk/sdk/2.0.0/src/rp2_common/pico_printf/printf.c.obj
 .text.vfctprintf
                0x100037d0       0x20 CMakeFiles/Hall_Sensor_Adc.dir/C_/Users/yoshi/.pico-sdk/sdk/2.0.0/src/rp2_common/pico_printf/printf.c.obj
                0x100037d0                vfctprintf
 .text._exit    0x100037f0        0x4 CMakeFiles/Hall_Sensor_Adc.dir/C_/Users/yoshi/.pico-sdk/sdk/2.0.0/src/rp2_common/pico_clib_interface/newlib_interface.c.obj
                0x100037f0                _exit
 .text.exit     0x100037f4        0x6 CMakeFiles/Hall_Sensor_Adc.dir/C_/Users/yoshi/.pico-sdk/sdk/2.0.0/src/rp2_common/pico_clib_interface/newlib_interface.c.obj
                0x100037f4                exit
 *fill*         0x100037fa        0x2 
 .text.__assert_func
                0x100037fc       0x38 CMakeFiles/Hall_Sensor_Adc.dir/C_/Users/yoshi/.pico-sdk/sdk/2.0.0/src/rp2_common/pico_clib_interface/newlib_interface.c.obj
                0x100037fc                __assert_func
 .text.runtime_init
                0x10003834       0x28 CMakeFiles/Hall_Sensor_Adc.dir/C_/Users/yoshi/.pico-sdk/sdk/2.0.0/src/rp2_common/pico_clib_interface/newlib_interface.c.obj
                0x10003834                runtime_init
 .text.stdio_out_chars_no_crlf
                0x1000385c        0xe CMakeFiles/Hall_Sensor_Adc.dir/C_/Users/yoshi/.pico-sdk/sdk/2.0.0/src/rp2_common/pico_stdio/stdio.c.obj
 *fill*         0x1000386a        0x2 
 .text.stdio_out_chars_crlf
                0x1000386c       0x80 CMakeFiles/Hall_Sensor_Adc.dir/C_/Users/yoshi/.pico-sdk/sdk/2.0.0/src/rp2_common/pico_stdio/stdio.c.obj
 .text.stdio_stack_buffer_flush
                0x100038ec       0x44 CMakeFiles/Hall_Sensor_Adc.dir/C_/Users/yoshi/.pico-sdk/sdk/2.0.0/src/rp2_common/pico_stdio/stdio.c.obj
 .text.stdio_buffered_printer
                0x10003930       0x20 CMakeFiles/Hall_Sensor_Adc.dir/C_/Users/yoshi/.pico-sdk/sdk/2.0.0/src/rp2_common/pico_stdio/stdio.c.obj
 .text.stdout_serialize_begin
                0x10003950       0x30 CMakeFiles/Hall_Sensor_Adc.dir/C_/Users/yoshi/.pico-sdk/sdk/2.0.0/src/rp2_common/pico_stdio/stdio.c.obj
                0x10003950                stdout_serialize_begin
 .text.stdout_serialize_end
                0x10003980       0x10 CMakeFiles/Hall_Sensor_Adc.dir/C_/Users/yoshi/.pico-sdk/sdk/2.0.0/src/rp2_common/pico_stdio/stdio.c.obj
                0x10003980                stdout_serialize_end
 .text.stdio_put_string
                0x10003990       0x94 CMakeFiles/Hall_Sensor_Adc.dir/C_/Users/yoshi/.pico-sdk/sdk/2.0.0/src/rp2_common/pico_stdio/stdio.c.obj
                0x10003990                stdio_put_string
 .text.stdio_set_driver_enabled
                0x10003a24       0x2c CMakeFiles/Hall_Sensor_Adc.dir/C_/Users/yoshi/.pico-sdk/sdk/2.0.0/src/rp2_common/pico_stdio/stdio.c.obj
                0x10003a24                stdio_set_driver_enabled
 .text.stdio_flush
                0x10003a50       0x20 CMakeFiles/Hall_Sensor_Adc.dir/C_/Users/yoshi/.pico-sdk/sdk/2.0.0/src/rp2_common/pico_stdio/stdio.c.obj
                0x10003a50                stdio_flush
 .text.stdio_init_all
                0x10003a70        0x8 CMakeFiles/Hall_Sensor_Adc.dir/C_/Users/yoshi/.pico-sdk/sdk/2.0.0/src/rp2_common/pico_stdio/stdio.c.obj
                0x10003a70                stdio_init_all
 .text.__wrap_puts
                0x10003a78       0x1e CMakeFiles/Hall_Sensor_Adc.dir/C_/Users/yoshi/.pico-sdk/sdk/2.0.0/src/rp2_common/pico_stdio/stdio.c.obj
                0x10003a78                stdio_puts
                0x10003a78                __wrap_puts
 *fill*         0x10003a96        0x2 
 .text.__wrap_vprintf
                0x10003a98       0x40 CMakeFiles/Hall_Sensor_Adc.dir/C_/Users/yoshi/.pico-sdk/sdk/2.0.0/src/rp2_common/pico_stdio/stdio.c.obj
                0x10003a98                stdio_vprintf
                0x10003a98                __wrap_vprintf
 .text.__wrap_printf
                0x10003ad8       0x18 CMakeFiles/Hall_Sensor_Adc.dir/C_/Users/yoshi/.pico-sdk/sdk/2.0.0/src/rp2_common/pico_stdio/stdio.c.obj
                0x10003ad8                __wrap_printf
                0x10003ad8                stdio_printf
 .text.resetd_init
                0x10003af0        0x2 CMakeFiles/Hall_Sensor_Adc.dir/C_/Users/yoshi/.pico-sdk/sdk/2.0.0/src/rp2_common/pico_stdio_usb/reset_interface.c.obj
 *fill*         0x10003af2        0x2 
 .text.resetd_reset
                0x10003af4        0xc CMakeFiles/Hall_Sensor_Adc.dir/C_/Users/yoshi/.pico-sdk/sdk/2.0.0/src/rp2_common/pico_stdio_usb/reset_interface.c.obj
 .text.resetd_open
                0x10003b00       0x34 CMakeFiles/Hall_Sensor_Adc.dir/C_/Users/yoshi/.pico-sdk/sdk/2.0.0/src/rp2_common/pico_stdio_usb/reset_interface.c.obj
 .text.resetd_xfer_cb
                0x10003b34        0x4 CMakeFiles/Hall_Sensor_Adc.dir/C_/Users/yoshi/.pico-sdk/sdk/2.0.0/src/rp2_common/pico_stdio_usb/reset_interface.c.obj
 .text.resetd_control_xfer_cb
                0x10003b38       0x5c CMakeFiles/Hall_Sensor_Adc.dir/C_/Users/yoshi/.pico-sdk/sdk/2.0.0/src/rp2_common/pico_stdio_usb/reset_interface.c.obj
 .text.tud_descriptor_bos_cb
                0x10003b94        0x8 CMakeFiles/Hall_Sensor_Adc.dir/C_/Users/yoshi/.pico-sdk/sdk/2.0.0/src/rp2_common/pico_stdio_usb/reset_interface.c.obj
                0x10003b94                tud_descriptor_bos_cb
 .text.tud_vendor_control_xfer_cb
                0x10003b9c       0x38 CMakeFiles/Hall_Sensor_Adc.dir/C_/Users/yoshi/.pico-sdk/sdk/2.0.0/src/rp2_common/pico_stdio_usb/reset_interface.c.obj
                0x10003b9c                tud_vendor_control_xfer_cb
 .text.usbd_app_driver_get_cb
                0x10003bd4        0xc CMakeFiles/Hall_Sensor_Adc.dir/C_/Users/yoshi/.pico-sdk/sdk/2.0.0/src/rp2_common/pico_stdio_usb/reset_interface.c.obj
                0x10003bd4                usbd_app_driver_get_cb
 .text.tud_cdc_line_coding_cb
                0x10003be0       0x28 CMakeFiles/Hall_Sensor_Adc.dir/C_/Users/yoshi/.pico-sdk/sdk/2.0.0/src/rp2_common/pico_stdio_usb/reset_interface.c.obj
                0x10003be0                tud_cdc_line_coding_cb
 .text.stdio_usb_set_chars_available_callback
                0x10003c08       0x14 CMakeFiles/Hall_Sensor_Adc.dir/C_/Users/yoshi/.pico-sdk/sdk/2.0.0/src/rp2_common/pico_stdio_usb/stdio_usb.c.obj
                0x10003c08                stdio_usb_set_chars_available_callback
 .text.stdio_usb_out_flush
                0x10003c1c       0x4c CMakeFiles/Hall_Sensor_Adc.dir/C_/Users/yoshi/.pico-sdk/sdk/2.0.0/src/rp2_common/pico_stdio_usb/stdio_usb.c.obj
 .text.usb_irq  0x10003c68       0x10 CMakeFiles/Hall_Sensor_Adc.dir/C_/Users/yoshi/.pico-sdk/sdk/2.0.0/src/rp2_common/pico_stdio_usb/stdio_usb.c.obj
 .text.critical_section_enter_blocking
                0x10003c78       0x16 CMakeFiles/Hall_Sensor_Adc.dir/C_/Users/yoshi/.pico-sdk/sdk/2.0.0/src/rp2_common/pico_stdio_usb/stdio_usb.c.obj
 *fill*         0x10003c8e        0x2 
 .text.timer_task
                0x10003c90       0x60 CMakeFiles/Hall_Sensor_Adc.dir/C_/Users/yoshi/.pico-sdk/sdk/2.0.0/src/rp2_common/pico_stdio_usb/stdio_usb.c.obj
 .text.alarm_pool_add_alarm_in_us
                0x10003cf0       0x40 CMakeFiles/Hall_Sensor_Adc.dir/C_/Users/yoshi/.pico-sdk/sdk/2.0.0/src/rp2_common/pico_stdio_usb/stdio_usb.c.obj
 .text.add_alarm_in_us
                0x10003d30       0x2e CMakeFiles/Hall_Sensor_Adc.dir/C_/Users/yoshi/.pico-sdk/sdk/2.0.0/src/rp2_common/pico_stdio_usb/stdio_usb.c.obj
 *fill*         0x10003d5e        0x2 
 .text.low_priority_worker_irq
                0x10003d60       0xa0 CMakeFiles/Hall_Sensor_Adc.dir/C_/Users/yoshi/.pico-sdk/sdk/2.0.0/src/rp2_common/pico_stdio_usb/stdio_usb.c.obj
 .text.stdio_usb_init
                0x10003e00       0xdc CMakeFiles/Hall_Sensor_Adc.dir/C_/Users/yoshi/.pico-sdk/sdk/2.0.0/src/rp2_common/pico_stdio_usb/stdio_usb.c.obj
                0x10003e00                stdio_usb_init
 .text.stdio_usb_connected
                0x10003edc        0xa CMakeFiles/Hall_Sensor_Adc.dir/C_/Users/yoshi/.pico-sdk/sdk/2.0.0/src/rp2_common/pico_stdio_usb/stdio_usb.c.obj
                0x10003edc                stdio_usb_connected
 *fill*         0x10003ee6        0x2 
 .text.stdio_usb_in_chars
                0x10003ee8       0x98 CMakeFiles/Hall_Sensor_Adc.dir/C_/Users/yoshi/.pico-sdk/sdk/2.0.0/src/rp2_common/pico_stdio_usb/stdio_usb.c.obj
                0x10003ee8                stdio_usb_in_chars
 .text.stdio_usb_out_chars
                0x10003f80       0xe8 CMakeFiles/Hall_Sensor_Adc.dir/C_/Users/yoshi/.pico-sdk/sdk/2.0.0/src/rp2_common/pico_stdio_usb/stdio_usb.c.obj
 .text.tud_descriptor_device_cb
                0x10004068        0x8 CMakeFiles/Hall_Sensor_Adc.dir/C_/Users/yoshi/.pico-sdk/sdk/2.0.0/src/rp2_common/pico_stdio_usb/stdio_usb_descriptors.c.obj
                0x10004068                tud_descriptor_device_cb
 .text.tud_descriptor_configuration_cb
                0x10004070        0x8 CMakeFiles/Hall_Sensor_Adc.dir/C_/Users/yoshi/.pico-sdk/sdk/2.0.0/src/rp2_common/pico_stdio_usb/stdio_usb_descriptors.c.obj
                0x10004070                tud_descriptor_configuration_cb
 .text.tud_descriptor_string_cb
                0x10004078       0x6c CMakeFiles/Hall_Sensor_Adc.dir/C_/Users/yoshi/.pico-sdk/sdk/2.0.0/src/rp2_common/pico_stdio_usb/stdio_usb_descriptors.c.obj
                0x10004078                tud_descriptor_string_cb
 .text._retrieve_unique_id_on_boot
                0x100040e4       0x10 CMakeFiles/Hall_Sensor_Adc.dir/C_/Users/yoshi/.pico-sdk/sdk/2.0.0/src/rp2_common/pico_unique_id/unique_id.c.obj
 .text.pico_get_unique_board_id_string
                0x100040f4       0x5c CMakeFiles/Hall_Sensor_Adc.dir/C_/Users/yoshi/.pico-sdk/sdk/2.0.0/src/rp2_common/pico_unique_id/unique_id.c.obj
                0x100040f4                pico_get_unique_board_id_string
 .text.flash_get_unique_id
                0x10004150       0x40 CMakeFiles/Hall_Sensor_Adc.dir/C_/Users/yoshi/.pico-sdk/sdk/2.0.0/src/rp2_common/hardware_flash/flash.c.obj
                0x10004150                flash_get_unique_id
 .text._hw_endpoint_alloc
                0x10004190       0x70 CMakeFiles/Hall_Sensor_Adc.dir/C_/Users/yoshi/.pico-sdk/sdk/2.0.0/lib/tinyusb/src/portable/raspberrypi/rp2040/dcd_rp2040.c.obj
 .text.hw_endpoint_init
                0x10004200       0xbc CMakeFiles/Hall_Sensor_Adc.dir/C_/Users/yoshi/.pico-sdk/sdk/2.0.0/lib/tinyusb/src/portable/raspberrypi/rp2040/dcd_rp2040.c.obj
 .text.hw_endpoint_xfer
                0x100042bc       0x20 CMakeFiles/Hall_Sensor_Adc.dir/C_/Users/yoshi/.pico-sdk/sdk/2.0.0/lib/tinyusb/src/portable/raspberrypi/rp2040/dcd_rp2040.c.obj
 .text.dcd_int_enable
                0x100042dc       0x2c CMakeFiles/Hall_Sensor_Adc.dir/C_/Users/yoshi/.pico-sdk/sdk/2.0.0/lib/tinyusb/src/portable/raspberrypi/rp2040/dcd_rp2040.c.obj
                0x100042dc                dcd_int_enable
 .text.dcd_set_address
                0x10004308       0x2c CMakeFiles/Hall_Sensor_Adc.dir/C_/Users/yoshi/.pico-sdk/sdk/2.0.0/lib/tinyusb/src/portable/raspberrypi/rp2040/dcd_rp2040.c.obj
                0x10004308                dcd_set_address
 .text.dcd_connect
                0x10004334       0x10 CMakeFiles/Hall_Sensor_Adc.dir/C_/Users/yoshi/.pico-sdk/sdk/2.0.0/lib/tinyusb/src/portable/raspberrypi/rp2040/dcd_rp2040.c.obj
                0x10004334                dcd_connect
 .text.dcd_init
                0x10004344       0x80 CMakeFiles/Hall_Sensor_Adc.dir/C_/Users/yoshi/.pico-sdk/sdk/2.0.0/lib/tinyusb/src/portable/raspberrypi/rp2040/dcd_rp2040.c.obj
                0x10004344                dcd_init
 .text.dcd_sof_enable
                0x100043c4       0x1c CMakeFiles/Hall_Sensor_Adc.dir/C_/Users/yoshi/.pico-sdk/sdk/2.0.0/lib/tinyusb/src/portable/raspberrypi/rp2040/dcd_rp2040.c.obj
                0x100043c4                dcd_sof_enable
 .text.dcd_edpt0_status_complete
                0x100043e0       0x1c CMakeFiles/Hall_Sensor_Adc.dir/C_/Users/yoshi/.pico-sdk/sdk/2.0.0/lib/tinyusb/src/portable/raspberrypi/rp2040/dcd_rp2040.c.obj
                0x100043e0                dcd_edpt0_status_complete
 .text.dcd_edpt_open
                0x100043fc       0x40 CMakeFiles/Hall_Sensor_Adc.dir/C_/Users/yoshi/.pico-sdk/sdk/2.0.0/lib/tinyusb/src/portable/raspberrypi/rp2040/dcd_rp2040.c.obj
                0x100043fc                dcd_edpt_open
 .text.dcd_edpt_close_all
                0x1000443c        0x8 CMakeFiles/Hall_Sensor_Adc.dir/C_/Users/yoshi/.pico-sdk/sdk/2.0.0/lib/tinyusb/src/portable/raspberrypi/rp2040/dcd_rp2040.c.obj
                0x1000443c                dcd_edpt_close_all
 .text.dcd_edpt_xfer
                0x10004444       0x30 CMakeFiles/Hall_Sensor_Adc.dir/C_/Users/yoshi/.pico-sdk/sdk/2.0.0/lib/tinyusb/src/portable/raspberrypi/rp2040/dcd_rp2040.c.obj
                0x10004444                dcd_edpt_xfer
 .text.dcd_edpt_stall
                0x10004474       0x3c CMakeFiles/Hall_Sensor_Adc.dir/C_/Users/yoshi/.pico-sdk/sdk/2.0.0/lib/tinyusb/src/portable/raspberrypi/rp2040/dcd_rp2040.c.obj
                0x10004474                dcd_edpt_stall
 .text.dcd_edpt_clear_stall
                0x100044b0       0x30 CMakeFiles/Hall_Sensor_Adc.dir/C_/Users/yoshi/.pico-sdk/sdk/2.0.0/lib/tinyusb/src/portable/raspberrypi/rp2040/dcd_rp2040.c.obj
                0x100044b0                dcd_edpt_clear_stall
 .text.unaligned_memcpy
                0x100044e0       0x14 CMakeFiles/Hall_Sensor_Adc.dir/C_/Users/yoshi/.pico-sdk/sdk/2.0.0/lib/tinyusb/src/portable/raspberrypi/rp2040/rp2040_usb.c.obj
 .text.rp2040_usb_init
                0x100044f4       0x44 CMakeFiles/Hall_Sensor_Adc.dir/C_/Users/yoshi/.pico-sdk/sdk/2.0.0/lib/tinyusb/src/portable/raspberrypi/rp2040/rp2040_usb.c.obj
                0x100044f4                rp2040_usb_init
 .text.hw_endpoint_xfer_start
                0x10004538       0x60 CMakeFiles/Hall_Sensor_Adc.dir/C_/Users/yoshi/.pico-sdk/sdk/2.0.0/lib/tinyusb/src/portable/raspberrypi/rp2040/rp2040_usb.c.obj
                0x10004538                hw_endpoint_xfer_start
 .text.configuration_reset
                0x10004598       0x84 CMakeFiles/Hall_Sensor_Adc.dir/C_/Users/yoshi/.pico-sdk/sdk/2.0.0/lib/tinyusb/src/device/usbd.c.obj
 .text.critical_section_enter_blocking
                0x1000461c       0x16 CMakeFiles/Hall_Sensor_Adc.dir/C_/Users/yoshi/.pico-sdk/sdk/2.0.0/lib/tinyusb/src/device/usbd.c.obj
 .text.usbd_reset
                0x10004632        0xc CMakeFiles/Hall_Sensor_Adc.dir/C_/Users/yoshi/.pico-sdk/sdk/2.0.0/lib/tinyusb/src/device/usbd.c.obj
 .text.invoke_class_control
                0x1000463e       0x1a CMakeFiles/Hall_Sensor_Adc.dir/C_/Users/yoshi/.pico-sdk/sdk/2.0.0/lib/tinyusb/src/device/usbd.c.obj
 .text.process_set_config
                0x10004658      0x1b0 CMakeFiles/Hall_Sensor_Adc.dir/C_/Users/yoshi/.pico-sdk/sdk/2.0.0/lib/tinyusb/src/device/usbd.c.obj
 .text.tud_event_hook_cb
                0x10004808        0x2 CMakeFiles/Hall_Sensor_Adc.dir/C_/Users/yoshi/.pico-sdk/sdk/2.0.0/lib/tinyusb/src/device/usbd.c.obj
                0x10004808                tud_event_hook_cb
 .text.tud_sof_cb
                0x1000480a        0x2 CMakeFiles/Hall_Sensor_Adc.dir/C_/Users/yoshi/.pico-sdk/sdk/2.0.0/lib/tinyusb/src/device/usbd.c.obj
                0x1000480a                tud_sof_cb
 .text.tud_descriptor_device_qualifier_cb
                0x1000480c        0x4 CMakeFiles/Hall_Sensor_Adc.dir/C_/Users/yoshi/.pico-sdk/sdk/2.0.0/lib/tinyusb/src/device/usbd.c.obj
                0x1000480c                tud_descriptor_device_qualifier_cb
 .text.tud_descriptor_other_speed_configuration_cb
                0x10004810        0x4 CMakeFiles/Hall_Sensor_Adc.dir/C_/Users/yoshi/.pico-sdk/sdk/2.0.0/lib/tinyusb/src/device/usbd.c.obj
                0x10004810                tud_descriptor_other_speed_configuration_cb
 .text.process_get_descriptor
                0x10004814       0xe0 CMakeFiles/Hall_Sensor_Adc.dir/C_/Users/yoshi/.pico-sdk/sdk/2.0.0/lib/tinyusb/src/device/usbd.c.obj
 .text.tud_mount_cb
                0x100048f4        0x2 CMakeFiles/Hall_Sensor_Adc.dir/C_/Users/yoshi/.pico-sdk/sdk/2.0.0/lib/tinyusb/src/device/usbd.c.obj
                0x100048f4                tud_mount_cb
 .text.tud_umount_cb
                0x100048f6        0x2 CMakeFiles/Hall_Sensor_Adc.dir/C_/Users/yoshi/.pico-sdk/sdk/2.0.0/lib/tinyusb/src/device/usbd.c.obj
                0x100048f6                tud_umount_cb
 .text.tud_suspend_cb
                0x100048f8        0x2 CMakeFiles/Hall_Sensor_Adc.dir/C_/Users/yoshi/.pico-sdk/sdk/2.0.0/lib/tinyusb/src/device/usbd.c.obj
                0x100048f8                tud_suspend_cb
 .text.tud_resume_cb
                0x100048fa        0x2 CMakeFiles/Hall_Sensor_Adc.dir/C_/Users/yoshi/.pico-sdk/sdk/2.0.0/lib/tinyusb/src/device/usbd.c.obj
                0x100048fa                tud_resume_cb
 .text.tud_mounted
                0x100048fc       0x10 CMakeFiles/Hall_Sensor_Adc.dir/C_/Users/yoshi/.pico-sdk/sdk/2.0.0/lib/tinyusb/src/device/usbd.c.obj
                0x100048fc                tud_mounted
 .text.tud_suspended
                0x1000490c       0x10 CMakeFiles/Hall_Sensor_Adc.dir/C_/Users/yoshi/.pico-sdk/sdk/2.0.0/lib/tinyusb/src/device/usbd.c.obj
                0x1000490c                tud_suspended
 .text.tud_inited
                0x1000491c       0x14 CMakeFiles/Hall_Sensor_Adc.dir/C_/Users/yoshi/.pico-sdk/sdk/2.0.0/lib/tinyusb/src/device/usbd.c.obj
                0x1000491c                tud_inited
 .text.tud_init
                0x10004930       0xdc CMakeFiles/Hall_Sensor_Adc.dir/C_/Users/yoshi/.pico-sdk/sdk/2.0.0/lib/tinyusb/src/device/usbd.c.obj
                0x10004930                tud_init
 .text.usbd_edpt_open
                0x10004a0c       0x60 CMakeFiles/Hall_Sensor_Adc.dir/C_/Users/yoshi/.pico-sdk/sdk/2.0.0/lib/tinyusb/src/device/usbd.c.obj
                0x10004a0c                usbd_edpt_open
 .text.usbd_open_edpt_pair
                0x10004a6c       0x8c CMakeFiles/Hall_Sensor_Adc.dir/C_/Users/yoshi/.pico-sdk/sdk/2.0.0/lib/tinyusb/src/device/usbd.c.obj
                0x10004a6c                usbd_open_edpt_pair
 .text.usbd_edpt_claim
                0x10004af8       0x28 CMakeFiles/Hall_Sensor_Adc.dir/C_/Users/yoshi/.pico-sdk/sdk/2.0.0/lib/tinyusb/src/device/usbd.c.obj
                0x10004af8                usbd_edpt_claim
 .text.usbd_edpt_release
                0x10004b20       0x28 CMakeFiles/Hall_Sensor_Adc.dir/C_/Users/yoshi/.pico-sdk/sdk/2.0.0/lib/tinyusb/src/device/usbd.c.obj
                0x10004b20                usbd_edpt_release
 .text.usbd_edpt_xfer
                0x10004b48       0x88 CMakeFiles/Hall_Sensor_Adc.dir/C_/Users/yoshi/.pico-sdk/sdk/2.0.0/lib/tinyusb/src/device/usbd.c.obj
                0x10004b48                usbd_edpt_xfer
 .text.usbd_edpt_stall
                0x10004bd0       0x34 CMakeFiles/Hall_Sensor_Adc.dir/C_/Users/yoshi/.pico-sdk/sdk/2.0.0/lib/tinyusb/src/device/usbd.c.obj
                0x10004bd0                usbd_edpt_stall
 .text.usbd_edpt_clear_stall
                0x10004c04       0x34 CMakeFiles/Hall_Sensor_Adc.dir/C_/Users/yoshi/.pico-sdk/sdk/2.0.0/lib/tinyusb/src/device/usbd.c.obj
                0x10004c04                usbd_edpt_clear_stall
 .text.usbd_edpt_stalled
                0x10004c38       0x1c CMakeFiles/Hall_Sensor_Adc.dir/C_/Users/yoshi/.pico-sdk/sdk/2.0.0/lib/tinyusb/src/device/usbd.c.obj
                0x10004c38                usbd_edpt_stalled
 .text.process_control_request
                0x10004c54      0x390 CMakeFiles/Hall_Sensor_Adc.dir/C_/Users/yoshi/.pico-sdk/sdk/2.0.0/lib/tinyusb/src/device/usbd.c.obj
 .text.tud_task_ext
                0x10004fe4      0x1c8 CMakeFiles/Hall_Sensor_Adc.dir/C_/Users/yoshi/.pico-sdk/sdk/2.0.0/lib/tinyusb/src/device/usbd.c.obj
                0x10004fe4                tud_task_ext
 .text._status_stage_xact
                0x100051ac       0x1a CMakeFiles/Hall_Sensor_Adc.dir/C_/Users/yoshi/.pico-sdk/sdk/2.0.0/lib/tinyusb/src/device/usbd_control.c.obj
 *fill*         0x100051c6        0x2 
 .text._data_stage_xact
                0x100051c8       0x60 CMakeFiles/Hall_Sensor_Adc.dir/C_/Users/yoshi/.pico-sdk/sdk/2.0.0/lib/tinyusb/src/device/usbd_control.c.obj
 .text.tud_control_status
                0x10005228       0x28 CMakeFiles/Hall_Sensor_Adc.dir/C_/Users/yoshi/.pico-sdk/sdk/2.0.0/lib/tinyusb/src/device/usbd_control.c.obj
                0x10005228                tud_control_status
 .text.tud_control_xfer
                0x10005250       0x98 CMakeFiles/Hall_Sensor_Adc.dir/C_/Users/yoshi/.pico-sdk/sdk/2.0.0/lib/tinyusb/src/device/usbd_control.c.obj
                0x10005250                tud_control_xfer
 .text.usbd_control_reset
                0x100052e8       0x14 CMakeFiles/Hall_Sensor_Adc.dir/C_/Users/yoshi/.pico-sdk/sdk/2.0.0/lib/tinyusb/src/device/usbd_control.c.obj
                0x100052e8                usbd_control_reset
 .text.usbd_control_set_complete_callback
                0x100052fc        0xc CMakeFiles/Hall_Sensor_Adc.dir/C_/Users/yoshi/.pico-sdk/sdk/2.0.0/lib/tinyusb/src/device/usbd_control.c.obj
                0x100052fc                usbd_control_set_complete_callback
 .text.usbd_control_set_request
                0x10005308       0x1c CMakeFiles/Hall_Sensor_Adc.dir/C_/Users/yoshi/.pico-sdk/sdk/2.0.0/lib/tinyusb/src/device/usbd_control.c.obj
                0x10005308                usbd_control_set_request
 .text.usbd_control_xfer_cb
                0x10005324       0xe0 CMakeFiles/Hall_Sensor_Adc.dir/C_/Users/yoshi/.pico-sdk/sdk/2.0.0/lib/tinyusb/src/device/usbd_control.c.obj
                0x10005324                usbd_control_xfer_cb
 .text._prep_out_transaction
                0x10005404       0x72 CMakeFiles/Hall_Sensor_Adc.dir/C_/Users/yoshi/.pico-sdk/sdk/2.0.0/lib/tinyusb/src/class/cdc/cdc_device.c.obj
 *fill*         0x10005476        0x2 
 .text.tud_cdc_n_connected
                0x10005478       0x38 CMakeFiles/Hall_Sensor_Adc.dir/C_/Users/yoshi/.pico-sdk/sdk/2.0.0/lib/tinyusb/src/class/cdc/cdc_device.c.obj
                0x10005478                tud_cdc_n_connected
 .text.tud_cdc_n_available
                0x100054b0       0x18 CMakeFiles/Hall_Sensor_Adc.dir/C_/Users/yoshi/.pico-sdk/sdk/2.0.0/lib/tinyusb/src/class/cdc/cdc_device.c.obj
                0x100054b0                tud_cdc_n_available
 .text.tud_cdc_n_read
                0x100054c8       0x38 CMakeFiles/Hall_Sensor_Adc.dir/C_/Users/yoshi/.pico-sdk/sdk/2.0.0/lib/tinyusb/src/class/cdc/cdc_device.c.obj
                0x100054c8                tud_cdc_n_read
 .text.tud_cdc_n_write_flush
                0x10005500       0xcc CMakeFiles/Hall_Sensor_Adc.dir/C_/Users/yoshi/.pico-sdk/sdk/2.0.0/lib/tinyusb/src/class/cdc/cdc_device.c.obj
                0x10005500                tud_cdc_n_write_flush
 .text.tud_cdc_n_write
                0x100055cc       0x48 CMakeFiles/Hall_Sensor_Adc.dir/C_/Users/yoshi/.pico-sdk/sdk/2.0.0/lib/tinyusb/src/class/cdc/cdc_device.c.obj
                0x100055cc                tud_cdc_n_write
 .text.tud_cdc_n_write_available
                0x10005614       0x1c CMakeFiles/Hall_Sensor_Adc.dir/C_/Users/yoshi/.pico-sdk/sdk/2.0.0/lib/tinyusb/src/class/cdc/cdc_device.c.obj
                0x10005614                tud_cdc_n_write_available
 .text.cdcd_init
                0x10005630       0xc0 CMakeFiles/Hall_Sensor_Adc.dir/C_/Users/yoshi/.pico-sdk/sdk/2.0.0/lib/tinyusb/src/class/cdc/cdc_device.c.obj
                0x10005630                cdcd_init
 .text.cdcd_deinit
                0x100056f0       0x50 CMakeFiles/Hall_Sensor_Adc.dir/C_/Users/yoshi/.pico-sdk/sdk/2.0.0/lib/tinyusb/src/class/cdc/cdc_device.c.obj
                0x100056f0                cdcd_deinit
 .text.cdcd_reset
                0x10005740       0x78 CMakeFiles/Hall_Sensor_Adc.dir/C_/Users/yoshi/.pico-sdk/sdk/2.0.0/lib/tinyusb/src/class/cdc/cdc_device.c.obj
                0x10005740                cdcd_reset
 .text.cdcd_open
                0x100057b8       0xf0 CMakeFiles/Hall_Sensor_Adc.dir/C_/Users/yoshi/.pico-sdk/sdk/2.0.0/lib/tinyusb/src/class/cdc/cdc_device.c.obj
                0x100057b8                cdcd_open
 .text.cdcd_control_xfer_cb
                0x100058a8      0x138 CMakeFiles/Hall_Sensor_Adc.dir/C_/Users/yoshi/.pico-sdk/sdk/2.0.0/lib/tinyusb/src/class/cdc/cdc_device.c.obj
                0x100058a8                cdcd_control_xfer_cb
 .text.cdcd_xfer_cb
                0x100059e0      0x144 CMakeFiles/Hall_Sensor_Adc.dir/C_/Users/yoshi/.pico-sdk/sdk/2.0.0/lib/tinyusb/src/class/cdc/cdc_device.c.obj
                0x100059e0                cdcd_xfer_cb
 .text._prep_out_transaction
                0x10005b24       0x3a CMakeFiles/Hall_Sensor_Adc.dir/C_/Users/yoshi/.pico-sdk/sdk/2.0.0/lib/tinyusb/src/class/vendor/vendor_device.c.obj
 *fill*         0x10005b5e        0x2 
 .text.tud_vendor_n_write_flush
                0x10005b60       0xcc CMakeFiles/Hall_Sensor_Adc.dir/C_/Users/yoshi/.pico-sdk/sdk/2.0.0/lib/tinyusb/src/class/vendor/vendor_device.c.obj
                0x10005b60                tud_vendor_n_write_flush
 .text.vendord_init
                0x10005c2c       0xa0 CMakeFiles/Hall_Sensor_Adc.dir/C_/Users/yoshi/.pico-sdk/sdk/2.0.0/lib/tinyusb/src/class/vendor/vendor_device.c.obj
                0x10005c2c                vendord_init
 .text.vendord_deinit
                0x10005ccc       0x50 CMakeFiles/Hall_Sensor_Adc.dir/C_/Users/yoshi/.pico-sdk/sdk/2.0.0/lib/tinyusb/src/class/vendor/vendor_device.c.obj
                0x10005ccc                vendord_deinit
 .text.vendord_reset
                0x10005d1c       0x38 CMakeFiles/Hall_Sensor_Adc.dir/C_/Users/yoshi/.pico-sdk/sdk/2.0.0/lib/tinyusb/src/class/vendor/vendor_device.c.obj
                0x10005d1c                vendord_reset
 .text.vendord_open
                0x10005d54       0xd0 CMakeFiles/Hall_Sensor_Adc.dir/C_/Users/yoshi/.pico-sdk/sdk/2.0.0/lib/tinyusb/src/class/vendor/vendor_device.c.obj
                0x10005d54                vendord_open
 .text.vendord_xfer_cb
                0x10005e24       0xc8 CMakeFiles/Hall_Sensor_Adc.dir/C_/Users/yoshi/.pico-sdk/sdk/2.0.0/lib/tinyusb/src/class/vendor/vendor_device.c.obj
                0x10005e24                vendord_xfer_cb
 .text.tusb_init
                0x10005eec       0x24 CMakeFiles/Hall_Sensor_Adc.dir/C_/Users/yoshi/.pico-sdk/sdk/2.0.0/lib/tinyusb/src/tusb.c.obj
                0x10005eec                tusb_init
 .text.tu_edpt_claim
                0x10005f10       0x50 CMakeFiles/Hall_Sensor_Adc.dir/C_/Users/yoshi/.pico-sdk/sdk/2.0.0/lib/tinyusb/src/tusb.c.obj
                0x10005f10                tu_edpt_claim
 .text.tu_edpt_release
                0x10005f60       0x38 CMakeFiles/Hall_Sensor_Adc.dir/C_/Users/yoshi/.pico-sdk/sdk/2.0.0/lib/tinyusb/src/tusb.c.obj
                0x10005f60                tu_edpt_release
 .text.tu_edpt_validate
                0x10005f98       0xac CMakeFiles/Hall_Sensor_Adc.dir/C_/Users/yoshi/.pico-sdk/sdk/2.0.0/lib/tinyusb/src/tusb.c.obj
                0x10005f98                tu_edpt_validate
 .text.tu_edpt_bind_driver
                0x10006044       0x26 CMakeFiles/Hall_Sensor_Adc.dir/C_/Users/yoshi/.pico-sdk/sdk/2.0.0/lib/tinyusb/src/tusb.c.obj
                0x10006044                tu_edpt_bind_driver
 .text.advance_index
                0x1000606a       0x1a CMakeFiles/Hall_Sensor_Adc.dir/C_/Users/yoshi/.pico-sdk/sdk/2.0.0/lib/tinyusb/src/common/tusb_fifo.c.obj
 .text._tu_fifo_peek
                0x10006084       0x56 CMakeFiles/Hall_Sensor_Adc.dir/C_/Users/yoshi/.pico-sdk/sdk/2.0.0/lib/tinyusb/src/common/tusb_fifo.c.obj
 .text._ff_pull_n
                0x100060da       0x68 CMakeFiles/Hall_Sensor_Adc.dir/C_/Users/yoshi/.pico-sdk/sdk/2.0.0/lib/tinyusb/src/common/tusb_fifo.c.obj
 .text._tu_fifo_peek_n
                0x10006142       0x6a CMakeFiles/Hall_Sensor_Adc.dir/C_/Users/yoshi/.pico-sdk/sdk/2.0.0/lib/tinyusb/src/common/tusb_fifo.c.obj
 .text._tu_fifo_read_n
                0x100061ac       0x4e CMakeFiles/Hall_Sensor_Adc.dir/C_/Users/yoshi/.pico-sdk/sdk/2.0.0/lib/tinyusb/src/common/tusb_fifo.c.obj
 .text._ff_push_n
                0x100061fa       0x68 CMakeFiles/Hall_Sensor_Adc.dir/C_/Users/yoshi/.pico-sdk/sdk/2.0.0/lib/tinyusb/src/common/tusb_fifo.c.obj
 .text._tu_fifo_write_n
                0x10006262       0xf0 CMakeFiles/Hall_Sensor_Adc.dir/C_/Users/yoshi/.pico-sdk/sdk/2.0.0/lib/tinyusb/src/common/tusb_fifo.c.obj
 .text.tu_fifo_config
                0x10006352       0x7c CMakeFiles/Hall_Sensor_Adc.dir/C_/Users/yoshi/.pico-sdk/sdk/2.0.0/lib/tinyusb/src/common/tusb_fifo.c.obj
                0x10006352                tu_fifo_config
 .text.tu_fifo_count
                0x100063ce       0x2a CMakeFiles/Hall_Sensor_Adc.dir/C_/Users/yoshi/.pico-sdk/sdk/2.0.0/lib/tinyusb/src/common/tusb_fifo.c.obj
                0x100063ce                tu_fifo_count
 .text.tu_fifo_empty
                0x100063f8        0xe CMakeFiles/Hall_Sensor_Adc.dir/C_/Users/yoshi/.pico-sdk/sdk/2.0.0/lib/tinyusb/src/common/tusb_fifo.c.obj
                0x100063f8                tu_fifo_empty
 .text.tu_fifo_full
                0x10006406       0x28 CMakeFiles/Hall_Sensor_Adc.dir/C_/Users/yoshi/.pico-sdk/sdk/2.0.0/lib/tinyusb/src/common/tusb_fifo.c.obj
                0x10006406                tu_fifo_full
 .text.tu_fifo_remaining
                0x1000642e       0x2c CMakeFiles/Hall_Sensor_Adc.dir/C_/Users/yoshi/.pico-sdk/sdk/2.0.0/lib/tinyusb/src/common/tusb_fifo.c.obj
                0x1000642e                tu_fifo_remaining
 .text.tu_fifo_read
                0x1000645a       0x42 CMakeFiles/Hall_Sensor_Adc.dir/C_/Users/yoshi/.pico-sdk/sdk/2.0.0/lib/tinyusb/src/common/tusb_fifo.c.obj
                0x1000645a                tu_fifo_read
 .text.tu_fifo_read_n
                0x1000649c        0xa CMakeFiles/Hall_Sensor_Adc.dir/C_/Users/yoshi/.pico-sdk/sdk/2.0.0/lib/tinyusb/src/common/tusb_fifo.c.obj
                0x1000649c                tu_fifo_read_n
 .text.tu_fifo_write
                0x100064a6       0x64 CMakeFiles/Hall_Sensor_Adc.dir/C_/Users/yoshi/.pico-sdk/sdk/2.0.0/lib/tinyusb/src/common/tusb_fifo.c.obj
                0x100064a6                tu_fifo_write
 .text.tu_fifo_write_n
                0x1000650a        0xa CMakeFiles/Hall_Sensor_Adc.dir/C_/Users/yoshi/.pico-sdk/sdk/2.0.0/lib/tinyusb/src/common/tusb_fifo.c.obj
                0x1000650a                tu_fifo_write_n
 .text.tu_fifo_clear
                0x10006514       0x3e CMakeFiles/Hall_Sensor_Adc.dir/C_/Users/yoshi/.pico-sdk/sdk/2.0.0/lib/tinyusb/src/common/tusb_fifo.c.obj
                0x10006514                tu_fifo_clear
 .text.tu_fifo_set_overwritable
                0x10006552       0x46 CMakeFiles/Hall_Sensor_Adc.dir/C_/Users/yoshi/.pico-sdk/sdk/2.0.0/lib/tinyusb/src/common/tusb_fifo.c.obj
                0x10006552                tu_fifo_set_overwritable
 .text.adc_init
                0x10006598       0x34 CMakeFiles/Hall_Sensor_Adc.dir/C_/Users/yoshi/.pico-sdk/sdk/2.0.0/src/rp2_common/hardware_adc/adc.c.obj
                0x10006598                adc_init
 .text.strlen   0x100065cc       0x5c C:/Users/yoshi/.pico-sdk/toolchain/13_2_Rel1/bin/../lib/gcc/arm-none-eabi/13.2.1/thumb/v6-m/nofp\libg.a(libc_a-strlen-stub.o)
                0x100065cc                strlen
 *(.fini)
 .fini          0x10006628        0x4 C:/Users/yoshi/.pico-sdk/toolchain/13_2_Rel1/bin/../lib/gcc/arm-none-eabi/13.2.1/thumb/v6-m/nofp/crti.o
                0x10006628                _fini
 *fill*         0x1000662c        0x4 
 .fini.__stub   0x10006630       0xd0 linker stubs
 *crtbegin.o(.ctors)
 *crtbegin?.o(.ctors)
 *(EXCLUDE_FILE(*crtend.o *crtend?.o) .ctors)
 *(SORT_BY_NAME(.ctors.*))
 *(.ctors)
 *crtbegin.o(.dtors)
 *crtbegin?.o(.dtors)
 *(EXCLUDE_FILE(*crtend.o *crtend?.o) .dtors)
 *(SORT_BY_NAME(.dtors.*))
 *(.dtors)
                0x10006700                        . = ALIGN (0x4)
                0x10006700                        PROVIDE (__preinit_array_start = .)
 *(SORT_BY_NAME(.preinit_array.*))
 .preinit_array.00100
                0x10006700        0x4 CMakeFiles/Hall_Sensor_Adc.dir/C_/Users/yoshi/.pico-sdk/sdk/2.0.0/src/rp2_common/pico_runtime_init/runtime_init.c.obj
                0x10006700                __pre_init_runtime_init_early_resets
 .preinit_array.00101
                0x10006704        0x4 CMakeFiles/Hall_Sensor_Adc.dir/C_/Users/yoshi/.pico-sdk/sdk/2.0.0/src/rp2_common/pico_runtime_init/runtime_init.c.obj
                0x10006704                __pre_init_runtime_init_usb_power_down
 .preinit_array.00275
                0x10006708        0x4 CMakeFiles/Hall_Sensor_Adc.dir/C_/Users/yoshi/.pico-sdk/sdk/2.0.0/src/rp2_common/pico_bit_ops/bit_ops_aeabi.S.obj
 .preinit_array.00300
                0x1000670c        0x4 CMakeFiles/Hall_Sensor_Adc.dir/C_/Users/yoshi/.pico-sdk/sdk/2.0.0/src/rp2_common/pico_mem_ops/mem_ops_aeabi.S.obj
 .preinit_array.00350
                0x10006710        0x4 CMakeFiles/Hall_Sensor_Adc.dir/C_/Users/yoshi/.pico-sdk/sdk/2.0.0/src/rp2_common/pico_double/double_aeabi_rp2040.S.obj
 .preinit_array.00350
                0x10006714        0x4 CMakeFiles/Hall_Sensor_Adc.dir/C_/Users/yoshi/.pico-sdk/sdk/2.0.0/src/rp2_common/pico_float/float_aeabi_rp2040.S.obj
 .preinit_array.00500
                0x10006718        0x4 CMakeFiles/Hall_Sensor_Adc.dir/C_/Users/yoshi/.pico-sdk/sdk/2.0.0/src/rp2_common/pico_runtime_init/runtime_init.c.obj
                0x10006718                __pre_init_runtime_init_clocks
 .preinit_array.00600
                0x1000671c        0x4 CMakeFiles/Hall_Sensor_Adc.dir/C_/Users/yoshi/.pico-sdk/sdk/2.0.0/src/rp2_common/pico_runtime_init/runtime_init.c.obj
                0x1000671c                __pre_init_runtime_init_post_clock_resets
 .preinit_array.00700
                0x10006720        0x4 CMakeFiles/Hall_Sensor_Adc.dir/C_/Users/yoshi/.pico-sdk/sdk/2.0.0/src/rp2_common/pico_runtime_init/runtime_init.c.obj
                0x10006720                __pre_init_runtime_init_rp2040_gpio_ie_disable
 .preinit_array.01000
                0x10006724        0x4 CMakeFiles/Hall_Sensor_Adc.dir/C_/Users/yoshi/.pico-sdk/sdk/2.0.0/src/rp2_common/pico_runtime_init/runtime_init.c.obj
                0x10006724                __pre_init_runtime_init_spin_locks_reset
 .preinit_array.01100
                0x10006728        0x4 CMakeFiles/Hall_Sensor_Adc.dir/C_/Users/yoshi/.pico-sdk/sdk/2.0.0/src/common/pico_sync/mutex.c.obj
                0x10006728                __pre_init_runtime_init_mutex
 .preinit_array.10080
                0x1000672c        0x4 CMakeFiles/Hall_Sensor_Adc.dir/C_/Users/yoshi/.pico-sdk/sdk/2.0.0/src/rp2_common/pico_runtime_init/runtime_init.c.obj
                0x1000672c                __pre_init_runtime_init_install_ram_vector_table
 .preinit_array.11000
                0x10006730        0x4 CMakeFiles/Hall_Sensor_Adc.dir/C_/Users/yoshi/.pico-sdk/sdk/2.0.0/src/common/pico_time/time.c.obj
                0x10006730                __pre_init_runtime_init_default_alarm_pool
 .preinit_array.YYYYY
                0x10006734        0x4 CMakeFiles/Hall_Sensor_Adc.dir/C_/Users/yoshi/.pico-sdk/sdk/2.0.0/src/rp2_common/pico_runtime/runtime.c.obj
                0x10006734                __pre_init_first_per_core_initializer
 .preinit_array.ZZZZZ.01200
                0x10006738        0x4 CMakeFiles/Hall_Sensor_Adc.dir/C_/Users/yoshi/.pico-sdk/sdk/2.0.0/src/rp2_common/hardware_irq/irq.c.obj
                0x10006738                __pre_init_runtime_init_per_core_irq_priorities
 *(.preinit_array)
                0x1000673c                        PROVIDE (__preinit_array_end = .)
                0x1000673c                        . = ALIGN (0x4)
                0x1000673c                        PROVIDE (__init_array_start = .)
 *(SORT_BY_NAME(.init_array.*))
 *(.init_array)
 .init_array    0x1000673c        0x4 C:/Users/yoshi/.pico-sdk/toolchain/13_2_Rel1/bin/../lib/gcc/arm-none-eabi/13.2.1/thumb/v6-m/nofp/crtbegin.o
 .init_array    0x10006740        0x4 CMakeFiles/Hall_Sensor_Adc.dir/C_/Users/yoshi/.pico-sdk/sdk/2.0.0/src/rp2_common/pico_unique_id/unique_id.c.obj
                0x10006744                        PROVIDE (__init_array_end = .)
                0x10006744                        . = ALIGN (0x4)
                [!provide]                        PROVIDE (__fini_array_start = .)
 *(SORT_BY_NAME(.fini_array.*))
 *(.fini_array)
                [!provide]                        PROVIDE (__fini_array_end = .)
 *(.eh_frame*)
 .eh_frame      0x10006744        0x0 C:/Users/yoshi/.pico-sdk/toolchain/13_2_Rel1/bin/../lib/gcc/arm-none-eabi/13.2.1/thumb/v6-m/nofp/crtbegin.o
                0x10006744                        . = ALIGN (0x4)

.glue_7         0x10006744        0x0
 .glue_7        0x10006744        0x0 linker stubs

.glue_7t        0x10006744        0x0
 .glue_7t       0x10006744        0x0 linker stubs

.vfp11_veneer   0x10006744        0x0
 .vfp11_veneer  0x10006744        0x0 linker stubs

.v4_bx          0x10006744        0x0
 .v4_bx         0x10006744        0x0 linker stubs

.iplt           0x10006744        0x0
 .iplt          0x10006744        0x0 C:/Users/yoshi/.pico-sdk/toolchain/13_2_Rel1/bin/../lib/gcc/arm-none-eabi/13.2.1/thumb/v6-m/nofp/crtbegin.o

.rodata         0x10006748     0x158c
 *(EXCLUDE_FILE(*libm.a: *libc.a:*lib_a-mem*.o *libgcc.a:) .rodata*)
 .rodata._Z10switch_isrjm.str1.4
                0x10006748      0xd7f CMakeFiles/Hall_Sensor_Adc.dir/Hall_Sensor_Adc.cpp.obj
                                 0x1d (size before relaxing)
 .rodata._Z12print_outputv.str1.4
                0x100074c7       0xba CMakeFiles/Hall_Sensor_Adc.dir/Hall_Sensor_Adc.cpp.obj
 .rodata.gpio_add_raw_irq_handler_with_order_priority_masked.str1.4
                0x100074c7       0x73 CMakeFiles/Hall_Sensor_Adc.dir/C_/Users/yoshi/.pico-sdk/sdk/2.0.0/src/rp2_common/hardware_gpio/gpio.c.obj
 .rodata.gpio_set_irq_enabled.str1.4
                0x100074c7       0x55 CMakeFiles/Hall_Sensor_Adc.dir/C_/Users/yoshi/.pico-sdk/sdk/2.0.0/src/rp2_common/hardware_gpio/gpio.c.obj
 *fill*         0x100074c7        0x1 
 .rodata.__func__.4
                0x100074c8       0x15 CMakeFiles/Hall_Sensor_Adc.dir/C_/Users/yoshi/.pico-sdk/sdk/2.0.0/src/rp2_common/hardware_gpio/gpio.c.obj
 .rodata.rp2040_chip_version.str1.4
                0x100074dd       0x7d CMakeFiles/Hall_Sensor_Adc.dir/C_/Users/yoshi/.pico-sdk/sdk/2.0.0/src/rp2040/pico_platform/platform.c.obj
 *fill*         0x100074dd        0x3 
 .rodata.__func__.0
                0x100074e0       0x14 CMakeFiles/Hall_Sensor_Adc.dir/C_/Users/yoshi/.pico-sdk/sdk/2.0.0/src/rp2040/pico_platform/platform.c.obj
 .rodata.panic.str1.4
                0x100074f4       0x12 CMakeFiles/Hall_Sensor_Adc.dir/C_/Users/yoshi/.pico-sdk/sdk/2.0.0/src/rp2_common/pico_platform_panic/panic.c.obj
 .rodata.spin_lock_claim_unused.str1.4
                0x100074f4       0x1b CMakeFiles/Hall_Sensor_Adc.dir/C_/Users/yoshi/.pico-sdk/sdk/2.0.0/src/rp2_common/hardware_sync/sync.c.obj
 .rodata.resolve_j_16.str1.4
                0x100074f4       0x5d CMakeFiles/Hall_Sensor_Adc.dir/C_/Users/yoshi/.pico-sdk/sdk/2.0.0/src/rp2_common/hardware_irq/irq.c.obj
 .rodata.make_j_16.str1.4
                0x100074f4       0x30 CMakeFiles/Hall_Sensor_Adc.dir/C_/Users/yoshi/.pico-sdk/sdk/2.0.0/src/rp2_common/hardware_irq/irq.c.obj
 .rodata.insert_bl_32.str1.4
                0x100074f4       0x10 CMakeFiles/Hall_Sensor_Adc.dir/C_/Users/yoshi/.pico-sdk/sdk/2.0.0/src/rp2_common/hardware_irq/irq.c.obj
 .rodata.irq_set_exclusive_handler.str1.4
                0x100074f4       0x36 CMakeFiles/Hall_Sensor_Adc.dir/C_/Users/yoshi/.pico-sdk/sdk/2.0.0/src/rp2_common/hardware_irq/irq.c.obj
 .rodata.irq_add_shared_handler.str1.4
                0x100074f4       0xd2 CMakeFiles/Hall_Sensor_Adc.dir/C_/Users/yoshi/.pico-sdk/sdk/2.0.0/src/rp2_common/hardware_irq/irq.c.obj
 .rodata.irq_remove_handler.str1.4
                0x100074f4       0x3a CMakeFiles/Hall_Sensor_Adc.dir/C_/Users/yoshi/.pico-sdk/sdk/2.0.0/src/rp2_common/hardware_irq/irq.c.obj
 .rodata.irq_add_tail_to_free_list.str1.4
                0x100074f4       0x3a CMakeFiles/Hall_Sensor_Adc.dir/C_/Users/yoshi/.pico-sdk/sdk/2.0.0/src/rp2_common/hardware_irq/irq.c.obj
 .rodata.user_irq_claim_unused.str1.4
                0x100074f4       0x1b CMakeFiles/Hall_Sensor_Adc.dir/C_/Users/yoshi/.pico-sdk/sdk/2.0.0/src/rp2_common/hardware_irq/irq.c.obj
 .rodata.__func__.0
                0x100074f4       0x1a CMakeFiles/Hall_Sensor_Adc.dir/C_/Users/yoshi/.pico-sdk/sdk/2.0.0/src/rp2_common/hardware_irq/irq.c.obj
 *fill*         0x1000750e        0x2 
 .rodata.__func__.1
                0x10007510        0xd CMakeFiles/Hall_Sensor_Adc.dir/C_/Users/yoshi/.pico-sdk/sdk/2.0.0/src/rp2_common/hardware_irq/irq.c.obj
 *fill*         0x1000751d        0x3 
 .rodata.__func__.2
                0x10007520       0x13 CMakeFiles/Hall_Sensor_Adc.dir/C_/Users/yoshi/.pico-sdk/sdk/2.0.0/src/rp2_common/hardware_irq/irq.c.obj
 *fill*         0x10007533        0x1 
 .rodata.__func__.3
                0x10007534        0xa CMakeFiles/Hall_Sensor_Adc.dir/C_/Users/yoshi/.pico-sdk/sdk/2.0.0/src/rp2_common/hardware_irq/irq.c.obj
 *fill*         0x1000753e        0x2 
 .rodata.__func__.4
                0x10007540        0xd CMakeFiles/Hall_Sensor_Adc.dir/C_/Users/yoshi/.pico-sdk/sdk/2.0.0/src/rp2_common/hardware_irq/irq.c.obj
 *fill*         0x1000754d        0x3 
 .rodata.__func__.5
                0x10007550       0x17 CMakeFiles/Hall_Sensor_Adc.dir/C_/Users/yoshi/.pico-sdk/sdk/2.0.0/src/rp2_common/hardware_irq/irq.c.obj
 *fill*         0x10007567        0x1 
 .rodata.__func__.6
                0x10007568       0x1a CMakeFiles/Hall_Sensor_Adc.dir/C_/Users/yoshi/.pico-sdk/sdk/2.0.0/src/rp2_common/hardware_irq/irq.c.obj
 .rodata.runtime_init_mutex.str1.4
                0x10007582       0x60 CMakeFiles/Hall_Sensor_Adc.dir/C_/Users/yoshi/.pico-sdk/sdk/2.0.0/src/common/pico_sync/mutex.c.obj
 .rodata.str1.4
                0x10007582       0x51 CMakeFiles/Hall_Sensor_Adc.dir/C_/Users/yoshi/.pico-sdk/sdk/2.0.0/src/common/pico_sync/mutex.c.obj
 *fill*         0x10007582        0x2 
 .rodata.__func__.1
                0x10007584        0xb CMakeFiles/Hall_Sensor_Adc.dir/C_/Users/yoshi/.pico-sdk/sdk/2.0.0/src/common/pico_sync/mutex.c.obj
 *fill*         0x1000758f        0x1 
 .rodata.__func__.3
                0x10007590       0x18 CMakeFiles/Hall_Sensor_Adc.dir/C_/Users/yoshi/.pico-sdk/sdk/2.0.0/src/common/pico_sync/mutex.c.obj
 .rodata.__func__.6
                0x100075a8       0x13 CMakeFiles/Hall_Sensor_Adc.dir/C_/Users/yoshi/.pico-sdk/sdk/2.0.0/src/common/pico_sync/mutex.c.obj
 .rodata.alarm_pool_irq_handler.str1.4
                0x100075bb       0x6b CMakeFiles/Hall_Sensor_Adc.dir/C_/Users/yoshi/.pico-sdk/sdk/2.0.0/src/common/pico_time/time.c.obj
 .rodata.alarm_pool_get_default.str1.4
                0x100075bb       0x21 CMakeFiles/Hall_Sensor_Adc.dir/C_/Users/yoshi/.pico-sdk/sdk/2.0.0/src/common/pico_time/time.c.obj
 *fill*         0x100075bb        0x1 
 .rodata.__func__.1
                0x100075bc       0x17 CMakeFiles/Hall_Sensor_Adc.dir/C_/Users/yoshi/.pico-sdk/sdk/2.0.0/src/common/pico_time/time.c.obj
 *fill*         0x100075d3        0x1 
 .rodata.__func__.2
                0x100075d4       0x17 CMakeFiles/Hall_Sensor_Adc.dir/C_/Users/yoshi/.pico-sdk/sdk/2.0.0/src/common/pico_time/time.c.obj
 .rodata.timer_hardware_alarm_claim.str1.4
                0x100075eb       0x22 CMakeFiles/Hall_Sensor_Adc.dir/C_/Users/yoshi/.pico-sdk/sdk/2.0.0/src/rp2_common/hardware_timer/timer.c.obj
 .rodata.pll_init.str1.4
                0x100075eb      0x11c CMakeFiles/Hall_Sensor_Adc.dir/C_/Users/yoshi/.pico-sdk/sdk/2.0.0/src/rp2_common/hardware_pll/pll.c.obj
 *fill*         0x100075eb        0x1 
 .rodata.__func__.0
                0x100075ec        0x9 CMakeFiles/Hall_Sensor_Adc.dir/C_/Users/yoshi/.pico-sdk/sdk/2.0.0/src/rp2_common/hardware_pll/pll.c.obj
 .rodata.missing_double_func_shim.str1.4
                0x100075f5       0x18 CMakeFiles/Hall_Sensor_Adc.dir/C_/Users/yoshi/.pico-sdk/sdk/2.0.0/src/rp2_common/pico_double/double_init_rom_rp2040.c.obj
 .rodata.__aeabi_double_init.str1.4
                0x100075f5       0x9b CMakeFiles/Hall_Sensor_Adc.dir/C_/Users/yoshi/.pico-sdk/sdk/2.0.0/src/rp2_common/pico_double/double_init_rom_rp2040.c.obj
 *fill*         0x100075f5        0x3 
 .rodata.__func__.0
                0x100075f8       0x14 CMakeFiles/Hall_Sensor_Adc.dir/C_/Users/yoshi/.pico-sdk/sdk/2.0.0/src/rp2_common/pico_double/double_init_rom_rp2040.c.obj
 .rodata.missing_float_func_shim.str1.4
                0x1000760c        0x1 CMakeFiles/Hall_Sensor_Adc.dir/C_/Users/yoshi/.pico-sdk/sdk/2.0.0/src/rp2_common/pico_float/float_init_rom_rp2040.c.obj
 .rodata.__aeabi_float_init.str1.4
                0x1000760c       0x89 CMakeFiles/Hall_Sensor_Adc.dir/C_/Users/yoshi/.pico-sdk/sdk/2.0.0/src/rp2_common/pico_float/float_init_rom_rp2040.c.obj
 .rodata.__func__.0
                0x1000760c       0x13 CMakeFiles/Hall_Sensor_Adc.dir/C_/Users/yoshi/.pico-sdk/sdk/2.0.0/src/rp2_common/pico_float/float_init_rom_rp2040.c.obj
 .rodata.str1.4
                0x1000761f       0x38 CMakeFiles/Hall_Sensor_Adc.dir/C_/Users/yoshi/.pico-sdk/sdk/2.0.0/src/rp2_common/pico_standard_binary_info/standard_binary_info.c.obj
 *fill*         0x1000761f        0x1 
 .rodata.__bi_84
                0x10007620        0xc CMakeFiles/Hall_Sensor_Adc.dir/C_/Users/yoshi/.pico-sdk/sdk/2.0.0/src/rp2_common/pico_standard_binary_info/standard_binary_info.c.obj
 .rodata.__bi_60
                0x1000762c        0xc CMakeFiles/Hall_Sensor_Adc.dir/C_/Users/yoshi/.pico-sdk/sdk/2.0.0/src/rp2_common/pico_standard_binary_info/standard_binary_info.c.obj
 .rodata.__bi_54
                0x10007638        0xc CMakeFiles/Hall_Sensor_Adc.dir/C_/Users/yoshi/.pico-sdk/sdk/2.0.0/src/rp2_common/pico_standard_binary_info/standard_binary_info.c.obj
 .rodata.__bi_48
                0x10007644        0xc CMakeFiles/Hall_Sensor_Adc.dir/C_/Users/yoshi/.pico-sdk/sdk/2.0.0/src/rp2_common/pico_standard_binary_info/standard_binary_info.c.obj
 .rodata.__bi_42
                0x10007650        0xc CMakeFiles/Hall_Sensor_Adc.dir/C_/Users/yoshi/.pico-sdk/sdk/2.0.0/src/rp2_common/pico_standard_binary_info/standard_binary_info.c.obj
 .rodata.__bi_34
                0x1000765c        0xc CMakeFiles/Hall_Sensor_Adc.dir/C_/Users/yoshi/.pico-sdk/sdk/2.0.0/src/rp2_common/pico_standard_binary_info/standard_binary_info.c.obj
 .rodata.__bi_26
                0x10007668        0xc CMakeFiles/Hall_Sensor_Adc.dir/C_/Users/yoshi/.pico-sdk/sdk/2.0.0/src/rp2_common/pico_standard_binary_info/standard_binary_info.c.obj
 .rodata._ftoa.str1.4
                0x10007674       0x15 CMakeFiles/Hall_Sensor_Adc.dir/C_/Users/yoshi/.pico-sdk/sdk/2.0.0/src/rp2_common/pico_printf/printf.c.obj
 .rodata._vsnprintf
                0x10007674      0x19c CMakeFiles/Hall_Sensor_Adc.dir/C_/Users/yoshi/.pico-sdk/sdk/2.0.0/src/rp2_common/pico_printf/printf.c.obj
 .rodata.pow10.0
                0x10007810       0x50 CMakeFiles/Hall_Sensor_Adc.dir/C_/Users/yoshi/.pico-sdk/sdk/2.0.0/src/rp2_common/pico_printf/printf.c.obj
 .rodata.__assert_func.str1.4
                0x10007860       0x43 CMakeFiles/Hall_Sensor_Adc.dir/C_/Users/yoshi/.pico-sdk/sdk/2.0.0/src/rp2_common/pico_clib_interface/newlib_interface.c.obj
 .rodata.crlf_str.0
                0x10007860        0x2 CMakeFiles/Hall_Sensor_Adc.dir/C_/Users/yoshi/.pico-sdk/sdk/2.0.0/src/rp2_common/pico_stdio/stdio.c.obj
 *fill*         0x10007862        0x2 
 .rodata._resetd_driver
                0x10007864       0x20 CMakeFiles/Hall_Sensor_Adc.dir/C_/Users/yoshi/.pico-sdk/sdk/2.0.0/src/rp2_common/pico_stdio_usb/reset_interface.c.obj
 .rodata.desc_ms_os_20
                0x10007884       0xa6 CMakeFiles/Hall_Sensor_Adc.dir/C_/Users/yoshi/.pico-sdk/sdk/2.0.0/src/rp2_common/pico_stdio_usb/reset_interface.c.obj
 *fill*         0x1000792a        0x2 
 .rodata.desc_bos
                0x1000792c       0x21 CMakeFiles/Hall_Sensor_Adc.dir/C_/Users/yoshi/.pico-sdk/sdk/2.0.0/src/rp2_common/pico_stdio_usb/reset_interface.c.obj
                0x1000792c                desc_bos
 .rodata.stdio_usb_init.str1.4
                0x1000794d       0x55 CMakeFiles/Hall_Sensor_Adc.dir/C_/Users/yoshi/.pico-sdk/sdk/2.0.0/src/rp2_common/pico_stdio_usb/stdio_usb.c.obj
 .rodata.str1.4
                0x1000794d       0x13 CMakeFiles/Hall_Sensor_Adc.dir/C_/Users/yoshi/.pico-sdk/sdk/2.0.0/src/rp2_common/pico_stdio_usb/stdio_usb.c.obj
 *fill*         0x1000794d        0x3 
 .rodata.__bi_197.1
                0x10007950        0xc CMakeFiles/Hall_Sensor_Adc.dir/C_/Users/yoshi/.pico-sdk/sdk/2.0.0/src/rp2_common/pico_stdio_usb/stdio_usb.c.obj
 .rodata.__func__.2
                0x1000795c        0xf CMakeFiles/Hall_Sensor_Adc.dir/C_/Users/yoshi/.pico-sdk/sdk/2.0.0/src/rp2_common/pico_stdio_usb/stdio_usb.c.obj
 .rodata.str1.4
                0x1000796b       0x2a CMakeFiles/Hall_Sensor_Adc.dir/C_/Users/yoshi/.pico-sdk/sdk/2.0.0/src/rp2_common/pico_stdio_usb/stdio_usb_descriptors.c.obj
 *fill*         0x1000796b        0x1 
 .rodata.usbd_desc_str
                0x1000796c       0x18 CMakeFiles/Hall_Sensor_Adc.dir/C_/Users/yoshi/.pico-sdk/sdk/2.0.0/src/rp2_common/pico_stdio_usb/stdio_usb_descriptors.c.obj
 .rodata.usbd_desc_cfg
                0x10007984       0x54 CMakeFiles/Hall_Sensor_Adc.dir/C_/Users/yoshi/.pico-sdk/sdk/2.0.0/src/rp2_common/pico_stdio_usb/stdio_usb_descriptors.c.obj
 .rodata.usbd_desc_device
                0x100079d8       0x12 CMakeFiles/Hall_Sensor_Adc.dir/C_/Users/yoshi/.pico-sdk/sdk/2.0.0/src/rp2_common/pico_stdio_usb/stdio_usb_descriptors.c.obj
 .rodata.pico_get_unique_board_id_string.str1.4
                0x100079ea       0x55 CMakeFiles/Hall_Sensor_Adc.dir/C_/Users/yoshi/.pico-sdk/sdk/2.0.0/src/rp2_common/pico_unique_id/unique_id.c.obj
 *fill*         0x100079ea        0x2 
 .rodata.__func__.0
                0x100079ec       0x20 CMakeFiles/Hall_Sensor_Adc.dir/C_/Users/yoshi/.pico-sdk/sdk/2.0.0/src/rp2_common/pico_unique_id/unique_id.c.obj
 .rodata.str1.4
                0x10007a0c      0x199 CMakeFiles/Hall_Sensor_Adc.dir/C_/Users/yoshi/.pico-sdk/sdk/2.0.0/src/rp2_common/hardware_flash/flash.c.obj
 .rodata.__func__.0
                0x10007a0c        0xd CMakeFiles/Hall_Sensor_Adc.dir/C_/Users/yoshi/.pico-sdk/sdk/2.0.0/src/rp2_common/hardware_flash/flash.c.obj
 .rodata._hw_endpoint_alloc.str1.4
                0x10007a19       0xbd CMakeFiles/Hall_Sensor_Adc.dir/C_/Users/yoshi/.pico-sdk/sdk/2.0.0/lib/tinyusb/src/portable/raspberrypi/rp2040/dcd_rp2040.c.obj
 .rodata.str1.4
                0x10007a19       0x14 CMakeFiles/Hall_Sensor_Adc.dir/C_/Users/yoshi/.pico-sdk/sdk/2.0.0/lib/tinyusb/src/portable/raspberrypi/rp2040/dcd_rp2040.c.obj
 .rodata.dcd_int_enable.str1.4
                0x10007a19        0xc CMakeFiles/Hall_Sensor_Adc.dir/C_/Users/yoshi/.pico-sdk/sdk/2.0.0/lib/tinyusb/src/portable/raspberrypi/rp2040/dcd_rp2040.c.obj
 *fill*         0x10007a19        0x3 
 .rodata.__func__.0
                0x10007a1c        0xe CMakeFiles/Hall_Sensor_Adc.dir/C_/Users/yoshi/.pico-sdk/sdk/2.0.0/lib/tinyusb/src/portable/raspberrypi/rp2040/dcd_rp2040.c.obj
 *fill*         0x10007a2a        0x2 
 .rodata.__func__.1
                0x10007a2c        0xe CMakeFiles/Hall_Sensor_Adc.dir/C_/Users/yoshi/.pico-sdk/sdk/2.0.0/lib/tinyusb/src/portable/raspberrypi/rp2040/dcd_rp2040.c.obj
 *fill*         0x10007a3a        0x2 
 .rodata.__func__.3
                0x10007a3c       0x10 CMakeFiles/Hall_Sensor_Adc.dir/C_/Users/yoshi/.pico-sdk/sdk/2.0.0/lib/tinyusb/src/portable/raspberrypi/rp2040/dcd_rp2040.c.obj
 .rodata.__func__.5
                0x10007a4c        0xf CMakeFiles/Hall_Sensor_Adc.dir/C_/Users/yoshi/.pico-sdk/sdk/2.0.0/lib/tinyusb/src/portable/raspberrypi/rp2040/dcd_rp2040.c.obj
 *fill*         0x10007a5b        0x1 
 .rodata.__func__.6
                0x10007a5c       0x13 CMakeFiles/Hall_Sensor_Adc.dir/C_/Users/yoshi/.pico-sdk/sdk/2.0.0/lib/tinyusb/src/portable/raspberrypi/rp2040/dcd_rp2040.c.obj
 *fill*         0x10007a6f        0x1 
 .rodata.__func__.7
                0x10007a70        0x9 CMakeFiles/Hall_Sensor_Adc.dir/C_/Users/yoshi/.pico-sdk/sdk/2.0.0/lib/tinyusb/src/portable/raspberrypi/rp2040/dcd_rp2040.c.obj
 .rodata.str1.4
                0x10007a79       0xe4 CMakeFiles/Hall_Sensor_Adc.dir/C_/Users/yoshi/.pico-sdk/sdk/2.0.0/lib/tinyusb/src/portable/raspberrypi/rp2040/rp2040_usb.c.obj
 .rodata.hw_endpoint_xfer_start.str1.4
                0x10007a79       0x38 CMakeFiles/Hall_Sensor_Adc.dir/C_/Users/yoshi/.pico-sdk/sdk/2.0.0/lib/tinyusb/src/portable/raspberrypi/rp2040/rp2040_usb.c.obj
 *fill*         0x10007a79        0x3 
 .rodata.__func__.0
                0x10007a7c        0xf CMakeFiles/Hall_Sensor_Adc.dir/C_/Users/yoshi/.pico-sdk/sdk/2.0.0/lib/tinyusb/src/portable/raspberrypi/rp2040/rp2040_usb.c.obj
 .rodata.configuration_reset.str1.4
                0x10007a8b       0x17 CMakeFiles/Hall_Sensor_Adc.dir/C_/Users/yoshi/.pico-sdk/sdk/2.0.0/lib/tinyusb/src/device/usbd.c.obj
 *fill*         0x10007a8b        0x1 
 .rodata.process_get_descriptor
                0x10007a8c       0x40 CMakeFiles/Hall_Sensor_Adc.dir/C_/Users/yoshi/.pico-sdk/sdk/2.0.0/lib/tinyusb/src/device/usbd.c.obj
 .rodata        0x10007acc       0x1c CMakeFiles/Hall_Sensor_Adc.dir/C_/Users/yoshi/.pico-sdk/sdk/2.0.0/lib/tinyusb/src/device/usbd.c.obj
 .rodata.process_control_request
                0x10007ae8       0x28 CMakeFiles/Hall_Sensor_Adc.dir/C_/Users/yoshi/.pico-sdk/sdk/2.0.0/lib/tinyusb/src/device/usbd.c.obj
 .rodata.tud_task_ext
                0x10007b10       0x24 CMakeFiles/Hall_Sensor_Adc.dir/C_/Users/yoshi/.pico-sdk/sdk/2.0.0/lib/tinyusb/src/device/usbd.c.obj
 .rodata.__func__.4
                0x10007b34        0xf CMakeFiles/Hall_Sensor_Adc.dir/C_/Users/yoshi/.pico-sdk/sdk/2.0.0/lib/tinyusb/src/device/usbd.c.obj
 *fill*         0x10007b43        0x1 
 .rodata.__func__.5
                0x10007b44        0xf CMakeFiles/Hall_Sensor_Adc.dir/C_/Users/yoshi/.pico-sdk/sdk/2.0.0/lib/tinyusb/src/device/usbd.c.obj
 *fill*         0x10007b53        0x1 
 .rodata.__func__.6
                0x10007b54       0x14 CMakeFiles/Hall_Sensor_Adc.dir/C_/Users/yoshi/.pico-sdk/sdk/2.0.0/lib/tinyusb/src/device/usbd.c.obj
 .rodata.__func__.7
                0x10007b68        0xc CMakeFiles/Hall_Sensor_Adc.dir/C_/Users/yoshi/.pico-sdk/sdk/2.0.0/lib/tinyusb/src/device/usbd.c.obj
 .rodata.__func__.8
                0x10007b74       0x17 CMakeFiles/Hall_Sensor_Adc.dir/C_/Users/yoshi/.pico-sdk/sdk/2.0.0/lib/tinyusb/src/device/usbd.c.obj
 *fill*         0x10007b8b        0x1 
 .rodata.__func__.9
                0x10007b8c       0x13 CMakeFiles/Hall_Sensor_Adc.dir/C_/Users/yoshi/.pico-sdk/sdk/2.0.0/lib/tinyusb/src/device/usbd.c.obj
 *fill*         0x10007b9f        0x1 
 .rodata.__func__.10
                0x10007ba0       0x18 CMakeFiles/Hall_Sensor_Adc.dir/C_/Users/yoshi/.pico-sdk/sdk/2.0.0/lib/tinyusb/src/device/usbd.c.obj
 .rodata.__func__.11
                0x10007bb8       0x14 CMakeFiles/Hall_Sensor_Adc.dir/C_/Users/yoshi/.pico-sdk/sdk/2.0.0/lib/tinyusb/src/device/usbd.c.obj
 .rodata.__func__.12
                0x10007bcc        0xd CMakeFiles/Hall_Sensor_Adc.dir/C_/Users/yoshi/.pico-sdk/sdk/2.0.0/lib/tinyusb/src/device/usbd.c.obj
 *fill*         0x10007bd9        0x3 
 .rodata.__func__.13
                0x10007bdc        0x9 CMakeFiles/Hall_Sensor_Adc.dir/C_/Users/yoshi/.pico-sdk/sdk/2.0.0/lib/tinyusb/src/device/usbd.c.obj
 *fill*         0x10007be5        0x3 
 .rodata._usbd_driver
                0x10007be8       0x40 CMakeFiles/Hall_Sensor_Adc.dir/C_/Users/yoshi/.pico-sdk/sdk/2.0.0/lib/tinyusb/src/device/usbd.c.obj
 .rodata.tud_control_xfer.str1.4
                0x10007c28       0x17 CMakeFiles/Hall_Sensor_Adc.dir/C_/Users/yoshi/.pico-sdk/sdk/2.0.0/lib/tinyusb/src/device/usbd_control.c.obj
 .rodata.__func__.0
                0x10007c28       0x15 CMakeFiles/Hall_Sensor_Adc.dir/C_/Users/yoshi/.pico-sdk/sdk/2.0.0/lib/tinyusb/src/device/usbd_control.c.obj
 *fill*         0x10007c3d        0x3 
 .rodata.__func__.1
                0x10007c40       0x11 CMakeFiles/Hall_Sensor_Adc.dir/C_/Users/yoshi/.pico-sdk/sdk/2.0.0/lib/tinyusb/src/device/usbd_control.c.obj
 .rodata.tud_cdc_n_write_flush.str1.4
                0x10007c51       0x17 CMakeFiles/Hall_Sensor_Adc.dir/C_/Users/yoshi/.pico-sdk/sdk/2.0.0/lib/tinyusb/src/class/cdc/cdc_device.c.obj
 *fill*         0x10007c51        0x3 
 .rodata.__func__.0
                0x10007c54        0xd CMakeFiles/Hall_Sensor_Adc.dir/C_/Users/yoshi/.pico-sdk/sdk/2.0.0/lib/tinyusb/src/class/cdc/cdc_device.c.obj
 *fill*         0x10007c61        0x3 
 .rodata.__func__.1
                0x10007c64        0xa CMakeFiles/Hall_Sensor_Adc.dir/C_/Users/yoshi/.pico-sdk/sdk/2.0.0/lib/tinyusb/src/class/cdc/cdc_device.c.obj
 *fill*         0x10007c6e        0x2 
 .rodata.__func__.3
                0x10007c70       0x16 CMakeFiles/Hall_Sensor_Adc.dir/C_/Users/yoshi/.pico-sdk/sdk/2.0.0/lib/tinyusb/src/class/cdc/cdc_device.c.obj
 .rodata.tud_vendor_n_write_flush.str1.4
                0x10007c86       0x17 CMakeFiles/Hall_Sensor_Adc.dir/C_/Users/yoshi/.pico-sdk/sdk/2.0.0/lib/tinyusb/src/class/vendor/vendor_device.c.obj
 *fill*         0x10007c86        0x2 
 .rodata.__func__.0
                0x10007c88        0xd CMakeFiles/Hall_Sensor_Adc.dir/C_/Users/yoshi/.pico-sdk/sdk/2.0.0/lib/tinyusb/src/class/vendor/vendor_device.c.obj
 *fill*         0x10007c95        0x3 
 .rodata.__func__.2
                0x10007c98       0x19 CMakeFiles/Hall_Sensor_Adc.dir/C_/Users/yoshi/.pico-sdk/sdk/2.0.0/lib/tinyusb/src/class/vendor/vendor_device.c.obj
 .rodata.tusb_init.str1.4
                0x10007cb1       0x17 CMakeFiles/Hall_Sensor_Adc.dir/C_/Users/yoshi/.pico-sdk/sdk/2.0.0/lib/tinyusb/src/tusb.c.obj
 *fill*         0x10007cb1        0x3 
 .rodata.__func__.3
                0x10007cb4       0x11 CMakeFiles/Hall_Sensor_Adc.dir/C_/Users/yoshi/.pico-sdk/sdk/2.0.0/lib/tinyusb/src/tusb.c.obj
 *fill*         0x10007cc5        0x3 
 .rodata.__func__.4
                0x10007cc8        0xa CMakeFiles/Hall_Sensor_Adc.dir/C_/Users/yoshi/.pico-sdk/sdk/2.0.0/lib/tinyusb/src/tusb.c.obj
                0x10007cd4                        . = ALIGN (0x4)
 *fill*         0x10007cd2        0x2 
 *(SORT_BY_ALIGNMENT(SORT_BY_NAME(.flashdata*)))
                0x10007cd4                        . = ALIGN (0x4)

.ARM.extab
 *(.ARM.extab* .gnu.linkonce.armextab.*)
                0x10007cd4                        __exidx_start = .

.ARM.exidx
 *(.ARM.exidx* .gnu.linkonce.armexidx.*)
                0x10007cd4                        __exidx_end = .
                0x10007cd4                        . = ALIGN (0x4)
                0x10007cd4                        __binary_info_start = .

.binary_info    0x10007cd4       0x20
 *(.binary_info.keep.*)
 .binary_info.keep.__bi_ptr84
                0x10007cd4        0x4 CMakeFiles/Hall_Sensor_Adc.dir/C_/Users/yoshi/.pico-sdk/sdk/2.0.0/src/rp2_common/pico_standard_binary_info/standard_binary_info.c.obj
 .binary_info.keep.__bi_ptr60
                0x10007cd8        0x4 CMakeFiles/Hall_Sensor_Adc.dir/C_/Users/yoshi/.pico-sdk/sdk/2.0.0/src/rp2_common/pico_standard_binary_info/standard_binary_info.c.obj
 .binary_info.keep.__bi_ptr54
                0x10007cdc        0x4 CMakeFiles/Hall_Sensor_Adc.dir/C_/Users/yoshi/.pico-sdk/sdk/2.0.0/src/rp2_common/pico_standard_binary_info/standard_binary_info.c.obj
 .binary_info.keep.__bi_ptr48
                0x10007ce0        0x4 CMakeFiles/Hall_Sensor_Adc.dir/C_/Users/yoshi/.pico-sdk/sdk/2.0.0/src/rp2_common/pico_standard_binary_info/standard_binary_info.c.obj
 .binary_info.keep.__bi_ptr42