Archive member included to satisfy reference by file (symbol)

C:/Users/yoshi/.pico-sdk/toolchain/13_2_Rel1/bin/../lib/gcc/arm-none-eabi/13.2.1/thumb/v6-m/nofp\libgcc.a(_dvmd_tls.o)
                              CMakeFiles/Hall_Sensor_Adc.dir/C_/Users/yoshi/.pico-sdk/sdk/2.0.0/src/rp2_common/pico_divider/divider_hardware.S.obj (__aeabi_idiv0)
C:/Users/yoshi/.pico-sdk/toolchain/13_2_Rel1/bin/../lib/gcc/arm-none-eabi/13.2.1/thumb/v6-m/nofp\libg.a(libc_a-calloc.o)
                              CMakeFiles/Hall_Sensor_Adc.dir/C_/Users/yoshi/.pico-sdk/sdk/2.0.0/src/rp2_common/pico_malloc/malloc.c.obj (calloc)
C:/Users/yoshi/.pico-sdk/toolchain/13_2_Rel1/bin/../lib/gcc/arm-none-eabi/13.2.1/thumb/v6-m/nofp\libg.a(libc_a-callocr.o)
                              C:/Users/yoshi/.pico-sdk/toolchain/13_2_Rel1/bin/../lib/gcc/arm-none-eabi/13.2.1/thumb/v6-m/nofp\libg.a(libc_a-calloc.o) (_calloc_r)
C:/Users/yoshi/.pico-sdk/toolchain/13_2_Rel1/bin/../lib/gcc/arm-none-eabi/13.2.1/thumb/v6-m/nofp\libg.a(libc_a-malloc.o)
                              CMakeFiles/Hall_Sensor_Adc.dir/C_/Users/yoshi/.pico-sdk/sdk/2.0.0/src/rp2_common/pico_malloc/malloc.c.obj (malloc)
C:/Users/yoshi/.pico-sdk/toolchain/13_2_Rel1/bin/../lib/gcc/arm-none-eabi/13.2.1/thumb/v6-m/nofp\libg.a(libc_a-mallocr.o)
                              C:/Users/yoshi/.pico-sdk/toolchain/13_2_Rel1/bin/../lib/gcc/arm-none-eabi/13.2.1/thumb/v6-m/nofp\libg.a(libc_a-callocr.o) (_malloc_r)
C:/Users/yoshi/.pico-sdk/toolchain/13_2_Rel1/bin/../lib/gcc/arm-none-eabi/13.2.1/thumb/v6-m/nofp\libg.a(libc_a-mlock.o)
                              C:/Users/yoshi/.pico-sdk/toolchain/13_2_Rel1/bin/../lib/gcc/arm-none-eabi/13.2.1/thumb/v6-m/nofp\libg.a(libc_a-mallocr.o) (__malloc_lock)
C:/Users/yoshi/.pico-sdk/toolchain/13_2_Rel1/bin/../lib/gcc/arm-none-eabi/13.2.1/thumb/v6-m/nofp\libg.a(libc_a-realloc.o)
                              CMakeFiles/Hall_Sensor_Adc.dir/C_/Users/yoshi/.pico-sdk/sdk/2.0.0/src/rp2_common/pico_malloc/malloc.c.obj (realloc)
C:/Users/yoshi/.pico-sdk/toolchain/13_2_Rel1/bin/../lib/gcc/arm-none-eabi/13.2.1/thumb/v6-m/nofp\libg.a(libc_a-reallocr.o)
                              C:/Users/yoshi/.pico-sdk/toolchain/13_2_Rel1/bin/../lib/gcc/arm-none-eabi/13.2.1/thumb/v6-m/nofp\libg.a(libc_a-realloc.o) (_realloc_r)
C:/Users/yoshi/.pico-sdk/toolchain/13_2_Rel1/bin/../lib/gcc/arm-none-eabi/13.2.1/thumb/v6-m/nofp\libg.a(libc_a-ctype_.o)
                              CMakeFiles/Hall_Sensor_Adc.dir/C_/Users/yoshi/.pico-sdk/sdk/2.0.0/lib/tinyusb/src/tusb.c.obj (_ctype_)
C:/Users/yoshi/.pico-sdk/toolchain/13_2_Rel1/bin/../lib/gcc/arm-none-eabi/13.2.1/thumb/v6-m/nofp\libg.a(libc_a-memcmp.o)
                              CMakeFiles/Hall_Sensor_Adc.dir/C_/Users/yoshi/.pico-sdk/sdk/2.0.0/src/rp2_common/pico_atomic/atomic.c.obj (memcmp)
C:/Users/yoshi/.pico-sdk/toolchain/13_2_Rel1/bin/../lib/gcc/arm-none-eabi/13.2.1/thumb/v6-m/nofp\libg.a(libc_a-memmove.o)
                              C:/Users/yoshi/.pico-sdk/toolchain/13_2_Rel1/bin/../lib/gcc/arm-none-eabi/13.2.1/thumb/v6-m/nofp\libg.a(libc_a-reallocr.o) (memmove)
C:/Users/yoshi/.pico-sdk/toolchain/13_2_Rel1/bin/../lib/gcc/arm-none-eabi/13.2.1/thumb/v6-m/nofp\libg.a(libc_a-lcltime_r.o)
                              CMakeFiles/Hall_Sensor_Adc.dir/C_/Users/yoshi/.pico-sdk/sdk/2.0.0/src/common/pico_util/datetime.c.obj (localtime_r)
C:/Users/yoshi/.pico-sdk/toolchain/13_2_Rel1/bin/../lib/gcc/arm-none-eabi/13.2.1/thumb/v6-m/nofp\libg.a(libc_a-mktime.o)
                              CMakeFiles/Hall_Sensor_Adc.dir/C_/Users/yoshi/.pico-sdk/sdk/2.0.0/src/common/pico_util/datetime.c.obj (mktime)
C:/Users/yoshi/.pico-sdk/toolchain/13_2_Rel1/bin/../lib/gcc/arm-none-eabi/13.2.1/thumb/v6-m/nofp\libg.a(libc_a-month_lengths.o)
                              C:/Users/yoshi/.pico-sdk/toolchain/13_2_Rel1/bin/../lib/gcc/arm-none-eabi/13.2.1/thumb/v6-m/nofp\libg.a(libc_a-lcltime_r.o) (__month_lengths)
C:/Users/yoshi/.pico-sdk/toolchain/13_2_Rel1/bin/../lib/gcc/arm-none-eabi/13.2.1/thumb/v6-m/nofp\libg.a(libc_a-tzcalc_limits.o)
                              C:/Users/yoshi/.pico-sdk/toolchain/13_2_Rel1/bin/../lib/gcc/arm-none-eabi/13.2.1/thumb/v6-m/nofp\libg.a(libc_a-lcltime_r.o) (__tzcalc_limits)
C:/Users/yoshi/.pico-sdk/toolchain/13_2_Rel1/bin/../lib/gcc/arm-none-eabi/13.2.1/thumb/v6-m/nofp\libg.a(libc_a-tzlock.o)
                              C:/Users/yoshi/.pico-sdk/toolchain/13_2_Rel1/bin/../lib/gcc/arm-none-eabi/13.2.1/thumb/v6-m/nofp\libg.a(libc_a-lcltime_r.o) (__tz_lock)
C:/Users/yoshi/.pico-sdk/toolchain/13_2_Rel1/bin/../lib/gcc/arm-none-eabi/13.2.1/thumb/v6-m/nofp\libg.a(libc_a-tzset.o)
                              C:/Users/yoshi/.pico-sdk/toolchain/13_2_Rel1/bin/../lib/gcc/arm-none-eabi/13.2.1/thumb/v6-m/nofp\libg.a(libc_a-lcltime_r.o) (_tzset_unlocked)
C:/Users/yoshi/.pico-sdk/toolchain/13_2_Rel1/bin/../lib/gcc/arm-none-eabi/13.2.1/thumb/v6-m/nofp\libg.a(libc_a-tzset_r.o)
[...]
Memory Configuration

Name             Origin             Length             Attributes
FLASH            0x10000000         0x00200000         xr
RAM              0x20000000         0x00040000         xrw
SCRATCH_X        0x20040000         0x00001000         xrw
SCRATCH_Y        0x20041000         0x00001000         xrw
*default*        0x00000000         0xffffffff

Linker script and memory map

LOAD C:/Users/yoshi/.pico-sdk/toolchain/13_2_Rel1/bin/../lib/gcc/arm-none-eabi/13.2.1/thumb/v6-m/nofp/crti.o
LOAD C:/Users/yoshi/.pico-sdk/toolchain/13_2_Rel1/bin/../lib/gcc/arm-none-eabi/13.2.1/thumb/v6-m/nofp/crtbegin.o
LOAD C:/Users/yoshi/.pico-sdk/toolchain/13_2_Rel1/bin/../lib/gcc/arm-none-eabi/13.2.1/thumb/v6-m/nofp/crt0.o

.flash_begin    0x10000000        0x0
                0x10000000                        __flash_binary_start = .

.boot2          0x10000000      0x100
                0x10000000                        __boot2_start__ = .
 *(.boot2)
 .boot2         0x10000000      0x100 C:\Users\yoshi\AppData\Local\Temp\ccinZSsL.o
                0x10000100                        __boot2_end__ = .
                0x00000001                        ASSERT (((__boot2_end__ - __boot2_start__) == 0x100), ERROR: Pico second stage bootloader must be 256 bytes in size)

.text           0x10000100     0x662c
                0x10000100                        __logical_binary_start = .
 *(.vectors)
 .vectors       0x10000100       0xd4 CMakeFiles/Hall_Sensor_Adc.dir/C_/Users/yoshi/.pico-sdk/sdk/2.0.0/src/rp2_common/pico_crt0/crt0.S.obj
                0x10000100                __VECTOR_TABLE
                0x10000100                __vectors
                0x100001c0                isr_invalid
                0x100001c0                __default_isrs_start
                0x100001c2                isr_nmi
                0x100001c4                isr_hardfault
                0x100001c6                isr_svcall
                0x100001c8                isr_pendsv
                0x100001ca                isr_systick
                0x100001cc                isr_irq23
                0x100001cc                isr_irq18
                0x100001cc                isr_irq11
                0x100001cc                isr_irq28
                0x100001cc                isr_irq19
                0x100001cc                isr_irq0
                0x100001cc                isr_irq6
                0x100001cc                isr_irq5
                0x100001cc                isr_irq12
                0x100001cc                isr_irq22
                0x100001cc                isr_irq31
                0x100001cc                isr_irq17
                0x100001cc                isr_irq27
                0x100001cc                isr_irq30
                0x100001cc                isr_irq2
                0x100001cc                isr_irq10
                0x100001cc                isr_irq8
                0x100001cc                isr_irq24
                0x100001cc                isr_irq1
                0x100001cc                isr_irq7
                0x100001cc                isr_irq21
                0x100001cc                isr_irq20
                0x100001cc                isr_irq15
                0x100001cc                isr_irq25
                0x100001cc                isr_irq13
                0x100001cc                __unhandled_user_irq
                0x100001cc                isr_irq4
                0x100001cc                isr_irq16
                0x100001cc                isr_irq29
                0x100001cc                isr_irq26
                0x100001cc                __default_isrs_end
                0x100001cc                isr_irq3
                0x100001cc                isr_irq14
                0x100001cc                isr_irq9
                0x100001d2                unhandled_user_irq_num_in_r0
 *(.binary_info_header)
 .binary_info_header
                0x100001d4       0x14 CMakeFiles/Hall_Sensor_Adc.dir/C_/Users/yoshi/.pico-sdk/sdk/2.0.0/src/rp2_common/pico_crt0/crt0.S.obj
                0x100001e8                        __binary_info_header_end = .
 *(.embedded_block)
                0x100001e8                        __embedded_block_end = .
 *(.reset)
 .reset         0x100001e8       0x9c CMakeFiles/Hall_Sensor_Adc.dir/C_/Users/yoshi/.pico-sdk/sdk/2.0.0/src/rp2_common/pico_crt0/crt0.S.obj
                0x100001e8                _entry_point
 *(.init)
 .init          0x10000284        0x4 C:/Users/yoshi/.pico-sdk/toolchain/13_2_Rel1/bin/../lib/gcc/arm-none-eabi/13.2.1/thumb/v6-m/nofp/crti.o
                0x10000284                _init
 *(EXCLUDE_FILE(*libm.a: *libc.a:*lib_a-mem*.o *libgcc.a:) .text*)
 .text.register_tm_clones
                0x10000288       0x28 C:/Users/yoshi/.pico-sdk/toolchain/13_2_Rel1/bin/../lib/gcc/arm-none-eabi/13.2.1/thumb/v6-m/nofp/crtbegin.o
 .text.frame_dummy
                0x100002b0       0x24 C:/Users/yoshi/.pico-sdk/toolchain/13_2_Rel1/bin/../lib/gcc/arm-none-eabi/13.2.1/thumb/v6-m/nofp/crtbegin.o
 .text._Z10switch_isrjm
                0x100002d4       0x70 CMakeFiles/Hall_Sensor_Adc.dir/Hall_Sensor_Adc.cpp.obj
                0x100002d4                switch_isr(unsigned int, unsigned long)
 .text.adc_gpio_init
                0x10000344       0x1e CMakeFiles/Hall_Sensor_Adc.dir/Hall_Sensor_Adc.cpp.obj
 *fill*         0x10000362        0x2 
 .text.main     0x10000364      0x22c CMakeFiles/Hall_Sensor_Adc.dir/Hall_Sensor_Adc.cpp.obj
                0x10000364                main
 .text.gpio_set_function
                0x10000590       0x34 CMakeFiles/Hall_Sensor_Adc.dir/C_/Users/yoshi/.pico-sdk/sdk/2.0.0/src/rp2_common/hardware_gpio/gpio.c.obj
                0x10000590                gpio_set_function
 .text.gpio_set_pulls
                0x100005c4       0x38 CMakeFiles/Hall_Sensor_Adc.dir/C_/Users/yoshi/.pico-sdk/sdk/2.0.0/src/rp2_common/hardware_gpio/gpio.c.obj
                0x100005c4                gpio_set_pulls
 .text.gpio_set_irq_callback
                0x100005fc       0x48 CMakeFiles/Hall_Sensor_Adc.dir/C_/Users/yoshi/.pico-sdk/sdk/2.0.0/src/rp2_common/hardware_gpio/gpio.c.obj
                0x100005fc                gpio_set_irq_callback
 .text.gpio_acknowledge_irq
                0x10000644       0x18 CMakeFiles/Hall_Sensor_Adc.dir/C_/Users/yoshi/.pico-sdk/sdk/2.0.0/src/rp2_common/hardware_gpio/gpio.c.obj
                0x10000644                gpio_acknowledge_irq
 .text._gpio_set_irq_enabled
                0x1000065c       0x38 CMakeFiles/Hall_Sensor_Adc.dir/C_/Users/yoshi/.pico-sdk/sdk/2.0.0/src/rp2_common/hardware_gpio/gpio.c.obj
 .text.gpio_set_irq_enabled
                0x10000694       0x64 CMakeFiles/Hall_Sensor_Adc.dir/C_/Users/yoshi/.pico-sdk/sdk/2.0.0/src/rp2_common/hardware_gpio/gpio.c.obj
                0x10000694                gpio_set_irq_enabled
 .text.gpio_set_irq_enabled_with_callback
                0x100006f8       0x28 CMakeFiles/Hall_Sensor_Adc.dir/C_/Users/yoshi/.pico-sdk/sdk/2.0.0/src/rp2_common/hardware_gpio/gpio.c.obj
                0x100006f8                gpio_set_irq_enabled_with_callback
 .text.gpio_default_irq_handler
                0x10000720       0xa0 CMakeFiles/Hall_Sensor_Adc.dir/C_/Users/yoshi/.pico-sdk/sdk/2.0.0/src/rp2_common/hardware_gpio/gpio.c.obj
 .text.gpio_set_input_enabled
                0x100007c0       0x28 CMakeFiles/Hall_Sensor_Adc.dir/C_/Users/yoshi/.pico-sdk/sdk/2.0.0/src/rp2_common/hardware_gpio/gpio.c.obj
                0x100007c0                gpio_set_input_enabled
 .text.gpio_init
                0x100007e8       0x16 CMakeFiles/Hall_Sensor_Adc.dir/C_/Users/yoshi/.pico-sdk/sdk/2.0.0/src/rp2_common/hardware_gpio/gpio.c.obj
                0x100007e8                gpio_init
 *fill*         0x100007fe        0x2 
 .text.rp2040_chip_version
                0x10000800       0x54 CMakeFiles/Hall_Sensor_Adc.dir/C_/Users/yoshi/.pico-sdk/sdk/2.0.0/src/rp2040/pico_platform/platform.c.obj
                0x10000800                rp2040_chip_version
 .text.panic    0x10000854       0x30 CMakeFiles/Hall_Sensor_Adc.dir/C_/Users/yoshi/.pico-sdk/sdk/2.0.0/src/rp2_common/pico_platform_panic/panic.c.obj
                0x10000854                panic
 .text.hw_claim_lock
                0x10000884       0x18 CMakeFiles/Hall_Sensor_Adc.dir/C_/Users/yoshi/.pico-sdk/sdk/2.0.0/src/common/hardware_claim/claim.c.obj
                0x10000884                hw_claim_lock
 .text.hw_claim_unlock
                0x1000089c       0x14 CMakeFiles/Hall_Sensor_Adc.dir/C_/Users/yoshi/.pico-sdk/sdk/2.0.0/src/common/hardware_claim/claim.c.obj
                0x1000089c                hw_claim_unlock
 .text.hw_claim_or_assert
                0x100008b0       0x32 CMakeFiles/Hall_Sensor_Adc.dir/C_/Users/yoshi/.pico-sdk/sdk/2.0.0/src/common/hardware_claim/claim.c.obj
                0x100008b0                hw_claim_or_assert
 .text.hw_claim_unused_from_range
                0x100008e2       0x50 CMakeFiles/Hall_Sensor_Adc.dir/C_/Users/yoshi/.pico-sdk/sdk/2.0.0/src/common/hardware_claim/claim.c.obj
                0x100008e2                hw_claim_unused_from_range
 *fill*         0x10000932        0x2 
 .text.next_striped_spin_lock_num
                0x10000934       0x1c CMakeFiles/Hall_Sensor_Adc.dir/C_/Users/yoshi/.pico-sdk/sdk/2.0.0/src/rp2_common/hardware_sync/sync.c.obj
                0x10000934                next_striped_spin_lock_num
 .text.spin_lock_claim_unused
                0x10000950       0x24 CMakeFiles/Hall_Sensor_Adc.dir/C_/Users/yoshi/.pico-sdk/sdk/2.0.0/src/rp2_common/hardware_sync/sync.c.obj
                0x10000950                spin_lock_claim_unused
 .text.spin_locks_reset
                0x10000974       0x20 CMakeFiles/Hall_Sensor_Adc.dir/C_/Users/yoshi/.pico-sdk/sdk/2.0.0/src/rp2_common/hardware_sync_spin_lock/sync_spin_lock.c.obj
                0x10000974                spin_locks_reset
 .text.set_raw_irq_handler_and_unlock
                0x10000994       0x28 CMakeFiles/Hall_Sensor_Adc.dir/C_/Users/yoshi/.pico-sdk/sdk/2.0.0/src/rp2_common/hardware_irq/irq.c.obj
 .text.nvic_ipr0
                0x100009bc        0x8 CMakeFiles/Hall_Sensor_Adc.dir/C_/Users/yoshi/.pico-sdk/sdk/2.0.0/src/rp2_common/hardware_irq/irq.c.obj
 .text.runtime_init_per_core_irq_priorities
                0x100009c4       0x1c CMakeFiles/Hall_Sensor_Adc.dir/C_/Users/yoshi/.pico-sdk/sdk/2.0.0/src/rp2_common/hardware_irq/irq.c.obj
                0x100009c4                runtime_init_per_core_irq_priorities
 .text.resolve_j_16
                0x100009e0       0x30 CMakeFiles/Hall_Sensor_Adc.dir/C_/Users/yoshi/.pico-sdk/sdk/2.0.0/src/rp2_common/hardware_irq/irq.c.obj
 .text.make_j_16
                0x10000a10       0x48 CMakeFiles/Hall_Sensor_Adc.dir/C_/Users/yoshi/.pico-sdk/sdk/2.0.0/src/rp2_common/hardware_irq/irq.c.obj
 .text.insert_bl_32
                0x10000a58       0x40 CMakeFiles/Hall_Sensor_Adc.dir/C_/Users/yoshi/.pico-sdk/sdk/2.0.0/src/rp2_common/hardware_irq/irq.c.obj
 .text.irq_is_enabled
                0x10000a98       0x18 CMakeFiles/Hall_Sensor_Adc.dir/C_/Users/yoshi/.pico-sdk/sdk/2.0.0/src/rp2_common/hardware_irq/irq.c.obj
                0x10000a98                irq_is_enabled
 .text.irq_set_mask_n_enabled
                0x10000ab0       0x1c CMakeFiles/Hall_Sensor_Adc.dir/C_/Users/yoshi/.pico-sdk/sdk/2.0.0/src/rp2_common/hardware_irq/irq.c.obj
                0x10000ab0                irq_set_mask_n_enabled
 .text.irq_set_enabled
                0x10000acc       0x14 CMakeFiles/Hall_Sensor_Adc.dir/C_/Users/yoshi/.pico-sdk/sdk/2.0.0/src/rp2_common/hardware_irq/irq.c.obj
                0x10000acc                irq_set_enabled
 .text.irq_set_pending
                0x10000ae0       0x10 CMakeFiles/Hall_Sensor_Adc.dir/C_/Users/yoshi/.pico-sdk/sdk/2.0.0/src/rp2_common/hardware_irq/irq.c.obj
                0x10000ae0                irq_set_pending
 .text.irq_get_vtable_handler
                0x10000af0       0x10 CMakeFiles/Hall_Sensor_Adc.dir/C_/Users/yoshi/.pico-sdk/sdk/2.0.0/src/rp2_common/hardware_irq/irq.c.obj
                0x10000af0                irq_get_vtable_handler
 .text.irq_has_shared_handler
                0x10000b00       0x24 CMakeFiles/Hall_Sensor_Adc.dir/C_/Users/yoshi/.pico-sdk/sdk/2.0.0/src/rp2_common/hardware_irq/irq.c.obj
                0x10000b00                irq_has_shared_handler
 .text.irq_set_exclusive_handler
                0x10000b24       0x54 CMakeFiles/Hall_Sensor_Adc.dir/C_/Users/yoshi/.pico-sdk/sdk/2.0.0/src/rp2_common/hardware_irq/irq.c.obj
                0x10000b24                irq_set_exclusive_handler
 .text.irq_add_shared_handler
                0x10000b78      0x218 CMakeFiles/Hall_Sensor_Adc.dir/C_/Users/yoshi/.pico-sdk/sdk/2.0.0/src/rp2_common/hardware_irq/irq.c.obj
                0x10000b78                irq_add_shared_handler
 .text.irq_remove_handler
                0x10000d90      0x18c CMakeFiles/Hall_Sensor_Adc.dir/C_/Users/yoshi/.pico-sdk/sdk/2.0.0/src/rp2_common/hardware_irq/irq.c.obj
                0x10000d90                irq_remove_handler
 .text.irq_add_tail_to_free_list
                0x10000f1c       0xf4 CMakeFiles/Hall_Sensor_Adc.dir/C_/Users/yoshi/.pico-sdk/sdk/2.0.0/src/rp2_common/hardware_irq/irq.c.obj
                0x10000f1c                irq_add_tail_to_free_list
 .text.user_irq_claim_unused
                0x10001010       0x2c CMakeFiles/Hall_Sensor_Adc.dir/C_/Users/yoshi/.pico-sdk/sdk/2.0.0/src/rp2_common/hardware_irq/irq.c.obj
                0x10001010                user_irq_claim_unused
 .text.lock_init
                0x1000103c       0x10 CMakeFiles/Hall_Sensor_Adc.dir/C_/Users/yoshi/.pico-sdk/sdk/2.0.0/src/common/pico_sync/lock_core.c.obj
                0x1000103c                lock_init
 .text.mutex_init
                0x1000104c       0x1a CMakeFiles/Hall_Sensor_Adc.dir/C_/Users/yoshi/.pico-sdk/sdk/2.0.0/src/common/pico_sync/mutex.c.obj
                0x1000104c                mutex_init
 .text.recursive_mutex_init
                0x10001066       0x1e CMakeFiles/Hall_Sensor_Adc.dir/C_/Users/yoshi/.pico-sdk/sdk/2.0.0/src/common/pico_sync/mutex.c.obj
                0x10001066                recursive_mutex_init
 .text.runtime_init_mutex
                0x10001084       0x4c CMakeFiles/Hall_Sensor_Adc.dir/C_/Users/yoshi/.pico-sdk/sdk/2.0.0/src/common/pico_sync/mutex.c.obj
                0x10001084                runtime_init_mutex
 .text.critical_section_init_with_lock_num
                0x100010d0       0x14 CMakeFiles/Hall_Sensor_Adc.dir/C_/Users/yoshi/.pico-sdk/sdk/2.0.0/src/common/pico_sync/critical_section.c.obj
                0x100010d0                critical_section_init_with_lock_num
 .text.critical_section_init
                0x100010e4       0x14 CMakeFiles/Hall_Sensor_Adc.dir/C_/Users/yoshi/.pico-sdk/sdk/2.0.0/src/common/pico_sync/critical_section.c.obj
                0x100010e4                critical_section_init
 .text.make_alarm_id
                0x100010f8        0x6 CMakeFiles/Hall_Sensor_Adc.dir/C_/Users/yoshi/.pico-sdk/sdk/2.0.0/src/common/pico_time/time.c.obj
 *fill*         0x100010fe        0x2 
 .text.sleep_until_callback
                0x10001100       0x30 CMakeFiles/Hall_Sensor_Adc.dir/C_/Users/yoshi/.pico-sdk/sdk/2.0.0/src/common/pico_time/time.c.obj
 .text.alarm_pool_irq_handler
                0x10001130      0x2e0 CMakeFiles/Hall_Sensor_Adc.dir/C_/Users/yoshi/.pico-sdk/sdk/2.0.0/src/common/pico_time/time.c.obj
 .text.ta_enable_irq_handler
                0x10001410       0x2c CMakeFiles/Hall_Sensor_Adc.dir/C_/Users/yoshi/.pico-sdk/sdk/2.0.0/src/common/pico_time/time.c.obj
 .text.alarm_pool_post_alloc_init
                0x1000143c       0x78 CMakeFiles/Hall_Sensor_Adc.dir/C_/Users/yoshi/.pico-sdk/sdk/2.0.0/src/common/pico_time/time.c.obj
 .text.alarm_pool_get_default
                0x100014b4       0x2c CMakeFiles/Hall_Sensor_Adc.dir/C_/Users/yoshi/.pico-sdk/sdk/2.0.0/src/common/pico_time/time.c.obj
                0x100014b4                alarm_pool_get_default
 .text.alarm_pool_add_alarm_at_force_in_context
                0x100014e0       0xa4 CMakeFiles/Hall_Sensor_Adc.dir/C_/Users/yoshi/.pico-sdk/sdk/2.0.0/src/common/pico_time/time.c.obj
                0x100014e0                alarm_pool_add_alarm_at_force_in_context
 .text.alarm_pool_add_alarm_at
                0x10001584       0x3c CMakeFiles/Hall_Sensor_Adc.dir/C_/Users/yoshi/.pico-sdk/sdk/2.0.0/src/common/pico_time/time.c.obj
                0x10001584                alarm_pool_add_alarm_at
 .text.add_alarm_at
                0x100015c0       0x2e CMakeFiles/Hall_Sensor_Adc.dir/C_/Users/yoshi/.pico-sdk/sdk/2.0.0/src/common/pico_time/time.c.obj
 *fill*         0x100015ee        0x2 
 .text.alarm_pool_cancel_alarm
                0x100015f0       0x78 CMakeFiles/Hall_Sensor_Adc.dir/C_/Users/yoshi/.pico-sdk/sdk/2.0.0/src/common/pico_time/time.c.obj
                0x100015f0                alarm_pool_cancel_alarm
 .text.cancel_alarm
                0x10001668       0x10 CMakeFiles/Hall_Sensor_Adc.dir/C_/Users/yoshi/.pico-sdk/sdk/2.0.0/src/common/pico_time/time.c.obj
 .text.alarm_pool_core_num
                0x10001678        0x4 CMakeFiles/Hall_Sensor_Adc.dir/C_/Users/yoshi/.pico-sdk/sdk/2.0.0/src/common/pico_time/time.c.obj
                0x10001678                alarm_pool_core_num
 .text.best_effort_wfe_or_timeout
                0x1000167c       0xc4 CMakeFiles/Hall_Sensor_Adc.dir/C_/Users/yoshi/.pico-sdk/sdk/2.0.0/src/common/pico_time/time.c.obj
                0x1000167c                best_effort_wfe_or_timeout
 .text.alarm_pool_get_default_timer
                0x10001740        0x8 CMakeFiles/Hall_Sensor_Adc.dir/C_/Users/yoshi/.pico-sdk/sdk/2.0.0/src/common/pico_time/time.c.obj
                0x10001740                alarm_pool_get_default_timer
 .text.runtime_init_default_alarm_pool
                0x10001748       0x38 CMakeFiles/Hall_Sensor_Adc.dir/C_/Users/yoshi/.pico-sdk/sdk/2.0.0/src/common/pico_time/time.c.obj
                0x10001748                runtime_init_default_alarm_pool
 .text.timer_hardware_alarm_claim
                0x10001780       0x14 CMakeFiles/Hall_Sensor_Adc.dir/C_/Users/yoshi/.pico-sdk/sdk/2.0.0/src/rp2_common/hardware_timer/timer.c.obj
                0x10001780                timer_hardware_alarm_claim
 .text.timer_time_us_64
                0x10001794       0x10 CMakeFiles/Hall_Sensor_Adc.dir/C_/Users/yoshi/.pico-sdk/sdk/2.0.0/src/rp2_common/hardware_timer/timer.c.obj
                0x10001794                timer_time_us_64
 .text.time_us_64
                0x100017a4       0x10 CMakeFiles/Hall_Sensor_Adc.dir/C_/Users/yoshi/.pico-sdk/sdk/2.0.0/src/rp2_common/hardware_timer/timer.c.obj
                0x100017a4                time_us_64
 .text.clock_configure_internal
                0x100017b4       0xc4 CMakeFiles/Hall_Sensor_Adc.dir/C_/Users/yoshi/.pico-sdk/sdk/2.0.0/src/rp2_common/hardware_clocks/clocks.c.obj
 .text.clock_configure_int_divider
                0x10001878       0x28 CMakeFiles/Hall_Sensor_Adc.dir/C_/Users/yoshi/.pico-sdk/sdk/2.0.0/src/rp2_common/hardware_clocks/clocks.c.obj
                0x10001878                clock_configure_int_divider
 .text.clock_configure_undivided
                0x100018a0       0x12 CMakeFiles/Hall_Sensor_Adc.dir/C_/Users/yoshi/.pico-sdk/sdk/2.0.0/src/rp2_common/hardware_clocks/clocks.c.obj
                0x100018a0                clock_configure_undivided
 *fill*         0x100018b2        0x2 
 .text.clock_get_hz
                0x100018b4        0xc CMakeFiles/Hall_Sensor_Adc.dir/C_/Users/yoshi/.pico-sdk/sdk/2.0.0/src/rp2_common/hardware_clocks/clocks.c.obj
                0x100018b4                clock_get_hz
 .text.pll_init
                0x100018c0      0x124 CMakeFiles/Hall_Sensor_Adc.dir/C_/Users/yoshi/.pico-sdk/sdk/2.0.0/src/rp2_common/hardware_pll/pll.c.obj
                0x100018c0                pll_init
 .text.watchdog_update
                0x100019e4       0x14 CMakeFiles/Hall_Sensor_Adc.dir/C_/Users/yoshi/.pico-sdk/sdk/2.0.0/src/rp2_common/hardware_watchdog/watchdog.c.obj
                0x100019e4                watchdog_update
 .text._watchdog_enable
                0x100019f8       0x7c CMakeFiles/Hall_Sensor_Adc.dir/C_/Users/yoshi/.pico-sdk/sdk/2.0.0/src/rp2_common/hardware_watchdog/watchdog.c.obj
                0x100019f8                _watchdog_enable
 .text.watchdog_reboot
                0x10001a74       0x48 CMakeFiles/Hall_Sensor_Adc.dir/C_/Users/yoshi/.pico-sdk/sdk/2.0.0/src/rp2_common/hardware_watchdog/watchdog.c.obj
                0x10001a74                watchdog_reboot
 .text.tick_start
                0x10001abc       0x10 CMakeFiles/Hall_Sensor_Adc.dir/C_/Users/yoshi/.pico-sdk/sdk/2.0.0/src/rp2_common/hardware_ticks/ticks.c.obj
                0x10001abc                tick_start
 .text.xosc_init
                0x10001acc       0x28 CMakeFiles/Hall_Sensor_Adc.dir/C_/Users/yoshi/.pico-sdk/sdk/2.0.0/src/rp2_common/hardware_xosc/xosc.c.obj
                0x10001acc                xosc_init
 .text.runtime_run_initializers_from
                0x10001af4       0x18 CMakeFiles/Hall_Sensor_Adc.dir/C_/Users/yoshi/.pico-sdk/sdk/2.0.0/src/rp2_common/pico_runtime/runtime.c.obj
 .text.first_per_core_initializer
                0x10001b0c        0x2 CMakeFiles/Hall_Sensor_Adc.dir/C_/Users/yoshi/.pico-sdk/sdk/2.0.0/src/rp2_common/pico_runtime/runtime.c.obj
 *fill*         0x10001b0e        0x2 
 .text.runtime_run_initializers
                0x10001b10       0x10 CMakeFiles/Hall_Sensor_Adc.dir/C_/Users/yoshi/.pico-sdk/sdk/2.0.0/src/rp2_common/pico_runtime/runtime.c.obj
                0x10001b10                runtime_run_initializers
 .text.runtime_init_early_resets
                0x10001b20       0x2c CMakeFiles/Hall_Sensor_Adc.dir/C_/Users/yoshi/.pico-sdk/sdk/2.0.0/src/rp2_common/pico_runtime_init/runtime_init.c.obj
                0x10001b20                runtime_init_early_resets
 .text.runtime_init_usb_power_down
                0x10001b4c       0x1c CMakeFiles/Hall_Sensor_Adc.dir/C_/Users/yoshi/.pico-sdk/sdk/2.0.0/src/rp2_common/pico_runtime_init/runtime_init.c.obj
                0x10001b4c                runtime_init_usb_power_down
 .text.runtime_init_post_clock_resets
                0x10001b68       0x20 CMakeFiles/Hall_Sensor_Adc.dir/C_/Users/yoshi/.pico-sdk/sdk/2.0.0/src/rp2_common/pico_runtime_init/runtime_init.c.obj
                0x10001b68                runtime_init_post_clock_resets
 .text.runtime_init_rp2040_gpio_ie_disable
                0x10001b88       0x14 CMakeFiles/Hall_Sensor_Adc.dir/C_/Users/yoshi/.pico-sdk/sdk/2.0.0/src/rp2_common/pico_runtime_init/runtime_init.c.obj
                0x10001b88                runtime_init_rp2040_gpio_ie_disable
 .text.runtime_init_spin_locks_reset
                0x10001b9c        0x8 CMakeFiles/Hall_Sensor_Adc.dir/C_/Users/yoshi/.pico-sdk/sdk/2.0.0/src/rp2_common/pico_runtime_init/runtime_init.c.obj
                0x10001b9c                runtime_init_spin_locks_reset
 .text.runtime_init_install_ram_vector_table
                0x10001ba4       0x1c CMakeFiles/Hall_Sensor_Adc.dir/C_/Users/yoshi/.pico-sdk/sdk/2.0.0/src/rp2_common/pico_runtime_init/runtime_init.c.obj
                0x10001ba4                runtime_init_install_ram_vector_table
 .text.start_all_ticks
                0x10001bc0       0x28 CMakeFiles/Hall_Sensor_Adc.dir/C_/Users/yoshi/.pico-sdk/sdk/2.0.0/src/rp2_common/pico_runtime_init/runtime_init_clocks.c.obj
 .text.runtime_init_clocks
                0x10001be8       0xcc CMakeFiles/Hall_Sensor_Adc.dir/C_/Users/yoshi/.pico-sdk/sdk/2.0.0/src/rp2_common/pico_runtime_init/runtime_init_clocks.c.obj
                0x10001be8                runtime_init_clocks
 .text          0x10001cb4       0x10 CMakeFiles/Hall_Sensor_Adc.dir/C_/Users/yoshi/.pico-sdk/sdk/2.0.0/src/rp2_common/pico_bit_ops/bit_ops_aeabi.S.obj
 .text.rom_func_lookup
                0x10001cc4       0x10 CMakeFiles/Hall_Sensor_Adc.dir/C_/Users/yoshi/.pico-sdk/sdk/2.0.0/src/rp2_common/pico_bootrom/bootrom.c.obj
                0x10001cc4                rom_func_lookup
 .text.rom_data_lookup
                0x10001cd4       0x10 CMakeFiles/Hall_Sensor_Adc.dir/C_/Users/yoshi/.pico-sdk/sdk/2.0.0/src/rp2_common/pico_bootrom/bootrom.c.obj
                0x10001cd4                rom_data_lookup
 .text.rom_funcs_lookup
                0x10001ce4       0x36 CMakeFiles/Hall_Sensor_Adc.dir/C_/Users/yoshi/.pico-sdk/sdk/2.0.0/src/rp2_common/pico_bootrom/bootrom.c.obj
                0x10001ce4                rom_funcs_lookup
 *fill*         0x10001d1a        0x2 
 .text.rom_reset_usb_boot
                0x10001d1c       0x18 CMakeFiles/Hall_Sensor_Adc.dir/C_/Users/yoshi/.pico-sdk/sdk/2.0.0/src/rp2_common/pico_bootrom/bootrom.c.obj
                0x10001d1c                rom_reset_usb_boot
 .text.__wrap___aeabi_idiv
                0x10001d34       0x50 CMakeFiles/Hall_Sensor_Adc.dir/C_/Users/yoshi/.pico-sdk/sdk/2.0.0/src/rp2_common/pico_divider/divider_hardware.S.obj
                0x10001d34                __wrap___aeabi_idivmod
                0x10001d34                divmod_s32s32
                0x10001d34                div_s32s32
                0x10001d34                __wrap___aeabi_idiv
                0x10001d3c                divmod_s32s32_unsafe
                0x10001d68                divmod_s32s32_savestate
 .text.__wrap___aeabi_uidiv
                0x10001d84       0x4c CMakeFiles/Hall_Sensor_Adc.dir/C_/Users/yoshi/.pico-sdk/sdk/2.0.0/src/rp2_common/pico_divider/divider_hardware.S.obj
                0x10001d84                __wrap___aeabi_uidiv
                0x10001d84                __wrap___aeabi_uidivmod
                0x10001d84                div_u32u32
                0x10001d84                divmod_u32u32
                0x10001d8c                divmod_u32u32_unsafe
                0x10001db4                divmod_u32u32_savestate
 .text.__wrap___aeabi_ldiv
                0x10001dd0      0x424 CMakeFiles/Hall_Sensor_Adc.dir/C_/Users/yoshi/.pico-sdk/sdk/2.0.0/src/rp2_common/pico_divider/divider_hardware.S.obj
                0x10001dd0                div_s64s64
                0x10001dd0                divmod_s64s64
                0x10001dd0                __wrap___aeabi_ldivmod
                0x10001e00                divmod_u64u64
                0x10001e00                div_u64u64
                0x10001e00                __wrap___aeabi_uldivmod
                0x10001e10                divmod_u64u64_savestate
                0x10001e30                divmod_s64s64_unsafe
                0x10001eb8                divmod_u64u64_unsafe
 .text.__wrap___aeabi_darithmetic
                0x100021f4       0x60 CMakeFiles/Hall_Sensor_Adc.dir/C_/Users/yoshi/.pico-sdk/sdk/2.0.0/src/rp2_common/pico_double/double_aeabi_rp2040.S.obj
                0x100021f4                __wrap___aeabi_drsub
                0x100021fa                __wrap___aeabi_dsub
                0x10002204                __wrap___aeabi_dadd
                0x1000220e                __wrap___aeabi_ddiv
                0x10002242                __wrap___aeabi_dmul
 .text.__wrap___aeabi_cdcmple
                0x10002254       0x6c CMakeFiles/Hall_Sensor_Adc.dir/C_/Users/yoshi/.pico-sdk/sdk/2.0.0/src/rp2_common/pico_double/double_aeabi_rp2040.S.obj
                0x10002254                __wrap___aeabi_cdrcmple
                0x10002264                __wrap___aeabi_cdcmpeq
                0x10002264                __wrap___aeabi_cdcmple
 .text.__wrap___aeabi_dcmpeq
                0x100022c0       0x10 CMakeFiles/Hall_Sensor_Adc.dir/C_/Users/yoshi/.pico-sdk/sdk/2.0.0/src/rp2_common/pico_double/double_aeabi_rp2040.S.obj
                0x100022c0                __wrap___aeabi_dcmpeq
 .text.__wrap___aeabi_dcmplt
                0x100022d0        0xc CMakeFiles/Hall_Sensor_Adc.dir/C_/Users/yoshi/.pico-sdk/sdk/2.0.0/src/rp2_common/pico_double/double_aeabi_rp2040.S.obj
                0x100022d0                __wrap___aeabi_dcmplt
 .text.__wrap___aeabi_dcmple
                0x100022dc       0x10 CMakeFiles/Hall_Sensor_Adc.dir/C_/Users/yoshi/.pico-sdk/sdk/2.0.0/src/rp2_common/pico_double/double_aeabi_rp2040.S.obj
                0x100022dc                __wrap___aeabi_dcmple
 .text.__wrap___aeabi_dcmpge
                0x100022ec       0x10 CMakeFiles/Hall_Sensor_Adc.dir/C_/Users/yoshi/.pico-sdk/sdk/2.0.0/src/rp2_common/pico_double/double_aeabi_rp2040.S.obj
                0x100022ec                __wrap___aeabi_dcmpge
 .text.__wrap___aeabi_dcmpgt
                0x100022fc        0xa CMakeFiles/Hall_Sensor_Adc.dir/C_/Users/yoshi/.pico-sdk/sdk/2.0.0/src/rp2_common/pico_double/double_aeabi_rp2040.S.obj
                0x100022fc                __wrap___aeabi_dcmpgt
 .text.__wrap___aeabi_dcmpun
                0x10002306       0x18 CMakeFiles/Hall_Sensor_Adc.dir/C_/Users/yoshi/.pico-sdk/sdk/2.0.0/src/rp2_common/pico_double/double_aeabi_rp2040.S.obj
                0x10002306                __wrap___aeabi_dcmpun
 *fill*         0x1000231e        0x2 
 .text.__wrap___aeabi_i2d
                0x10002320       0x38 CMakeFiles/Hall_Sensor_Adc.dir/C_/Users/yoshi/.pico-sdk/sdk/2.0.0/src/rp2_common/pico_double/double_aeabi_rp2040.S.obj
                0x10002320                __wrap___aeabi_ui2d
                0x10002328                __wrap___aeabi_i2d
 .text.__wrap___aeabi_d2iz
                0x10002358       0x48 CMakeFiles/Hall_Sensor_Adc.dir/C_/Users/yoshi/.pico-sdk/sdk/2.0.0/src/rp2_common/pico_double/double_aeabi_rp2040.S.obj
                0x10002358                double2int_z
                0x10002358                __wrap___aeabi_d2iz
 .text.__wrap___aeabi_d2uiz
                0x100023a0       0x10 CMakeFiles/Hall_Sensor_Adc.dir/C_/Users/yoshi/.pico-sdk/sdk/2.0.0/src/rp2_common/pico_double/double_aeabi_rp2040.S.obj
                0x100023a0                __wrap___aeabi_d2uiz
                0x100023a0                double2uint
 .text.__wrap___aeabi_ul2d
                0x100023b0       0x10 CMakeFiles/Hall_Sensor_Adc.dir/C_/Users/yoshi/.pico-sdk/sdk/2.0.0/src/rp2_common/pico_double/double_aeabi_rp2040.S.obj
                0x100023b0                __wrap___aeabi_ul2d
 .text.__wrap___aeabi_d2f
                0x100023c0       0x10 CMakeFiles/Hall_Sensor_Adc.dir/C_/Users/yoshi/.pico-sdk/sdk/2.0.0/src/rp2_common/pico_double/double_aeabi_rp2040.S.obj
                0x100023c0                __wrap___aeabi_d2f
 .text.missing_double_func_shim
                0x100023d0        0xc CMakeFiles/Hall_Sensor_Adc.dir/C_/Users/yoshi/.pico-sdk/sdk/2.0.0/src/rp2_common/pico_double/double_init_rom_rp2040.c.obj
 .text.__aeabi_double_init
                0x100023dc       0xd0 CMakeFiles/Hall_Sensor_Adc.dir/C_/Users/yoshi/.pico-sdk/sdk/2.0.0/src/rp2_common/pico_double/double_init_rom_rp2040.c.obj
                0x100023dc                __aeabi_double_init
 .text.double_table_shim_on_use_helper
                0x100024ac       0x34 CMakeFiles/Hall_Sensor_Adc.dir/C_/Users/yoshi/.pico-sdk/sdk/2.0.0/src/rp2_common/pico_double/double_v1_rom_shim_rp2040.S.obj
                0x100024ac                double_table_shim_on_use_helper
 .text.__aeabi_lmul
                0x100024e0       0x32 CMakeFiles/Hall_Sensor_Adc.dir/C_/Users/yoshi/.pico-sdk/sdk/2.0.0/src/rp2_common/pico_int64_ops/pico_int64_ops_aeabi.S.obj
                0x100024e0                __wrap___aeabi_lmul
 *fill*         0x10002512        0x2 
 .text.__wrap___aeabi_farithmetic
                0x10002514       0x48 CMakeFiles/Hall_Sensor_Adc.dir/C_/Users/yoshi/.pico-sdk/sdk/2.0.0/src/rp2_common/pico_float/float_aeabi_rp2040.S.obj
                0x10002514                __wrap___aeabi_frsub
                0x1000251a                __wrap___aeabi_fsub
                0x10002520                __wrap___aeabi_fadd
                0x10002526                __wrap___aeabi_fdiv
                0x1000254e                __wrap___aeabi_fmul
 .text.__wrap___aeabi_f2d
                0x1000255c        0xc CMakeFiles/Hall_Sensor_Adc.dir/C_/Users/yoshi/.pico-sdk/sdk/2.0.0/src/rp2_common/pico_float/float_aeabi_rp2040.S.obj
                0x1000255c                __wrap___aeabi_f2d
 .text.missing_float_func_shim
                0x10002568        0xc CMakeFiles/Hall_Sensor_Adc.dir/C_/Users/yoshi/.pico-sdk/sdk/2.0.0/src/rp2_common/pico_float/float_init_rom_rp2040.c.obj
 .text.__aeabi_float_init
                0x10002574       0x88 CMakeFiles/Hall_Sensor_Adc.dir/C_/Users/yoshi/.pico-sdk/sdk/2.0.0/src/rp2_common/pico_float/float_init_rom_rp2040.c.obj
                0x10002574                __aeabi_float_init
 .text          0x100025fc       0x10 CMakeFiles/Hall_Sensor_Adc.dir/C_/Users/yoshi/.pico-sdk/sdk/2.0.0/src/rp2_common/pico_mem_ops/mem_ops_aeabi.S.obj
                0x100025fc                __aeabi_mem_init
 .text.memset   0x1000260c        0xc CMakeFiles/Hall_Sensor_Adc.dir/C_/Users/yoshi/.pico-sdk/sdk/2.0.0/src/rp2_common/pico_mem_ops/mem_ops_aeabi.S.obj
                0x1000260c                __wrap_memset
 .text.memcpy   0x10002618        0xc CMakeFiles/Hall_Sensor_Adc.dir/C_/Users/yoshi/.pico-sdk/sdk/2.0.0/src/rp2_common/pico_mem_ops/mem_ops_aeabi.S.obj
                0x10002618                __wrap_memcpy
                0x10002618                __wrap___aeabi_memcpy
 .text._out_null
                0x10002624        0x2 CMakeFiles/Hall_Sensor_Adc.dir/C_/Users/yoshi/.pico-sdk/sdk/2.0.0/src/rp2_common/pico_printf/printf.c.obj
 .text._out_fct
                0x10002626        0xe CMakeFiles/Hall_Sensor_Adc.dir/C_/Users/yoshi/.pico-sdk/sdk/2.0.0/src/rp2_common/pico_printf/printf.c.obj
 .text._atoi    0x10002634       0x24 CMakeFiles/Hall_Sensor_Adc.dir/C_/Users/yoshi/.pico-sdk/sdk/2.0.0/src/rp2_common/pico_printf/printf.c.obj
 .text._out_rev
                0x10002658       0xae CMakeFiles/Hall_Sensor_Adc.dir/C_/Users/yoshi/.pico-sdk/sdk/2.0.0/src/rp2_common/pico_printf/printf.c.obj
 .text._ntoa_format
                0x10002706      0x110 CMakeFiles/Hall_Sensor_Adc.dir/C_/Users/yoshi/.pico-sdk/sdk/2.0.0/src/rp2_common/pico_printf/printf.c.obj
 .text._ntoa_long
                0x10002816       0xbc CMakeFiles/Hall_Sensor_Adc.dir/C_/Users/yoshi/.pico-sdk/sdk/2.0.0/src/rp2_common/pico_printf/printf.c.obj
 .text._ntoa_long_long
                0x100028d2      0x10e CMakeFiles/Hall_Sensor_Adc.dir/C_/Users/yoshi/.pico-sdk/sdk/2.0.0/src/rp2_common/pico_printf/printf.c.obj
 .text._etoa    0x100029e0      0x420 CMakeFiles/Hall_Sensor_Adc.dir/C_/Users/yoshi/.pico-sdk/sdk/2.0.0/src/rp2_common/pico_printf/printf.c.obj
 .text._ftoa    0x10002e00      0x354 CMakeFiles/Hall_Sensor_Adc.dir/C_/Users/yoshi/.pico-sdk/sdk/2.0.0/src/rp2_common/pico_printf/printf.c.obj
 .text._vsnprintf
                0x10003154      0x668 CMakeFiles/Hall_Sensor_Adc.dir/C_/Users/yoshi/.pico-sdk/sdk/2.0.0/src/rp2_common/pico_printf/printf.c.obj
 .text.vfctprintf
                0x100037bc       0x20 CMakeFiles/Hall_Sensor_Adc.dir/C_/Users/yoshi/.pico-sdk/sdk/2.0.0/src/rp2_common/pico_printf/printf.c.obj
                0x100037bc                vfctprintf
 .text._exit    0x100037dc        0x4 CMakeFiles/Hall_Sensor_Adc.dir/C_/Users/yoshi/.pico-sdk/sdk/2.0.0/src/rp2_common/pico_clib_interface/newlib_interface.c.obj
                0x100037dc                _exit
 .text.exit     0x100037e0        0x6 CMakeFiles/Hall_Sensor_Adc.dir/C_/Users/yoshi/.pico-sdk/sdk/2.0.0/src/rp2_common/pico_clib_interface/newlib_interface.c.obj
                0x100037e0                exit
 *fill*         0x100037e6        0x2 
 .text.__assert_func
                0x100037e8       0x38 CMakeFiles/Hall_Sensor_Adc.dir/C_/Users/yoshi/.pico-sdk/sdk/2.0.0/src/rp2_common/pico_clib_interface/newlib_interface.c.obj
                0x100037e8                __assert_func
 .text.runtime_init
                0x10003820       0x28 CMakeFiles/Hall_Sensor_Adc.dir/C_/Users/yoshi/.pico-sdk/sdk/2.0.0/src/rp2_common/pico_clib_interface/newlib_interface.c.obj
                0x10003820                runtime_init
 .text.stdio_out_chars_no_crlf
                0x10003848        0xe CMakeFiles/Hall_Sensor_Adc.dir/C_/Users/yoshi/.pico-sdk/sdk/2.0.0/src/rp2_common/pico_stdio/stdio.c.obj
 *fill*         0x10003856        0x2 
 .text.stdio_out_chars_crlf
                0x10003858       0x80 CMakeFiles/Hall_Sensor_Adc.dir/C_/Users/yoshi/.pico-sdk/sdk/2.0.0/src/rp2_common/pico_stdio/stdio.c.obj
 .text.stdio_stack_buffer_flush
                0x100038d8       0x44 CMakeFiles/Hall_Sensor_Adc.dir/C_/Users/yoshi/.pico-sdk/sdk/2.0.0/src/rp2_common/pico_stdio/stdio.c.obj
 .text.stdio_buffered_printer
                0x1000391c       0x20 CMakeFiles/Hall_Sensor_Adc.dir/C_/Users/yoshi/.pico-sdk/sdk/2.0.0/src/rp2_common/pico_stdio/stdio.c.obj
 .text.stdout_serialize_begin
                0x1000393c       0x30 CMakeFiles/Hall_Sensor_Adc.dir/C_/Users/yoshi/.pico-sdk/sdk/2.0.0/src/rp2_common/pico_stdio/stdio.c.obj
                0x1000393c                stdout_serialize_begin
 .text.stdout_serialize_end
                0x1000396c       0x10 CMakeFiles/Hall_Sensor_Adc.dir/C_/Users/yoshi/.pico-sdk/sdk/2.0.0/src/rp2_common/pico_stdio/stdio.c.obj
                0x1000396c                stdout_serialize_end
 .text.stdio_put_string
                0x1000397c       0x94 CMakeFiles/Hall_Sensor_Adc.dir/C_/Users/yoshi/.pico-sdk/sdk/2.0.0/src/rp2_common/pico_stdio/stdio.c.obj
                0x1000397c                stdio_put_string
 .text.stdio_set_driver_enabled
                0x10003a10       0x2c CMakeFiles/Hall_Sensor_Adc.dir/C_/Users/yoshi/.pico-sdk/sdk/2.0.0/src/rp2_common/pico_stdio/stdio.c.obj
                0x10003a10                stdio_set_driver_enabled
 .text.stdio_flush
                0x10003a3c       0x20 CMakeFiles/Hall_Sensor_Adc.dir/C_/Users/yoshi/.pico-sdk/sdk/2.0.0/src/rp2_common/pico_stdio/stdio.c.obj
                0x10003a3c                stdio_flush
 .text.stdio_init_all
                0x10003a5c        0x8 CMakeFiles/Hall_Sensor_Adc.dir/C_/Users/yoshi/.pico-sdk/sdk/2.0.0/src/rp2_common/pico_stdio/stdio.c.obj
                0x10003a5c                stdio_init_all
 .text.__wrap_puts
                0x10003a64       0x1e CMakeFiles/Hall_Sensor_Adc.dir/C_/Users/yoshi/.pico-sdk/sdk/2.0.0/src/rp2_common/pico_stdio/stdio.c.obj
                0x10003a64                stdio_puts
                0x10003a64                __wrap_puts
 *fill*         0x10003a82        0x2 
 .text.__wrap_vprintf
                0x10003a84       0x40 CMakeFiles/Hall_Sensor_Adc.dir/C_/Users/yoshi/.pico-sdk/sdk/2.0.0/src/rp2_common/pico_stdio/stdio.c.obj
                0x10003a84                stdio_vprintf
                0x10003a84                __wrap_vprintf
 .text.__wrap_printf
                0x10003ac4       0x18 CMakeFiles/Hall_Sensor_Adc.dir/C_/Users/yoshi/.pico-sdk/sdk/2.0.0/src/rp2_common/pico_stdio/stdio.c.obj
                0x10003ac4                __wrap_printf
                0x10003ac4                stdio_printf
 .text.resetd_init
                0x10003adc        0x2 CMakeFiles/Hall_Sensor_Adc.dir/C_/Users/yoshi/.pico-sdk/sdk/2.0.0/src/rp2_common/pico_stdio_usb/reset_interface.c.obj
 *fill*         0x10003ade        0x2 
 .text.resetd_reset
                0x10003ae0        0xc CMakeFiles/Hall_Sensor_Adc.dir/C_/Users/yoshi/.pico-sdk/sdk/2.0.0/src/rp2_common/pico_stdio_usb/reset_interface.c.obj
 .text.resetd_open
                0x10003aec       0x34 CMakeFiles/Hall_Sensor_Adc.dir/C_/Users/yoshi/.pico-sdk/sdk/2.0.0/src/rp2_common/pico_stdio_usb/reset_interface.c.obj
 .text.resetd_xfer_cb
                0x10003b20        0x4 CMakeFiles/Hall_Sensor_Adc.dir/C_/Users/yoshi/.pico-sdk/sdk/2.0.0/src/rp2_common/pico_stdio_usb/reset_interface.c.obj
 .text.resetd_control_xfer_cb
                0x10003b24       0x5c CMakeFiles/Hall_Sensor_Adc.dir/C_/Users/yoshi/.pico-sdk/sdk/2.0.0/src/rp2_common/pico_stdio_usb/reset_interface.c.obj
 .text.tud_descriptor_bos_cb
                0x10003b80        0x8 CMakeFiles/Hall_Sensor_Adc.dir/C_/Users/yoshi/.pico-sdk/sdk/2.0.0/src/rp2_common/pico_stdio_usb/reset_interface.c.obj
                0x10003b80                tud_descriptor_bos_cb
 .text.tud_vendor_control_xfer_cb
                0x10003b88       0x38 CMakeFiles/Hall_Sensor_Adc.dir/C_/Users/yoshi/.pico-sdk/sdk/2.0.0/src/rp2_common/pico_stdio_usb/reset_interface.c.obj
                0x10003b88                tud_vendor_control_xfer_cb
 .text.usbd_app_driver_get_cb
                0x10003bc0        0xc CMakeFiles/Hall_Sensor_Adc.dir/C_/Users/yoshi/.pico-sdk/sdk/2.0.0/src/rp2_common/pico_stdio_usb/reset_interface.c.obj
                0x10003bc0                usbd_app_driver_get_cb
 .text.tud_cdc_line_coding_cb
                0x10003bcc       0x28 CMakeFiles/Hall_Sensor_Adc.dir/C_/Users/yoshi/.pico-sdk/sdk/2.0.0/src/rp2_common/pico_stdio_usb/reset_interface.c.obj
                0x10003bcc                tud_cdc_line_coding_cb
 .text.stdio_usb_set_chars_available_callback
                0x10003bf4       0x14 CMakeFiles/Hall_Sensor_Adc.dir/C_/Users/yoshi/.pico-sdk/sdk/2.0.0/src/rp2_common/pico_stdio_usb/stdio_usb.c.obj
                0x10003bf4                stdio_usb_set_chars_available_callback
 .text.stdio_usb_out_flush
                0x10003c08       0x4c CMakeFiles/Hall_Sensor_Adc.dir/C_/Users/yoshi/.pico-sdk/sdk/2.0.0/src/rp2_common/pico_stdio_usb/stdio_usb.c.obj
 .text.usb_irq  0x10003c54       0x10 CMakeFiles/Hall_Sensor_Adc.dir/C_/Users/yoshi/.pico-sdk/sdk/2.0.0/src/rp2_common/pico_stdio_usb/stdio_usb.c.obj
 .text.critical_section_enter_blocking
                0x10003c64       0x16 CMakeFiles/Hall_Sensor_Adc.dir/C_/Users/yoshi/.pico-sdk/sdk/2.0.0/src/rp2_common/pico_stdio_usb/stdio_usb.c.obj
 *fill*         0x10003c7a        0x2 
 .text.timer_task
                0x10003c7c       0x60 CMakeFiles/Hall_Sensor_Adc.dir/C_/Users/yoshi/.pico-sdk/sdk/2.0.0/src/rp2_common/pico_stdio_usb/stdio_usb.c.obj
 .text.alarm_pool_add_alarm_in_us
                0x10003cdc       0x40 CMakeFiles/Hall_Sensor_Adc.dir/C_/Users/yoshi/.pico-sdk/sdk/2.0.0/src/rp2_common/pico_stdio_usb/stdio_usb.c.obj
 .text.add_alarm_in_us
                0x10003d1c       0x2e CMakeFiles/Hall_Sensor_Adc.dir/C_/Users/yoshi/.pico-sdk/sdk/2.0.0/src/rp2_common/pico_stdio_usb/stdio_usb.c.obj
 *fill*         0x10003d4a        0x2 
 .text.low_priority_worker_irq
                0x10003d4c       0xa0 CMakeFiles/Hall_Sensor_Adc.dir/C_/Users/yoshi/.pico-sdk/sdk/2.0.0/src/rp2_common/pico_stdio_usb/stdio_usb.c.obj
 .text.stdio_usb_init
                0x10003dec       0xdc CMakeFiles/Hall_Sensor_Adc.dir/C_/Users/yoshi/.pico-sdk/sdk/2.0.0/src/rp2_common/pico_stdio_usb/stdio_usb.c.obj
                0x10003dec                stdio_usb_init
 .text.stdio_usb_connected
                0x10003ec8        0xa CMakeFiles/Hall_Sensor_Adc.dir/C_/Users/yoshi/.pico-sdk/sdk/2.0.0/src/rp2_common/pico_stdio_usb/stdio_usb.c.obj
                0x10003ec8                stdio_usb_connected
 *fill*         0x10003ed2        0x2 
 .text.stdio_usb_in_chars
                0x10003ed4       0x98 CMakeFiles/Hall_Sensor_Adc.dir/C_/Users/yoshi/.pico-sdk/sdk/2.0.0/src/rp2_common/pico_stdio_usb/stdio_usb.c.obj
                0x10003ed4                stdio_usb_in_chars
 .text.stdio_usb_out_chars
                0x10003f6c       0xe8 CMakeFiles/Hall_Sensor_Adc.dir/C_/Users/yoshi/.pico-sdk/sdk/2.0.0/src/rp2_common/pico_stdio_usb/stdio_usb.c.obj
 .text.tud_descriptor_device_cb
                0x10004054        0x8 CMakeFiles/Hall_Sensor_Adc.dir/C_/Users/yoshi/.pico-sdk/sdk/2.0.0/src/rp2_common/pico_stdio_usb/stdio_usb_descriptors.c.obj
                0x10004054                tud_descriptor_device_cb
 .text.tud_descriptor_configuration_cb
                0x1000405c        0x8 CMakeFiles/Hall_Sensor_Adc.dir/C_/Users/yoshi/.pico-sdk/sdk/2.0.0/src/rp2_common/pico_stdio_usb/stdio_usb_descriptors.c.obj
                0x1000405c                tud_descriptor_configuration_cb
 .text.tud_descriptor_string_cb
                0x10004064       0x6c CMakeFiles/Hall_Sensor_Adc.dir/C_/Users/yoshi/.pico-sdk/sdk/2.0.0/src/rp2_common/pico_stdio_usb/stdio_usb_descriptors.c.obj
                0x10004064                tud_descriptor_string_cb
 .text._retrieve_unique_id_on_boot
                0x100040d0       0x10 CMakeFiles/Hall_Sensor_Adc.dir/C_/Users/yoshi/.pico-sdk/sdk/2.0.0/src/rp2_common/pico_unique_id/unique_id.c.obj
 .text.pico_get_unique_board_id_string
                0x100040e0       0x5c CMakeFiles/Hall_Sensor_Adc.dir/C_/Users/yoshi/.pico-sdk/sdk/2.0.0/src/rp2_common/pico_unique_id/unique_id.c.obj
                0x100040e0                pico_get_unique_board_id_string
 .text.flash_get_unique_id
                0x1000413c       0x40 CMakeFiles/Hall_Sensor_Adc.dir/C_/Users/yoshi/.pico-sdk/sdk/2.0.0/src/rp2_common/hardware_flash/flash.c.obj
                0x1000413c                flash_get_unique_id
 .text._hw_endpoint_alloc
                0x1000417c       0x70 CMakeFiles/Hall_Sensor_Adc.dir/C_/Users/yoshi/.pico-sdk/sdk/2.0.0/lib/tinyusb/src/portable/raspberrypi/rp2040/dcd_rp2040.c.obj
 .text.hw_endpoint_init
                0x100041ec       0xbc CMakeFiles/Hall_Sensor_Adc.dir/C_/Users/yoshi/.pico-sdk/sdk/2.0.0/lib/tinyusb/src/portable/raspberrypi/rp2040/dcd_rp2040.c.obj
 .text.hw_endpoint_xfer
                0x100042a8       0x20 CMakeFiles/Hall_Sensor_Adc.dir/C_/Users/yoshi/.pico-sdk/sdk/2.0.0/lib/tinyusb/src/portable/raspberrypi/rp2040/dcd_rp2040.c.obj
 .text.dcd_int_enable
                0x100042c8       0x2c CMakeFiles/Hall_Sensor_Adc.dir/C_/Users/yoshi/.pico-sdk/sdk/2.0.0/lib/tinyusb/src/portable/raspberrypi/rp2040/dcd_rp2040.c.obj
                0x100042c8                dcd_int_enable
 .text.dcd_set_address
                0x100042f4       0x2c CMakeFiles/Hall_Sensor_Adc.dir/C_/Users/yoshi/.pico-sdk/sdk/2.0.0/lib/tinyusb/src/portable/raspberrypi/rp2040/dcd_rp2040.c.obj
                0x100042f4                dcd_set_address
 .text.dcd_connect
                0x10004320       0x10 CMakeFiles/Hall_Sensor_Adc.dir/C_/Users/yoshi/.pico-sdk/sdk/2.0.0/lib/tinyusb/src/portable/raspberrypi/rp2040/dcd_rp2040.c.obj
                0x10004320                dcd_connect
 .text.dcd_init
                0x10004330       0x80 CMakeFiles/Hall_Sensor_Adc.dir/C_/Users/yoshi/.pico-sdk/sdk/2.0.0/lib/tinyusb/src/portable/raspberrypi/rp2040/dcd_rp2040.c.obj
                0x10004330                dcd_init
 .text.dcd_sof_enable
                0x100043b0       0x1c CMakeFiles/Hall_Sensor_Adc.dir/C_/Users/yoshi/.pico-sdk/sdk/2.0.0/lib/tinyusb/src/portable/raspberrypi/rp2040/dcd_rp2040.c.obj
                0x100043b0                dcd_sof_enable
 .text.dcd_edpt0_status_complete
                0x100043cc       0x1c CMakeFiles/Hall_Sensor_Adc.dir/C_/Users/yoshi/.pico-sdk/sdk/2.0.0/lib/tinyusb/src/portable/raspberrypi/rp2040/dcd_rp2040.c.obj
                0x100043cc                dcd_edpt0_status_complete
 .text.dcd_edpt_open
                0x100043e8       0x40 CMakeFiles/Hall_Sensor_Adc.dir/C_/Users/yoshi/.pico-sdk/sdk/2.0.0/lib/tinyusb/src/portable/raspberrypi/rp2040/dcd_rp2040.c.obj
                0x100043e8                dcd_edpt_open
 .text.dcd_edpt_close_all
                0x10004428        0x8 CMakeFiles/Hall_Sensor_Adc.dir/C_/Users/yoshi/.pico-sdk/sdk/2.0.0/lib/tinyusb/src/portable/raspberrypi/rp2040/dcd_rp2040.c.obj
                0x10004428                dcd_edpt_close_all
 .text.dcd_edpt_xfer
                0x10004430       0x30 CMakeFiles/Hall_Sensor_Adc.dir/C_/Users/yoshi/.pico-sdk/sdk/2.0.0/lib/tinyusb/src/portable/raspberrypi/rp2040/dcd_rp2040.c.obj
                0x10004430                dcd_edpt_xfer
 .text.dcd_edpt_stall
                0x10004460       0x3c CMakeFiles/Hall_Sensor_Adc.dir/C_/Users/yoshi/.pico-sdk/sdk/2.0.0/lib/tinyusb/src/portable/raspberrypi/rp2040/dcd_rp2040.c.obj
                0x10004460                dcd_edpt_stall
 .text.dcd_edpt_clear_stall
                0x1000449c       0x30 CMakeFiles/Hall_Sensor_Adc.dir/C_/Users/yoshi/.pico-sdk/sdk/2.0.0/lib/tinyusb/src/portable/raspberrypi/rp2040/dcd_rp2040.c.obj
                0x1000449c                dcd_edpt_clear_stall
 .text.unaligned_memcpy
                0x100044cc       0x14 CMakeFiles/Hall_Sensor_Adc.dir/C_/Users/yoshi/.pico-sdk/sdk/2.0.0/lib/tinyusb/src/portable/raspberrypi/rp2040/rp2040_usb.c.obj
 .text.rp2040_usb_init
                0x100044e0       0x44 CMakeFiles/Hall_Sensor_Adc.dir/C_/Users/yoshi/.pico-sdk/sdk/2.0.0/lib/tinyusb/src/portable/raspberrypi/rp2040/rp2040_usb.c.obj
                0x100044e0                rp2040_usb_init
 .text.hw_endpoint_xfer_start
                0x10004524       0x60 CMakeFiles/Hall_Sensor_Adc.dir/C_/Users/yoshi/.pico-sdk/sdk/2.0.0/lib/tinyusb/src/portable/raspberrypi/rp2040/rp2040_usb.c.obj
                0x10004524                hw_endpoint_xfer_start
 .text.configuration_reset
                0x10004584       0x84 CMakeFiles/Hall_Sensor_Adc.dir/C_/Users/yoshi/.pico-sdk/sdk/2.0.0/lib/tinyusb/src/device/usbd.c.obj
 .text.critical_section_enter_blocking
                0x10004608       0x16 CMakeFiles/Hall_Sensor_Adc.dir/C_/Users/yoshi/.pico-sdk/sdk/2.0.0/lib/tinyusb/src/device/usbd.c.obj
 .text.usbd_reset
                0x1000461e        0xc CMakeFiles/Hall_Sensor_Adc.dir/C_/Users/yoshi/.pico-sdk/sdk/2.0.0/lib/tinyusb/src/device/usbd.c.obj
 .text.invoke_class_control
                0x1000462a       0x1a CMakeFiles/Hall_Sensor_Adc.dir/C_/Users/yoshi/.pico-sdk/sdk/2.0.0/lib/tinyusb/src/device/usbd.c.obj
 .text.process_set_config
                0x10004644      0x1b0 CMakeFiles/Hall_Sensor_Adc.dir/C_/Users/yoshi/.pico-sdk/sdk/2.0.0/lib/tinyusb/src/device/usbd.c.obj
 .text.tud_event_hook_cb
                0x100047f4        0x2 CMakeFiles/Hall_Sensor_Adc.dir/C_/Users/yoshi/.pico-sdk/sdk/2.0.0/lib/tinyusb/src/device/usbd.c.obj
                0x100047f4                tud_event_hook_cb
 .text.tud_sof_cb
                0x100047f6        0x2 CMakeFiles/Hall_Sensor_Adc.dir/C_/Users/yoshi/.pico-sdk/sdk/2.0.0/lib/tinyusb/src/device/usbd.c.obj
                0x100047f6                tud_sof_cb
 .text.tud_descriptor_device_qualifier_cb
                0x100047f8        0x4 CMakeFiles/Hall_Sensor_Adc.dir/C_/Users/yoshi/.pico-sdk/sdk/2.0.0/lib/tinyusb/src/device/usbd.c.obj
                0x100047f8                tud_descriptor_device_qualifier_cb
 .text.tud_descriptor_other_speed_configuration_cb
                0x100047fc        0x4 CMakeFiles/Hall_Sensor_Adc.dir/C_/Users/yoshi/.pico-sdk/sdk/2.0.0/lib/tinyusb/src/device/usbd.c.obj
                0x100047fc                tud_descriptor_other_speed_configuration_cb
 .text.process_get_descriptor
                0x10004800       0xe0 CMakeFiles/Hall_Sensor_Adc.dir/C_/Users/yoshi/.pico-sdk/sdk/2.0.0/lib/tinyusb/src/device/usbd.c.obj
 .text.tud_mount_cb
                0x100048e0        0x2 CMakeFiles/Hall_Sensor_Adc.dir/C_/Users/yoshi/.pico-sdk/sdk/2.0.0/lib/tinyusb/src/device/usbd.c.obj
                0x100048e0                tud_mount_cb
 .text.tud_umount_cb
                0x100048e2        0x2 CMakeFiles/Hall_Sensor_Adc.dir/C_/Users/yoshi/.pico-sdk/sdk/2.0.0/lib/tinyusb/src/device/usbd.c.obj
                0x100048e2                tud_umount_cb
 .text.tud_suspend_cb
                0x100048e4        0x2 CMakeFiles/Hall_Sensor_Adc.dir/C_/Users/yoshi/.pico-sdk/sdk/2.0.0/lib/tinyusb/src/device/usbd.c.obj
                0x100048e4                tud_suspend_cb
 .text.tud_resume_cb
                0x100048e6        0x2 CMakeFiles/Hall_Sensor_Adc.dir/C_/Users/yoshi/.pico-sdk/sdk/2.0.0/lib/tinyusb/src/device/usbd.c.obj
                0x100048e6                tud_resume_cb
 .text.tud_mounted
                0x100048e8       0x10 CMakeFiles/Hall_Sensor_Adc.dir/C_/Users/yoshi/.pico-sdk/sdk/2.0.0/lib/tinyusb/src/device/usbd.c.obj
                0x100048e8                tud_mounted
 .text.tud_suspended
                0x100048f8       0x10 CMakeFiles/Hall_Sensor_Adc.dir/C_/Users/yoshi/.pico-sdk/sdk/2.0.0/lib/tinyusb/src/device/usbd.c.obj
                0x100048f8                tud_suspended
 .text.tud_inited
                0x10004908       0x14 CMakeFiles/Hall_Sensor_Adc.dir/C_/Users/yoshi/.pico-sdk/sdk/2.0.0/lib/tinyusb/src/device/usbd.c.obj
                0x10004908                tud_inited
 .text.tud_init
                0x1000491c       0xdc CMakeFiles/Hall_Sensor_Adc.dir/C_/Users/yoshi/.pico-sdk/sdk/2.0.0/lib/tinyusb/src/device/usbd.c.obj
                0x1000491c                tud_init
 .text.usbd_edpt_open
                0x100049f8       0x60 CMakeFiles/Hall_Sensor_Adc.dir/C_/Users/yoshi/.pico-sdk/sdk/2.0.0/lib/tinyusb/src/device/usbd.c.obj
                0x100049f8                usbd_edpt_open
 .text.usbd_open_edpt_pair
                0x10004a58       0x8c CMakeFiles/Hall_Sensor_Adc.dir/C_/Users/yoshi/.pico-sdk/sdk/2.0.0/lib/tinyusb/src/device/usbd.c.obj
                0x10004a58                usbd_open_edpt_pair
 .text.usbd_edpt_claim
                0x10004ae4       0x28 CMakeFiles/Hall_Sensor_Adc.dir/C_/Users/yoshi/.pico-sdk/sdk/2.0.0/lib/tinyusb/src/device/usbd.c.obj
                0x10004ae4                usbd_edpt_claim
 .text.usbd_edpt_release
                0x10004b0c       0x28 CMakeFiles/Hall_Sensor_Adc.dir/C_/Users/yoshi/.pico-sdk/sdk/2.0.0/lib/tinyusb/src/device/usbd.c.obj
                0x10004b0c                usbd_edpt_release
 .text.usbd_edpt_xfer
                0x10004b34       0x88 CMakeFiles/Hall_Sensor_Adc.dir/C_/Users/yoshi/.pico-sdk/sdk/2.0.0/lib/tinyusb/src/device/usbd.c.obj
                0x10004b34                usbd_edpt_xfer
 .text.usbd_edpt_stall
                0x10004bbc       0x34 CMakeFiles/Hall_Sensor_Adc.dir/C_/Users/yoshi/.pico-sdk/sdk/2.0.0/lib/tinyusb/src/device/usbd.c.obj
                0x10004bbc                usbd_edpt_stall
 .text.usbd_edpt_clear_stall
                0x10004bf0       0x34 CMakeFiles/Hall_Sensor_Adc.dir/C_/Users/yoshi/.pico-sdk/sdk/2.0.0/lib/tinyusb/src/device/usbd.c.obj
                0x10004bf0                usbd_edpt_clear_stall
 .text.usbd_edpt_stalled
                0x10004c24       0x1c CMakeFiles/Hall_Sensor_Adc.dir/C_/Users/yoshi/.pico-sdk/sdk/2.0.0/lib/tinyusb/src/device/usbd.c.obj
                0x10004c24                usbd_edpt_stalled
 .text.process_control_request
                0x10004c40      0x390 CMakeFiles/Hall_Sensor_Adc.dir/C_/Users/yoshi/.pico-sdk/sdk/2.0.0/lib/tinyusb/src/device/usbd.c.obj
 .text.tud_task_ext
                0x10004fd0      0x1c8 CMakeFiles/Hall_Sensor_Adc.dir/C_/Users/yoshi/.pico-sdk/sdk/2.0.0/lib/tinyusb/src/device/usbd.c.obj
                0x10004fd0                tud_task_ext
 .text._status_stage_xact
                0x10005198       0x1a CMakeFiles/Hall_Sensor_Adc.dir/C_/Users/yoshi/.pico-sdk/sdk/2.0.0/lib/tinyusb/src/device/usbd_control.c.obj
 *fill*         0x100051b2        0x2 
 .text._data_stage_xact
                0x100051b4       0x60 CMakeFiles/Hall_Sensor_Adc.dir/C_/Users/yoshi/.pico-sdk/sdk/2.0.0/lib/tinyusb/src/device/usbd_control.c.obj
 .text.tud_control_status
                0x10005214       0x28 CMakeFiles/Hall_Sensor_Adc.dir/C_/Users/yoshi/.pico-sdk/sdk/2.0.0/lib/tinyusb/src/device/usbd_control.c.obj
                0x10005214                tud_control_status
 .text.tud_control_xfer
                0x1000523c       0x98 CMakeFiles/Hall_Sensor_Adc.dir/C_/Users/yoshi/.pico-sdk/sdk/2.0.0/lib/tinyusb/src/device/usbd_control.c.obj
                0x1000523c                tud_control_xfer
 .text.usbd_control_reset
                0x100052d4       0x14 CMakeFiles/Hall_Sensor_Adc.dir/C_/Users/yoshi/.pico-sdk/sdk/2.0.0/lib/tinyusb/src/device/usbd_control.c.obj
                0x100052d4                usbd_control_reset
 .text.usbd_control_set_complete_callback
                0x100052e8        0xc CMakeFiles/Hall_Sensor_Adc.dir/C_/Users/yoshi/.pico-sdk/sdk/2.0.0/lib/tinyusb/src/device/usbd_control.c.obj
                0x100052e8                usbd_control_set_complete_callback
 .text.usbd_control_set_request
                0x100052f4       0x1c CMakeFiles/Hall_Sensor_Adc.dir/C_/Users/yoshi/.pico-sdk/sdk/2.0.0/lib/tinyusb/src/device/usbd_control.c.obj
                0x100052f4                usbd_control_set_request
 .text.usbd_control_xfer_cb
                0x10005310       0xe0 CMakeFiles/Hall_Sensor_Adc.dir/C_/Users/yoshi/.pico-sdk/sdk/2.0.0/lib/tinyusb/src/device/usbd_control.c.obj
                0x10005310                usbd_control_xfer_cb
 .text._prep_out_transaction
                0x100053f0       0x72 CMakeFiles/Hall_Sensor_Adc.dir/C_/Users/yoshi/.pico-sdk/sdk/2.0.0/lib/tinyusb/src/class/cdc/cdc_device.c.obj
 *fill*         0x10005462        0x2 
 .text.tud_cdc_n_connected
                0x10005464       0x38 CMakeFiles/Hall_Sensor_Adc.dir/C_/Users/yoshi/.pico-sdk/sdk/2.0.0/lib/tinyusb/src/class/cdc/cdc_device.c.obj
                0x10005464                tud_cdc_n_connected
 .text.tud_cdc_n_available
                0x1000549c       0x18 CMakeFiles/Hall_Sensor_Adc.dir/C_/Users/yoshi/.pico-sdk/sdk/2.0.0/lib/tinyusb/src/class/cdc/cdc_device.c.obj
                0x1000549c                tud_cdc_n_available
 .text.tud_cdc_n_read
                0x100054b4       0x38 CMakeFiles/Hall_Sensor_Adc.dir/C_/Users/yoshi/.pico-sdk/sdk/2.0.0/lib/tinyusb/src/class/cdc/cdc_device.c.obj
                0x100054b4                tud_cdc_n_read
 .text.tud_cdc_n_write_flush
                0x100054ec       0xcc CMakeFiles/Hall_Sensor_Adc.dir/C_/Users/yoshi/.pico-sdk/sdk/2.0.0/lib/tinyusb/src/class/cdc/cdc_device.c.obj
                0x100054ec                tud_cdc_n_write_flush
 .text.tud_cdc_n_write
                0x100055b8       0x48 CMakeFiles/Hall_Sensor_Adc.dir/C_/Users/yoshi/.pico-sdk/sdk/2.0.0/lib/tinyusb/src/class/cdc/cdc_device.c.obj
                0x100055b8                tud_cdc_n_write
 .text.tud_cdc_n_write_available
                0x10005600       0x1c CMakeFiles/Hall_Sensor_Adc.dir/C_/Users/yoshi/.pico-sdk/sdk/2.0.0/lib/tinyusb/src/class/cdc/cdc_device.c.obj
                0x10005600                tud_cdc_n_write_available
 .text.cdcd_init
                0x1000561c       0xc0 CMakeFiles/Hall_Sensor_Adc.dir/C_/Users/yoshi/.pico-sdk/sdk/2.0.0/lib/tinyusb/src/class/cdc/cdc_device.c.obj
                0x1000561c                cdcd_init
 .text.cdcd_deinit
                0x100056dc       0x50 CMakeFiles/Hall_Sensor_Adc.dir/C_/Users/yoshi/.pico-sdk/sdk/2.0.0/lib/tinyusb/src/class/cdc/cdc_device.c.obj
                0x100056dc                cdcd_deinit
 .text.cdcd_reset
                0x1000572c       0x78 CMakeFiles/Hall_Sensor_Adc.dir/C_/Users/yoshi/.pico-sdk/sdk/2.0.0/lib/tinyusb/src/class/cdc/cdc_device.c.obj
                0x1000572c                cdcd_reset
 .text.cdcd_open
                0x100057a4       0xf0 CMakeFiles/Hall_Sensor_Adc.dir/C_/Users/yoshi/.pico-sdk/sdk/2.0.0/lib/tinyusb/src/class/cdc/cdc_device.c.obj
                0x100057a4                cdcd_open
 .text.cdcd_control_xfer_cb
                0x10005894      0x138 CMakeFiles/Hall_Sensor_Adc.dir/C_/Users/yoshi/.pico-sdk/sdk/2.0.0/lib/tinyusb/src/class/cdc/cdc_device.c.obj
                0x10005894                cdcd_control_xfer_cb
 .text.cdcd_xfer_cb
                0x100059cc      0x144 CMakeFiles/Hall_Sensor_Adc.dir/C_/Users/yoshi/.pico-sdk/sdk/2.0.0/lib/tinyusb/src/class/cdc/cdc_device.c.obj
                0x100059cc                cdcd_xfer_cb
 .text._prep_out_transaction
                0x10005b10       0x3a CMakeFiles/Hall_Sensor_Adc.dir/C_/Users/yoshi/.pico-sdk/sdk/2.0.0/lib/tinyusb/src/class/vendor/vendor_device.c.obj
 *fill*         0x10005b4a        0x2 
 .text.tud_vendor_n_write_flush
                0x10005b4c       0xcc CMakeFiles/Hall_Sensor_Adc.dir/C_/Users/yoshi/.pico-sdk/sdk/2.0.0/lib/tinyusb/src/class/vendor/vendor_device.c.obj
                0x10005b4c                tud_vendor_n_write_flush
 .text.vendord_init
                0x10005c18       0xa0 CMakeFiles/Hall_Sensor_Adc.dir/C_/Users/yoshi/.pico-sdk/sdk/2.0.0/lib/tinyusb/src/class/vendor/vendor_device.c.obj
                0x10005c18                vendord_init
 .text.vendord_deinit
                0x10005cb8       0x50 CMakeFiles/Hall_Sensor_Adc.dir/C_/Users/yoshi/.pico-sdk/sdk/2.0.0/lib/tinyusb/src/class/vendor/vendor_device.c.obj
                0x10005cb8                vendord_deinit
 .text.vendord_reset
                0x10005d08       0x38 CMakeFiles/Hall_Sensor_Adc.dir/C_/Users/yoshi/.pico-sdk/sdk/2.0.0/lib/tinyusb/src/class/vendor/vendor_device.c.obj
                0x10005d08                vendord_reset
 .text.vendord_open
                0x10005d40       0xd0 CMakeFiles/Hall_Sensor_Adc.dir/C_/Users/yoshi/.pico-sdk/sdk/2.0.0/lib/tinyusb/src/class/vendor/vendor_device.c.obj
                0x10005d40                vendord_open
 .text.vendord_xfer_cb
                0x10005e10       0xc8 CMakeFiles/Hall_Sensor_Adc.dir/C_/Users/yoshi/.pico-sdk/sdk/2.0.0/lib/tinyusb/src/class/vendor/vendor_device.c.obj
                0x10005e10                vendord_xfer_cb
 .text.tusb_init
                0x10005ed8       0x24 CMakeFiles/Hall_Sensor_Adc.dir/C_/Users/yoshi/.pico-sdk/sdk/2.0.0/lib/tinyusb/src/tusb.c.obj
                0x10005ed8                tusb_init
 .text.tu_edpt_claim
                0x10005efc       0x50 CMakeFiles/Hall_Sensor_Adc.dir/C_/Users/yoshi/.pico-sdk/sdk/2.0.0/lib/tinyusb/src/tusb.c.obj
                0x10005efc                tu_edpt_claim
 .text.tu_edpt_release
                0x10005f4c       0x38 CMakeFiles/Hall_Sensor_Adc.dir/C_/Users/yoshi/.pico-sdk/sdk/2.0.0/lib/tinyusb/src/tusb.c.obj
                0x10005f4c                tu_edpt_release
 .text.tu_edpt_validate
                0x10005f84       0xac CMakeFiles/Hall_Sensor_Adc.dir/C_/Users/yoshi/.pico-sdk/sdk/2.0.0/lib/tinyusb/src/tusb.c.obj
                0x10005f84                tu_edpt_validate
 .text.tu_edpt_bind_driver
                0x10006030       0x26 CMakeFiles/Hall_Sensor_Adc.dir/C_/Users/yoshi/.pico-sdk/sdk/2.0.0/lib/tinyusb/src/tusb.c.obj
                0x10006030                tu_edpt_bind_driver
 .text.advance_index
                0x10006056       0x1a CMakeFiles/Hall_Sensor_Adc.dir/C_/Users/yoshi/.pico-sdk/sdk/2.0.0/lib/tinyusb/src/common/tusb_fifo.c.obj
 .text._tu_fifo_peek
                0x10006070       0x56 CMakeFiles/Hall_Sensor_Adc.dir/C_/Users/yoshi/.pico-sdk/sdk/2.0.0/lib/tinyusb/src/common/tusb_fifo.c.obj
 .text._ff_pull_n
                0x100060c6       0x68 CMakeFiles/Hall_Sensor_Adc.dir/C_/Users/yoshi/.pico-sdk/sdk/2.0.0/lib/tinyusb/src/common/tusb_fifo.c.obj
 .text._tu_fifo_peek_n
                0x1000612e       0x6a CMakeFiles/Hall_Sensor_Adc.dir/C_/Users/yoshi/.pico-sdk/sdk/2.0.0/lib/tinyusb/src/common/tusb_fifo.c.obj
 .text._tu_fifo_read_n
                0x10006198       0x4e CMakeFiles/Hall_Sensor_Adc.dir/C_/Users/yoshi/.pico-sdk/sdk/2.0.0/lib/tinyusb/src/common/tusb_fifo.c.obj
 .text._ff_push_n
                0x100061e6       0x68 CMakeFiles/Hall_Sensor_Adc.dir/C_/Users/yoshi/.pico-sdk/sdk/2.0.0/lib/tinyusb/src/common/tusb_fifo.c.obj
 .text._tu_fifo_write_n
                0x1000624e       0xf0 CMakeFiles/Hall_Sensor_Adc.dir/C_/Users/yoshi/.pico-sdk/sdk/2.0.0/lib/tinyusb/src/common/tusb_fifo.c.obj
 .text.tu_fifo_config
                0x1000633e       0x7c CMakeFiles/Hall_Sensor_Adc.dir/C_/Users/yoshi/.pico-sdk/sdk/2.0.0/lib/tinyusb/src/common/tusb_fifo.c.obj
                0x1000633e                tu_fifo_config
 .text.tu_fifo_count
                0x100063ba       0x2a CMakeFiles/Hall_Sensor_Adc.dir/C_/Users/yoshi/.pico-sdk/sdk/2.0.0/lib/tinyusb/src/common/tusb_fifo.c.obj
                0x100063ba                tu_fifo_count
 .text.tu_fifo_empty
                0x100063e4        0xe CMakeFiles/Hall_Sensor_Adc.dir/C_/Users/yoshi/.pico-sdk/sdk/2.0.0/lib/tinyusb/src/common/tusb_fifo.c.obj
                0x100063e4                tu_fifo_empty
 .text.tu_fifo_full
                0x100063f2       0x28 CMakeFiles/Hall_Sensor_Adc.dir/C_/Users/yoshi/.pico-sdk/sdk/2.0.0/lib/tinyusb/src/common/tusb_fifo.c.obj
                0x100063f2                tu_fifo_full
 .text.tu_fifo_remaining
                0x1000641a       0x2c CMakeFiles/Hall_Sensor_Adc.dir/C_/Users/yoshi/.pico-sdk/sdk/2.0.0/lib/tinyusb/src/common/tusb_fifo.c.obj
                0x1000641a                tu_fifo_remaining
 .text.tu_fifo_read
                0x10006446       0x42 CMakeFiles/Hall_Sensor_Adc.dir/C_/Users/yoshi/.pico-sdk/sdk/2.0.0/lib/tinyusb/src/common/tusb_fifo.c.obj
                0x10006446                tu_fifo_read
 .text.tu_fifo_read_n
                0x10006488        0xa CMakeFiles/Hall_Sensor_Adc.dir/C_/Users/yoshi/.pico-sdk/sdk/2.0.0/lib/tinyusb/src/common/tusb_fifo.c.obj
                0x10006488                tu_fifo_read_n
 .text.tu_fifo_write
                0x10006492       0x64 CMakeFiles/Hall_Sensor_Adc.dir/C_/Users/yoshi/.pico-sdk/sdk/2.0.0/lib/tinyusb/src/common/tusb_fifo.c.obj
                0x10006492                tu_fifo_write
 .text.tu_fifo_write_n
                0x100064f6        0xa CMakeFiles/Hall_Sensor_Adc.dir/C_/Users/yoshi/.pico-sdk/sdk/2.0.0/lib/tinyusb/src/common/tusb_fifo.c.obj
                0x100064f6                tu_fifo_write_n
 .text.tu_fifo_clear
                0x10006500       0x3e CMakeFiles/Hall_Sensor_Adc.dir/C_/Users/yoshi/.pico-sdk/sdk/2.0.0/lib/tinyusb/src/common/tusb_fifo.c.obj
                0x10006500                tu_fifo_clear
 .text.tu_fifo_set_overwritable
                0x1000653e       0x46 CMakeFiles/Hall_Sensor_Adc.dir/C_/Users/yoshi/.pico-sdk/sdk/2.0.0/lib/tinyusb/src/common/tusb_fifo.c.obj
                0x1000653e                tu_fifo_set_overwritable
 .text.adc_init
                0x10006584       0x34 CMakeFiles/Hall_Sensor_Adc.dir/C_/Users/yoshi/.pico-sdk/sdk/2.0.0/src/rp2_common/hardware_adc/adc.c.obj
                0x10006584                adc_init
 .text.strlen   0x100065b8       0x5c C:/Users/yoshi/.pico-sdk/toolchain/13_2_Rel1/bin/../lib/gcc/arm-none-eabi/13.2.1/thumb/v6-m/nofp\libg.a(libc_a-strlen-stub.o)
                0x100065b8                strlen
 *(.fini)
 .fini          0x10006614        0x4 C:/Users/yoshi/.pico-sdk/toolchain/13_2_Rel1/bin/../lib/gcc/arm-none-eabi/13.2.1/thumb/v6-m/nofp/crti.o
                0x10006614                _fini
 .fini.__stub   0x10006618       0xd0 linker stubs
 *crtbegin.o(.ctors)
 *crtbegin?.o(.ctors)
 *(EXCLUDE_FILE(*crtend.o *crtend?.o) .ctors)
 *(SORT_BY_NAME(.ctors.*))
 *(.ctors)
 *crtbegin.o(.dtors)
 *crtbegin?.o(.dtors)
 *(EXCLUDE_FILE(*crtend.o *crtend?.o) .dtors)
 *(SORT_BY_NAME(.dtors.*))
 *(.dtors)
                0x100066e8                        . = ALIGN (0x4)
                0x100066e8                        PROVIDE (__preinit_array_start = .)
 *(SORT_BY_NAME(.preinit_array.*))
 .preinit_array.00100
                0x100066e8        0x4 CMakeFiles/Hall_Sensor_Adc.dir/C_/Users/yoshi/.pico-sdk/sdk/2.0.0/src/rp2_common/pico_runtime_init/runtime_init.c.obj
                0x100066e8                __pre_init_runtime_init_early_resets
 .preinit_array.00101
                0x100066ec        0x4 CMakeFiles/Hall_Sensor_Adc.dir/C_/Users/yoshi/.pico-sdk/sdk/2.0.0/src/rp2_common/pico_runtime_init/runtime_init.c.obj
                0x100066ec                __pre_init_runtime_init_usb_power_down
 .preinit_array.00275
                0x100066f0        0x4 CMakeFiles/Hall_Sensor_Adc.dir/C_/Users/yoshi/.pico-sdk/sdk/2.0.0/src/rp2_common/pico_bit_ops/bit_ops_aeabi.S.obj
 .preinit_array.00300
                0x100066f4        0x4 CMakeFiles/Hall_Sensor_Adc.dir/C_/Users/yoshi/.pico-sdk/sdk/2.0.0/src/rp2_common/pico_mem_ops/mem_ops_aeabi.S.obj
 .preinit_array.00350
                0x100066f8        0x4 CMakeFiles/Hall_Sensor_Adc.dir/C_/Users/yoshi/.pico-sdk/sdk/2.0.0/src/rp2_common/pico_double/double_aeabi_rp2040.S.obj
 .preinit_array.00350
                0x100066fc        0x4 CMakeFiles/Hall_Sensor_Adc.dir/C_/Users/yoshi/.pico-sdk/sdk/2.0.0/src/rp2_common/pico_float/float_aeabi_rp2040.S.obj
 .preinit_array.00500
                0x10006700        0x4 CMakeFiles/Hall_Sensor_Adc.dir/C_/Users/yoshi/.pico-sdk/sdk/2.0.0/src/rp2_common/pico_runtime_init/runtime_init.c.obj
                0x10006700                __pre_init_runtime_init_clocks
 .preinit_array.00600
                0x10006704        0x4 CMakeFiles/Hall_Sensor_Adc.dir/C_/Users/yoshi/.pico-sdk/sdk/2.0.0/src/rp2_common/pico_runtime_init/runtime_init.c.obj
                0x10006704                __pre_init_runtime_init_post_clock_resets
 .preinit_array.00700
                0x10006708        0x4 CMakeFiles/Hall_Sensor_Adc.dir/C_/Users/yoshi/.pico-sdk/sdk/2.0.0/src/rp2_common/pico_runtime_init/runtime_init.c.obj
                0x10006708                __pre_init_runtime_init_rp2040_gpio_ie_disable
 .preinit_array.01000
                0x1000670c        0x4 CMakeFiles/Hall_Sensor_Adc.dir/C_/Users/yoshi/.pico-sdk/sdk/2.0.0/src/rp2_common/pico_runtime_init/runtime_init.c.obj
                0x1000670c                __pre_init_runtime_init_spin_locks_reset
 .preinit_array.01100
                0x10006710        0x4 CMakeFiles/Hall_Sensor_Adc.dir/C_/Users/yoshi/.pico-sdk/sdk/2.0.0/src/common/pico_sync/mutex.c.obj
                0x10006710                __pre_init_runtime_init_mutex
 .preinit_array.10080
                0x10006714        0x4 CMakeFiles/Hall_Sensor_Adc.dir/C_/Users/yoshi/.pico-sdk/sdk/2.0.0/src/rp2_common/pico_runtime_init/runtime_init.c.obj
                0x10006714                __pre_init_runtime_init_install_ram_vector_table
 .preinit_array.11000
                0x10006718        0x4 CMakeFiles/Hall_Sensor_Adc.dir/C_/Users/yoshi/.pico-sdk/sdk/2.0.0/src/common/pico_time/time.c.obj
                0x10006718                __pre_init_runtime_init_default_alarm_pool
 .preinit_array.YYYYY
                0x1000671c        0x4 CMakeFiles/Hall_Sensor_Adc.dir/C_/Users/yoshi/.pico-sdk/sdk/2.0.0/src/rp2_common/pico_runtime/runtime.c.obj
                0x1000671c                __pre_init_first_per_core_initializer
 .preinit_array.ZZZZZ.01200
                0x10006720        0x4 CMakeFiles/Hall_Sensor_Adc.dir/C_/Users/yoshi/.pico-sdk/sdk/2.0.0/src/rp2_common/hardware_irq/irq.c.obj
                0x10006720                __pre_init_runtime_init_per_core_irq_priorities
 *(.preinit_array)
                0x10006724                        PROVIDE (__preinit_array_end = .)
                0x10006724                        . = ALIGN (0x4)
                0x10006724                        PROVIDE (__init_array_start = .)
 *(SORT_BY_NAME(.init_array.*))
 *(.init_array)
 .init_array    0x10006724        0x4 C:/Users/yoshi/.pico-sdk/toolchain/13_2_Rel1/bin/../lib/gcc/arm-none-eabi/13.2.1/thumb/v6-m/nofp/crtbegin.o
 .init_array    0x10006728        0x4 CMakeFiles/Hall_Sensor_Adc.dir/C_/Users/yoshi/.pico-sdk/sdk/2.0.0/src/rp2_common/pico_unique_id/unique_id.c.obj
                0x1000672c                        PROVIDE (__init_array_end = .)
                0x1000672c                        . = ALIGN (0x4)
                [!provide]                        PROVIDE (__fini_array_start = .)
 *(SORT_BY_NAME(.fini_array.*))
 *(.fini_array)
                [!provide]                        PROVIDE (__fini_array_end = .)
 *(.eh_frame*)
 .eh_frame      0x1000672c        0x0 C:/Users/yoshi/.pico-sdk/toolchain/13_2_Rel1/bin/../lib/gcc/arm-none-eabi/13.2.1/thumb/v6-m/nofp/crtbegin.o
                0x1000672c                        . = ALIGN (0x4)

.glue_7         0x1000672c        0x0
 .glue_7        0x1000672c        0x0 linker stubs

.glue_7t        0x1000672c        0x0
 .glue_7t       0x1000672c        0x0 linker stubs

.vfp11_veneer   0x1000672c        0x0
 .vfp11_veneer  0x1000672c        0x0 linker stubs

.v4_bx          0x1000672c        0x0
 .v4_bx         0x1000672c        0x0 linker stubs

.iplt           0x1000672c        0x0
 .iplt          0x1000672c        0x0 C:/Users/yoshi/.pico-sdk/toolchain/13_2_Rel1/bin/../lib/gcc/arm-none-eabi/13.2.1/thumb/v6-m/nofp/crtbegin.o

.rodata         0x10006730     0x158c
 *(EXCLUDE_FILE(*libm.a: *libc.a:*lib_a-mem*.o *libgcc.a:) .rodata*)
 .rodata._Z10switch_isrjm.str1.4
                0x10006730      0xd7b CMakeFiles/Hall_Sensor_Adc.dir/Hall_Sensor_Adc.cpp.obj
                                 0x19 (size before relaxing)
 .rodata.main.str1.4
                0x100074ab       0xba CMakeFiles/Hall_Sensor_Adc.dir/Hall_Sensor_Adc.cpp.obj
 .rodata.gpio_add_raw_irq_handler_with_order_priority_masked.str1.4
                0x100074ab       0x73 CMakeFiles/Hall_Sensor_Adc.dir/C_/Users/yoshi/.pico-sdk/sdk/2.0.0/src/rp2_common/hardware_gpio/gpio.c.obj
 .rodata.gpio_set_irq_enabled.str1.4
                0x100074ab       0x55 CMakeFiles/Hall_Sensor_Adc.dir/C_/Users/yoshi/.pico-sdk/sdk/2.0.0/src/rp2_common/hardware_gpio/gpio.c.obj
 *fill*         0x100074ab        0x1 
 .rodata.__func__.4
                0x100074ac       0x15 CMakeFiles/Hall_Sensor_Adc.dir/C_/Users/yoshi/.pico-sdk/sdk/2.0.0/src/rp2_common/hardware_gpio/gpio.c.obj
 .rodata.rp2040_chip_version.str1.4
                0x100074c1       0x7d CMakeFiles/Hall_Sensor_Adc.dir/C_/Users/yoshi/.pico-sdk/sdk/2.0.0/src/rp2040/pico_platform/platform.c.obj
 *fill*         0x100074c1        0x3 
 .rodata.__func__.0
                0x100074c4       0x14 CMakeFiles/Hall_Sensor_Adc.dir/C_/Users/yoshi/.pico-sdk/sdk/2.0.0/src/rp2040/pico_platform/platform.c.obj
 .rodata.panic.str1.4
                0x100074d8       0x12 CMakeFiles/Hall_Sensor_Adc.dir/C_/Users/yoshi/.pico-sdk/sdk/2.0.0/src/rp2_common/pico_platform_panic/panic.c.obj
 .rodata.spin_lock_claim_unused.str1.4
                0x100074d8       0x1b CMakeFiles/Hall_Sensor_Adc.dir/C_/Users/yoshi/.pico-sdk/sdk/2.0.0/src/rp2_common/hardware_sync/sync.c.obj
 .rodata.resolve_j_16.str1.4
                0x100074d8       0x5d CMakeFiles/Hall_Sensor_Adc.dir/C_/Users/yoshi/.pico-sdk/sdk/2.0.0/src/rp2_common/hardware_irq/irq.c.obj
 .rodata.make_j_16.str1.4
                0x100074d8       0x30 CMakeFiles/Hall_Sensor_Adc.dir/C_/Users/yoshi/.pico-sdk/sdk/2.0.0/src/rp2_common/hardware_irq/irq.c.obj
 .rodata.insert_bl_32.str1.4
                0x100074d8       0x10 CMakeFiles/Hall_Sensor_Adc.dir/C_/Users/yoshi/.pico-sdk/sdk/2.0.0/src/rp2_common/hardware_irq/irq.c.obj
 .rodata.irq_set_exclusive_handler.str1.4
                0x100074d8       0x36 CMakeFiles/Hall_Sensor_Adc.dir/C_/Users/yoshi/.pico-sdk/sdk/2.0.0/src/rp2_common/hardware_irq/irq.c.obj
 .rodata.irq_add_shared_handler.str1.4
                0x100074d8       0xd2 CMakeFiles/Hall_Sensor_Adc.dir/C_/Users/yoshi/.pico-sdk/sdk/2.0.0/src/rp2_common/hardware_irq/irq.c.obj
 .rodata.irq_remove_handler.str1.4
                0x100074d8       0x3a CMakeFiles/Hall_Sensor_Adc.dir/C_/Users/yoshi/.pico-sdk/sdk/2.0.0/src/rp2_common/hardware_irq/irq.c.obj
 .rodata.irq_add_tail_to_free_list.str1.4
                0x100074d8       0x3a CMakeFiles/Hall_Sensor_Adc.dir/C_/Users/yoshi/.pico-sdk/sdk/2.0.0/src/rp2_common/hardware_irq/irq.c.obj
 .rodata.user_irq_claim_unused.str1.4
                0x100074d8       0x1b CMakeFiles/Hall_Sensor_Adc.dir/C_/Users/yoshi/.pico-sdk/sdk/2.0.0/src/rp2_common/hardware_irq/irq.c.obj
 .rodata.__func__.0
                0x100074d8       0x1a CMakeFiles/Hall_Sensor_Adc.dir/C_/Users/yoshi/.pico-sdk/sdk/2.0.0/src/rp2_common/hardware_irq/irq.c.obj
 *fill*         0x100074f2        0x2 
 .rodata.__func__.1
                0x100074f4        0xd CMakeFiles/Hall_Sensor_Adc.dir/C_/Users/yoshi/.pico-sdk/sdk/2.0.0/src/rp2_common/hardware_irq/irq.c.obj
 *fill*         0x10007501        0x3 
 .rodata.__func__.2
                0x10007504       0x13 CMakeFiles/Hall_Sensor_Adc.dir/C_/Users/yoshi/.pico-sdk/sdk/2.0.0/src/rp2_common/hardware_irq/irq.c.obj
 *fill*         0x10007517        0x1 
 .rodata.__func__.3
                0x10007518        0xa CMakeFiles/Hall_Sensor_Adc.dir/C_/Users/yoshi/.pico-sdk/sdk/2.0.0/src/rp2_common/hardware_irq/irq.c.obj
 *fill*         0x10007522        0x2 
 .rodata.__func__.4
                0x10007524        0xd CMakeFiles/Hall_Sensor_Adc.dir/C_/Users/yoshi/.pico-sdk/sdk/2.0.0/src/rp2_common/hardware_irq/irq.c.obj
 *fill*         0x10007531        0x3 
 .rodata.__func__.5
                0x10007534       0x17 CMakeFiles/Hall_Sensor_Adc.dir/C_/Users/yoshi/.pico-sdk/sdk/2.0.0/src/rp2_common/hardware_irq/irq.c.obj
 *fill*         0x1000754b        0x1 
 .rodata.__func__.6
                0x1000754c       0x1a CMakeFiles/Hall_Sensor_Adc.dir/C_/Users/yoshi/.pico-sdk/sdk/2.0.0/src/rp2_common/hardware_irq/irq.c.obj
 .rodata.runtime_init_mutex.str1.4
                0x10007566       0x60 CMakeFiles/Hall_Sensor_Adc.dir/C_/Users/yoshi/.pico-sdk/sdk/2.0.0/src/common/pico_sync/mutex.c.obj
 .rodata.str1.4
                0x10007566       0x51 CMakeFiles/Hall_Sensor_Adc.dir/C_/Users/yoshi/.pico-sdk/sdk/2.0.0/src/common/pico_sync/mutex.c.obj
 *fill*         0x10007566        0x2 
 .rodata.__func__.1
                0x10007568        0xb CMakeFiles/Hall_Sensor_Adc.dir/C_/Users/yoshi/.pico-sdk/sdk/2.0.0/src/common/pico_sync/mutex.c.obj
 *fill*         0x10007573        0x1 
 .rodata.__func__.3
                0x10007574       0x18 CMakeFiles/Hall_Sensor_Adc.dir/C_/Users/yoshi/.pico-sdk/sdk/2.0.0/src/common/pico_sync/mutex.c.obj
 .rodata.__func__.6
                0x1000758c       0x13 CMakeFiles/Hall_Sensor_Adc.dir/C_/Users/yoshi/.pico-sdk/sdk/2.0.0/src/common/pico_sync/mutex.c.obj
 .rodata.alarm_pool_irq_handler.str1.4
                0x1000759f       0x6b CMakeFiles/Hall_Sensor_Adc.dir/C_/Users/yoshi/.pico-sdk/sdk/2.0.0/src/common/pico_time/time.c.obj
 .rodata.alarm_pool_get_default.str1.4
                0x1000759f       0x21 CMakeFiles/Hall_Sensor_Adc.dir/C_/Users/yoshi/.pico-sdk/sdk/2.0.0/src/common/pico_time/time.c.obj
 *fill*         0x1000759f        0x1 
 .rodata.__func__.1
                0x100075a0       0x17 CMakeFiles/Hall_Sensor_Adc.dir/C_/Users/yoshi/.pico-sdk/sdk/2.0.0/src/common/pico_time/time.c.obj
 *fill*         0x100075b7        0x1 
 .rodata.__func__.2
                0x100075b8       0x17 CMakeFiles/Hall_Sensor_Adc.dir/C_/Users/yoshi/.pico-sdk/sdk/2.0.0/src/common/pico_time/time.c.obj
 .rodata.timer_hardware_alarm_claim.str1.4
                0x100075cf       0x22 CMakeFiles/Hall_Sensor_Adc.dir/C_/Users/yoshi/.pico-sdk/sdk/2.0.0/src/rp2_common/hardware_timer/timer.c.obj
 .rodata.pll_init.str1.4
                0x100075cf      0x11c CMakeFiles/Hall_Sensor_Adc.dir/C_/Users/yoshi/.pico-sdk/sdk/2.0.0/src/rp2_common/hardware_pll/pll.c.obj
 *fill*         0x100075cf        0x1 
 .rodata.__func__.0
                0x100075d0        0x9 CMakeFiles/Hall_Sensor_Adc.dir/C_/Users/yoshi/.pico-sdk/sdk/2.0.0/src/rp2_common/hardware_pll/pll.c.obj
 .rodata.missing_double_func_shim.str1.4
                0x100075d9       0x18 CMakeFiles/Hall_Sensor_Adc.dir/C_/Users/yoshi/.pico-sdk/sdk/2.0.0/src/rp2_common/pico_double/double_init_rom_rp2040.c.obj
 .rodata.__aeabi_double_init.str1.4
                0x100075d9       0x9b CMakeFiles/Hall_Sensor_Adc.dir/C_/Users/yoshi/.pico-sdk/sdk/2.0.0/src/rp2_common/pico_double/double_init_rom_rp2040.c.obj
 *fill*         0x100075d9        0x3 
 .rodata.__func__.0
                0x100075dc       0x14 CMakeFiles/Hall_Sensor_Adc.dir/C_/Users/yoshi/.pico-sdk/sdk/2.0.0/src/rp2_common/pico_double/double_init_rom_rp2040.c.obj
 .rodata.missing_float_func_shim.str1.4
                0x100075f0        0x1 CMakeFiles/Hall_Sensor_Adc.dir/C_/Users/yoshi/.pico-sdk/sdk/2.0.0/src/rp2_common/pico_float/float_init_rom_rp2040.c.obj
 .rodata.__aeabi_float_init.str1.4
                0x100075f0       0x89 CMakeFiles/Hall_Sensor_Adc.dir/C_/Users/yoshi/.pico-sdk/sdk/2.0.0/src/rp2_common/pico_float/float_init_rom_rp2040.c.obj
 .rodata.__func__.0
                0x100075f0       0x13 CMakeFiles/Hall_Sensor_Adc.dir/C_/Users/yoshi/.pico-sdk/sdk/2.0.0/src/rp2_common/pico_float/float_init_rom_rp2040.c.obj
 .rodata.str1.4
                0x10007603       0x38 CMakeFiles/Hall_Sensor_Adc.dir/C_/Users/yoshi/.pico-sdk/sdk/2.0.0/src/rp2_common/pico_standard_binary_info/standard_binary_info.c.obj
 *fill*         0x10007603        0x1 
 .rodata.__bi_84
                0x10007604        0xc CMakeFiles/Hall_Sensor_Adc.dir/C_/Users/yoshi/.pico-sdk/sdk/2.0.0/src/rp2_common/pico_standard_binary_info/standard_binary_info.c.obj
 .rodata.__bi_60
                0x10007610        0xc CMakeFiles/Hall_Sensor_Adc.dir/C_/Users/yoshi/.pico-sdk/sdk/2.0.0/src/rp2_common/pico_standard_binary_info/standard_binary_info.c.obj
 .rodata.__bi_54
                0x1000761c        0xc CMakeFiles/Hall_Sensor_Adc.dir/C_/Users/yoshi/.pico-sdk/sdk/2.0.0/src/rp2_common/pico_standard_binary_info/standard_binary_info.c.obj
 .rodata.__bi_48
                0x10007628        0xc CMakeFiles/Hall_Sensor_Adc.dir/C_/Users/yoshi/.pico-sdk/sdk/2.0.0/src/rp2_common/pico_standard_binary_info/standard_binary_info.c.obj
 .rodata.__bi_42
                0x10007634        0xc CMakeFiles/Hall_Sensor_Adc.dir/C_/Users/yoshi/.pico-sdk/sdk/2.0.0/src/rp2_common/pico_standard_binary_info/standard_binary_info.c.obj
 .rodata.__bi_34
                0x10007640        0xc CMakeFiles/Hall_Sensor_Adc.dir/C_/Users/yoshi/.pico-sdk/sdk/2.0.0/src/rp2_common/pico_standard_binary_info/standard_binary_info.c.obj
 .rodata.__bi_26
                0x1000764c        0xc CMakeFiles/Hall_Sensor_Adc.dir/C_/Users/yoshi/.pico-sdk/sdk/2.0.0/src/rp2_common/pico_standard_binary_info/standard_binary_info.c.obj
 .rodata._ftoa.str1.4
                0x10007658       0x15 CMakeFiles/Hall_Sensor_Adc.dir/C_/Users/yoshi/.pico-sdk/sdk/2.0.0/src/rp2_common/pico_printf/printf.c.obj
 .rodata._vsnprintf
                0x10007658      0x19c CMakeFiles/Hall_Sensor_Adc.dir/C_/Users/yoshi/.pico-sdk/sdk/2.0.0/src/rp2_common/pico_printf/printf.c.obj
 *fill*         0x100077f4        0x4 
 .rodata.pow10.0
                0x100077f8       0x50 CMakeFiles/Hall_Sensor_Adc.dir/C_/Users/yoshi/.pico-sdk/sdk/2.0.0/src/rp2_common/pico_printf/printf.c.obj
 .rodata.__assert_func.str1.4
                0x10007848       0x43 CMakeFiles/Hall_Sensor_Adc.dir/C_/Users/yoshi/.pico-sdk/sdk/2.0.0/src/rp2_common/pico_clib_interface/newlib_interface.c.obj
 .rodata.crlf_str.0
                0x10007848        0x2 CMakeFiles/Hall_Sensor_Adc.dir/C_/Users/yoshi/.pico-sdk/sdk/2.0.0/src/rp2_common/pico_stdio/stdio.c.obj
 *fill*         0x1000784a        0x2 
 .rodata._resetd_driver
                0x1000784c       0x20 CMakeFiles/Hall_Sensor_Adc.dir/C_/Users/yoshi/.pico-sdk/sdk/2.0.0/src/rp2_common/pico_stdio_usb/reset_interface.c.obj
 .rodata.desc_ms_os_20
                0x1000786c       0xa6 CMakeFiles/Hall_Sensor_Adc.dir/C_/Users/yoshi/.pico-sdk/sdk/2.0.0/src/rp2_common/pico_stdio_usb/reset_interface.c.obj
 *fill*         0x10007912        0x2 
 .rodata.desc_bos
                0x10007914       0x21 CMakeFiles/Hall_Sensor_Adc.dir/C_/Users/yoshi/.pico-sdk/sdk/2.0.0/src/rp2_common/pico_stdio_usb/reset_interface.c.obj
                0x10007914                desc_bos
 .rodata.stdio_usb_init.str1.4
                0x10007935       0x55 CMakeFiles/Hall_Sensor_Adc.dir/C_/Users/yoshi/.pico-sdk/sdk/2.0.0/src/rp2_common/pico_stdio_usb/stdio_usb.c.obj
 .rodata.str1.4
                0x10007935       0x13 CMakeFiles/Hall_Sensor_Adc.dir/C_/Users/yoshi/.pico-sdk/sdk/2.0.0/src/rp2_common/pico_stdio_usb/stdio_usb.c.obj
 *fill*         0x10007935        0x3 
 .rodata.__bi_197.1
                0x10007938        0xc CMakeFiles/Hall_Sensor_Adc.dir/C_/Users/yoshi/.pico-sdk/sdk/2.0.0/src/rp2_common/pico_stdio_usb/stdio_usb.c.obj
 .rodata.__func__.2
                0x10007944        0xf CMakeFiles/Hall_Sensor_Adc.dir/C_/Users/yoshi/.pico-sdk/sdk/2.0.0/src/rp2_common/pico_stdio_usb/stdio_usb.c.obj
 .rodata.str1.4
                0x10007953       0x2a CMakeFiles/Hall_Sensor_Adc.dir/C_/Users/yoshi/.pico-sdk/sdk/2.0.0/src/rp2_common/pico_stdio_usb/stdio_usb_descriptors.c.obj
 *fill*         0x10007953        0x1 
 .rodata.usbd_desc_str
                0x10007954       0x18 CMakeFiles/Hall_Sensor_Adc.dir/C_/Users/yoshi/.pico-sdk/sdk/2.0.0/src/rp2_common/pico_stdio_usb/stdio_usb_descriptors.c.obj
 .rodata.usbd_desc_cfg
                0x1000796c       0x54 CMakeFiles/Hall_Sensor_Adc.dir/C_/Users/yoshi/.pico-sdk/sdk/2.0.0/src/rp2_common/pico_stdio_usb/stdio_usb_descriptors.c.obj
 .rodata.usbd_desc_device
                0x100079c0       0x12 CMakeFiles/Hall_Sensor_Adc.dir/C_/Users/yoshi/.pico-sdk/sdk/2.0.0/src/rp2_common/pico_stdio_usb/stdio_usb_descriptors.c.obj
 .rodata.pico_get_unique_board_id_string.str1.4
                0x100079d2       0x55 CMakeFiles/Hall_Sensor_Adc.dir/C_/Users/yoshi/.pico-sdk/sdk/2.0.0/src/rp2_common/pico_unique_id/unique_id.c.obj
 *fill*         0x100079d2        0x2 
 .rodata.__func__.0
                0x100079d4       0x20 CMakeFiles/Hall_Sensor_Adc.dir/C_/Users/yoshi/.pico-sdk/sdk/2.0.0/src/rp2_common/pico_unique_id/unique_id.c.obj
 .rodata.str1.4
                0x100079f4      0x199 CMakeFiles/Hall_Sensor_Adc.dir/C_/Users/yoshi/.pico-sdk/sdk/2.0.0/src/rp2_common/hardware_flash/flash.c.obj
 .rodata.__func__.0
                0x100079f4        0xd CMakeFiles/Hall_Sensor_Adc.dir/C_/Users/yoshi/.pico-sdk/sdk/2.0.0/src/rp2_common/hardware_flash/flash.c.obj
 .rodata._hw_endpoint_alloc.str1.4
                0x10007a01       0xbd CMakeFiles/Hall_Sensor_Adc.dir/C_/Users/yoshi/.pico-sdk/sdk/2.0.0/lib/tinyusb/src/portable/raspberrypi/rp2040/dcd_rp2040.c.obj
 .rodata.str1.4
                0x10007a01       0x14 CMakeFiles/Hall_Sensor_Adc.dir/C_/Users/yoshi/.pico-sdk/sdk/2.0.0/lib/tinyusb/src/portable/raspberrypi/rp2040/dcd_rp2040.c.obj
 .rodata.dcd_int_enable.str1.4
                0x10007a01        0xc CMakeFiles/Hall_Sensor_Adc.dir/C_/Users/yoshi/.pico-sdk/sdk/2.0.0/lib/tinyusb/src/portable/raspberrypi/rp2040/dcd_rp2040.c.obj
 *fill*         0x10007a01        0x3 
 .rodata.__func__.0
                0x10007a04        0xe CMakeFiles/Hall_Sensor_Adc.dir/C_/Users/yoshi/.pico-sdk/sdk/2.0.0/lib/tinyusb/src/portable/raspberrypi/rp2040/dcd_rp2040.c.obj
 *fill*         0x10007a12        0x2 
 .rodata.__func__.1
                0x10007a14        0xe CMakeFiles/Hall_Sensor_Adc.dir/C_/Users/yoshi/.pico-sdk/sdk/2.0.0/lib/tinyusb/src/portable/raspberrypi/rp2040/dcd_rp2040.c.obj
 *fill*         0x10007a22        0x2 
 .rodata.__func__.3
                0x10007a24       0x10 CMakeFiles/Hall_Sensor_Adc.dir/C_/Users/yoshi/.pico-sdk/sdk/2.0.0/lib/tinyusb/src/portable/raspberrypi/rp2040/dcd_rp2040.c.obj
 .rodata.__func__.5
                0x10007a34        0xf CMakeFiles/Hall_Sensor_Adc.dir/C_/Users/yoshi/.pico-sdk/sdk/2.0.0/lib/tinyusb/src/portable/raspberrypi/rp2040/dcd_rp2040.c.obj
 *fill*         0x10007a43        0x1 
 .rodata.__func__.6
                0x10007a44       0x13 CMakeFiles/Hall_Sensor_Adc.dir/C_/Users/yoshi/.pico-sdk/sdk/2.0.0/lib/tinyusb/src/portable/raspberrypi/rp2040/dcd_rp2040.c.obj
 *fill*         0x10007a57        0x1 
 .rodata.__func__.7
                0x10007a58        0x9 CMakeFiles/Hall_Sensor_Adc.dir/C_/Users/yoshi/.pico-sdk/sdk/2.0.0/lib/tinyusb/src/portable/raspberrypi/rp2040/dcd_rp2040.c.obj
 .rodata.str1.4
                0x10007a61       0xe4 CMakeFiles/Hall_Sensor_Adc.dir/C_/Users/yoshi/.pico-sdk/sdk/2.0.0/lib/tinyusb/src/portable/raspberrypi/rp2040/rp2040_usb.c.obj
 .rodata.hw_endpoint_xfer_start.str1.4
                0x10007a61       0x38 CMakeFiles/Hall_Sensor_Adc.dir/C_/Users/yoshi/.pico-sdk/sdk/2.0.0/lib/tinyusb/src/portable/raspberrypi/rp2040/rp2040_usb.c.obj
 *fill*         0x10007a61        0x3 
 .rodata.__func__.0
                0x10007a64        0xf CMakeFiles/Hall_Sensor_Adc.dir/C_/Users/yoshi/.pico-sdk/sdk/2.0.0/lib/tinyusb/src/portable/raspberrypi/rp2040/rp2040_usb.c.obj
 .rodata.configuration_reset.str1.4
                0x10007a73       0x17 CMakeFiles/Hall_Sensor_Adc.dir/C_/Users/yoshi/.pico-sdk/sdk/2.0.0/lib/tinyusb/src/device/usbd.c.obj
 *fill*         0x10007a73        0x1 
 .rodata.process_get_descriptor
                0x10007a74       0x40 CMakeFiles/Hall_Sensor_Adc.dir/C_/Users/yoshi/.pico-sdk/sdk/2.0.0/lib/tinyusb/src/device/usbd.c.obj
 .rodata        0x10007ab4       0x1c CMakeFiles/Hall_Sensor_Adc.dir/C_/Users/yoshi/.pico-sdk/sdk/2.0.0/lib/tinyusb/src/device/usbd.c.obj
 .rodata.process_control_request
                0x10007ad0       0x28 CMakeFiles/Hall_Sensor_Adc.dir/C_/Users/yoshi/.pico-sdk/sdk/2.0.0/lib/tinyusb/src/device/usbd.c.obj
 .rodata.tud_task_ext
                0x10007af8       0x24 CMakeFiles/Hall_Sensor_Adc.dir/C_/Users/yoshi/.pico-sdk/sdk/2.0.0/lib/tinyusb/src/device/usbd.c.obj
 .rodata.__func__.4
                0x10007b1c        0xf CMakeFiles/Hall_Sensor_Adc.dir/C_/Users/yoshi/.pico-sdk/sdk/2.0.0/lib/tinyusb/src/device/usbd.c.obj
 *fill*         0x10007b2b        0x1 
 .rodata.__func__.5
                0x10007b2c        0xf CMakeFiles/Hall_Sensor_Adc.dir/C_/Users/yoshi/.pico-sdk/sdk/2.0.0/lib/tinyusb/src/device/usbd.c.obj
 *fill*         0x10007b3b        0x1 
 .rodata.__func__.6
                0x10007b3c       0x14 CMakeFiles/Hall_Sensor_Adc.dir/C_/Users/yoshi/.pico-sdk/sdk/2.0.0/lib/tinyusb/src/device/usbd.c.obj
 .rodata.__func__.7
                0x10007b50        0xc CMakeFiles/Hall_Sensor_Adc.dir/C_/Users/yoshi/.pico-sdk/sdk/2.0.0/lib/tinyusb/src/device/usbd.c.obj
 .rodata.__func__.8
                0x10007b5c       0x17 CMakeFiles/Hall_Sensor_Adc.dir/C_/Users/yoshi/.pico-sdk/sdk/2.0.0/lib/tinyusb/src/device/usbd.c.obj
 *fill*         0x10007b73        0x1 
 .rodata.__func__.9
                0x10007b74       0x13 CMakeFiles/Hall_Sensor_Adc.dir/C_/Users/yoshi/.pico-sdk/sdk/2.0.0/lib/tinyusb/src/device/usbd.c.obj
 *fill*         0x10007b87        0x1 
 .rodata.__func__.10
                0x10007b88       0x18 CMakeFiles/Hall_Sensor_Adc.dir/C_/Users/yoshi/.pico-sdk/sdk/2.0.0/lib/tinyusb/src/device/usbd.c.obj
 .rodata.__func__.11
                0x10007ba0       0x14 CMakeFiles/Hall_Sensor_Adc.dir/C_/Users/yoshi/.pico-sdk/sdk/2.0.0/lib/tinyusb/src/device/usbd.c.obj
 .rodata.__func__.12
                0x10007bb4        0xd CMakeFiles/Hall_Sensor_Adc.dir/C_/Users/yoshi/.pico-sdk/sdk/2.0.0/lib/tinyusb/src/device/usbd.c.obj
 *fill*         0x10007bc1        0x3 
 .rodata.__func__.13
                0x10007bc4        0x9 CMakeFiles/Hall_Sensor_Adc.dir/C_/Users/yoshi/.pico-sdk/sdk/2.0.0/lib/tinyusb/src/device/usbd.c.obj
 *fill*         0x10007bcd        0x3 
 .rodata._usbd_driver
                0x10007bd0       0x40 CMakeFiles/Hall_Sensor_Adc.dir/C_/Users/yoshi/.pico-sdk/sdk/2.0.0/lib/tinyusb/src/device/usbd.c.obj
 .rodata.tud_control_xfer.str1.4
                0x10007c10       0x17 CMakeFiles/Hall_Sensor_Adc.dir/C_/Users/yoshi/.pico-sdk/sdk/2.0.0/lib/tinyusb/src/device/usbd_control.c.obj
 .rodata.__func__.0
                0x10007c10       0x15 CMakeFiles/Hall_Sensor_Adc.dir/C_/Users/yoshi/.pico-sdk/sdk/2.0.0/lib/tinyusb/src/device/usbd_control.c.obj
 *fill*         0x10007c25        0x3 
 .rodata.__func__.1
                0x10007c28       0x11 CMakeFiles/Hall_Sensor_Adc.dir/C_/Users/yoshi/.pico-sdk/sdk/2.0.0/lib/tinyusb/src/device/usbd_control.c.obj
 .rodata.tud_cdc_n_write_flush.str1.4
                0x10007c39       0x17 CMakeFiles/Hall_Sensor_Adc.dir/C_/Users/yoshi/.pico-sdk/sdk/2.0.0/lib/tinyusb/src/class/cdc/cdc_device.c.obj
 *fill*         0x10007c39        0x3 
 .rodata.__func__.0
                0x10007c3c        0xd CMakeFiles/Hall_Sensor_Adc.dir/C_/Users/yoshi/.pico-sdk/sdk/2.0.0/lib/tinyusb/src/class/cdc/cdc_device.c.obj
 *fill*         0x10007c49        0x3 
 .rodata.__func__.1
                0x10007c4c        0xa CMakeFiles/Hall_Sensor_Adc.dir/C_/Users/yoshi/.pico-sdk/sdk/2.0.0/lib/tinyusb/src/class/cdc/cdc_device.c.obj
 *fill*         0x10007c56        0x2 
 .rodata.__func__.3
                0x10007c58       0x16 CMakeFiles/Hall_Sensor_Adc.dir/C_/Users/yoshi/.pico-sdk/sdk/2.0.0/lib/tinyusb/src/class/cdc/cdc_device.c.obj
 .rodata.tud_vendor_n_write_flush.str1.4
                0x10007c6e       0x17 CMakeFiles/Hall_Sensor_Adc.dir/C_/Users/yoshi/.pico-sdk/sdk/2.0.0/lib/tinyusb/src/class/vendor/vendor_device.c.obj
 *fill*         0x10007c6e        0x2 
 .rodata.__func__.0
                0x10007c70        0xd CMakeFiles/Hall_Sensor_Adc.dir/C_/Users/yoshi/.pico-sdk/sdk/2.0.0/lib/tinyusb/src/class/vendor/vendor_device.c.obj
 *fill*         0x10007c7d        0x3 
 .rodata.__func__.2
                0x10007c80       0x19 CMakeFiles/Hall_Sensor_Adc.dir/C_/Users/yoshi/.pico-sdk/sdk/2.0.0/lib/tinyusb/src/class/vendor/vendor_device.c.obj
 .rodata.tusb_init.str1.4
                0x10007c99       0x17 CMakeFiles/Hall_Sensor_Adc.dir/C_/Users/yoshi/.pico-sdk/sdk/2.0.0/lib/tinyusb/src/tusb.c.obj
 *fill*         0x10007c99        0x3 
 .rodata.__func__.3
                0x10007c9c       0x11 CMakeFiles/Hall_Sensor_Adc.dir/C_/Users/yoshi/.pico-sdk/sdk/2.0.0/lib/tinyusb/src/tusb.c.obj
 *fill*         0x10007cad        0x3 
 .rodata.__func__.4
                0x10007cb0        0xa CMakeFiles/Hall_Sensor_Adc.dir/C_/Users/yoshi/.pico-sdk/sdk/2.0.0/lib/tinyusb/src/tusb.c.obj
                0x10007cbc                        . = ALIGN (0x4)
 *fill*         0x10007cba        0x2 
 *(SORT_BY_ALIGNMENT(SORT_BY_NAME(.flashdata*)))
                0x10007cbc                        . = ALIGN (0x4)

.ARM.extab
 *(.ARM.extab* .gnu.linkonce.armextab.*)
                0x10007cbc                        __exidx_start = .

.ARM.exidx
 *(.ARM.exidx* .gnu.linkonce.armexidx.*)
                0x10007cbc                        __exidx_end = .
                0x10007cbc                        . = ALIGN (0x4)
                0x10007cbc                        __binary_info_start = .

.binary_info    0x10007cbc       0x20
 *(.binary_info.keep.*)
 .binary_info.keep.__bi_ptr84
                0x10007cbc        0x4 CMakeFiles/Hall_Sensor_Adc.dir/C_/Users/yoshi/.pico-sdk/sdk/2.0.0/src/rp2_common/pico_standard_binary_info/standard_binary_info.c.obj
 .binary_info.keep.__bi_ptr60
                0x10007cc0        0x4 CMakeFiles/Hall_Sensor_Adc.dir/C_/Users/yoshi/.pico-sdk/sdk/2.0.0/src/rp2_common/pico_standard_binary_info/standard_binary_info.c.obj
 .binary_info.keep.__bi_ptr54
                0x10007cc4        0x4 CMakeFiles/Hall_Sensor_Adc.dir/C_/Users/yoshi/.pico-sdk/sdk/2.0.0/src/rp2_common/pico_standard_binary_info/standard_binary_info.c.obj
 .binary_info.keep.__bi_ptr48
                0x10007cc8        0x4 CMakeFiles/Hall_Sensor_Adc.dir/C_/Users/yoshi/.pico-sdk/sdk/2.0.0/src/rp2_common/pico_standard_binary_info/standard_binary_info.c.obj
 .binary_info.keep.__bi_ptr42
                0x10007ccc        0x4 CMakeFiles/Hall_Sensor_Adc.dir/C_/Users/yoshi/.pico-sdk/sdk/2.0.0/src/rp2_common/pico_standard_binary_info/standard_binary_info.c.obj
 .binary_info.keep.__bi_ptr34